******************************************************************************
                  TI ARM Linker PC v16.9.7                     
******************************************************************************
>> Linked Wed Jun 06 00:25:53 2018

OUTPUT FILE NAME:   <i2ctmp006_DK_TM4C129X_TImine.out>
ENTRY POINT SYMBOL: "_c_int00"  address: 0000af0d


MEMORY CONFIGURATION

         name            origin    length      used     unused   attr    fill
----------------------  --------  ---------  --------  --------  ----  --------
  FLASH                 00000000   00100000  00013cc2  000ec33e  R  X
  SRAM                  20000000   00040000  00003a7c  0003c584  RW X


SEGMENT ALLOCATION MAP

run origin  load origin   length   init length attrs members
----------  ----------- ---------- ----------- ----- -------
00000000    00000000    00013cd0   00013cd0    r-x
  00000000    00000000    0000003c   0000003c    r-- .resetVecs
  00000040    00000040    0000d8c2   0000d8c2    r-x .text
  0000d908    0000d908    00006034   00006034    r-- .const
  00013940    00013940    00000390   00000390    r-- .cinit
20000000    20000000    00003a7c   00000000    rw-
  20000000    20000000    00000360   00000000    rw- .vecs
  20000360    20000360    00002148   00000000    rw- .bss
  200024a8    200024a8    00000dd4   00000000    rw- .data
  2000327c    2000327c    00000800   00000000    rw- .stack


SECTION ALLOCATION MAP

 output                                  attributes/
section   page    origin      length       input sections
--------  ----  ----------  ----------   ----------------
.text      0    00000040    0000d8c2     
                  00000040    0000113e     rtsv7M4_T_le_v4SPD16_eabi.lib : _printfi.obj (.text)
                  0000117e    00000002                                   : i_div0.obj (.text)
                  00001180    000009ac                                   : e_pow.obj (.text)
                  00001b2c    0000056c     pinout.obj (.text:PinoutSet)
                  00002098    00000430     sysbios.aem4f : BIOS.obj (.text:ti_sysbios_family_arm_m3_Hwi_excDumpRegs__I)
                  000024c8    000003d8     temperature.obj (.text:getObjTemp)
                  000028a0    00000370     grlib.lib : image.obj (.text:InternalImageDraw)
                  00002c10    0000034c     ti.targets.arm.rtsarm.aem4f : System.oem4f (.text:xdc_runtime_System_doPrint__I)
                  00002f5c    00000340     temperature.obj (.text:conversion)
                  0000329c    000002e4     grlib.lib : image.obj (.text:PixelTransparentDraw)
                  00003580    000002dc     kentec320x240x16_ssd2119.obj (.text:Kentec320x240x16_SSD2119Init)
                  0000385c    000002c4     user_interface.obj (.text:DrawHomeScreen)
                  00003b20    000002a0     rtsv7M4_T_le_v4SPD16_eabi.lib : mktime.obj (.text)
                  00003dc0    00000278     frame.obj (.text:FrameDraw)
                  00004038    00000270     user_interface.obj (.text:updateSettingOptions)
                  000042a8    00000256     grlib.lib : string.obj (.text:GrFontGlyphRender)
                  000044fe    0000021e     rtsv7M4_T_le_v4SPD16_eabi.lib : ll_div_t2.obj (.text)
                  0000471c    00000204     driverlib.lib : sysctl.obj (.text:SysCtlClockFreqSet)
                  00004920    00000204     Boot.aem4f : Boot_sysctl.oem4f (.text:ti_catalog_arm_cortexm4_tiva_ce_Boot_sysCtlClockFreqSetI__I)
                  00004b24    00000004     driverlib.lib : i2c.obj (.text:I2CMasterControl)
                  00004b28    000001fc     sysbios.aem4f : BIOS.obj (.text:ti_sysbios_family_arm_m3_Hwi_excHandlerMax__I)
                  00004d24    000001f4     rtsv7M4_T_le_v4SPD16_eabi.lib : ull_div_t2.obj (.text)
                  00004f18    000001e8     i2ctmp006_pem4f.oem4f (.text:xdc_runtime_System_printfExtend__I)
                  00005100    000001b6     rtsv7M4_T_le_v4SPD16_eabi.lib : fd_add_t2.obj (.text)
                  000052b6    00000002                                   : l_div0.obj (.text)
                  000052b8    000001b0     user_interface.obj (.text:DrawSetting2Screen)
                  00005468    000001a8     user_interface.obj (.text:updateMainMenuOptions)
                  00005610    000001a4     kentec320x240x16_ssd2119.obj (.text:Kentec320x240x16_SSD2119PixelDrawMultiple)
                  000057b4    00000194     grlib.lib : canvas.obj (.text:CanvasPaint)
                  00005948    00000176               : pushbutton.obj (.text:RectangularButtonPaint)
                  00005abe    00000002     i2ctmp006_pem4f.oem4f (.text:ti_sysbios_BIOS_nullFunc__I)
                  00005ac0    00000174     user_interface.obj (.text:UserInterfaceInit)
                  00005c34    00000004     driverlib.lib : i2c.obj (.text:I2CMasterDataGet)
                  00005c38    00000174     sysbios.aem4f : BIOS.obj (.text:ti_sysbios_family_arm_m3_Hwi_excBusFault__I)
                  00005dac    00000170     i2ctmp006.obj (.text:main)
                  00005f1c    00000170     rtsv7M4_T_le_v4SPD16_eabi.lib : e_sqrt.obj (.text)
                  0000608c    00000004     driverlib.lib : i2c.obj (.text:I2CMasterDataPut)
                  00006090    00000164     sysbios.aem4f : BIOS.obj (.text:ti_sysbios_family_arm_m3_Hwi_excUsageFault__I)
                  000061f4    00000158     user_interface.obj (.text:DrawSetting1Screen)
                  0000634c    00000004     driverlib.lib : lcd.obj (.text:LCDDMAConfigSet)
                  00006350    00000154     sysbios.aem4f : BIOS.obj (.text:ti_sysbios_knl_Semaphore_pend__E)
                  000064a4    00000150     user_interface.obj (.text:DrawSetting3Screen)
                  000065f4    00000150     drivers_tivaware.aem4f : GPIOTiva.oem4f (.text:GPIO_setConfig)
                  00006744    00000004     driverlib.lib : lcd.obj (.text:LCDIDDConfigSet)
                  00006748    00000148     sysbios.aem4f : BIOS.obj (.text:ti_sysbios_family_arm_m3_Hwi_excMemFault__I)
                  00006890    00000138     rtsv7M4_T_le_v4SPD16_eabi.lib : localtim.obj (.text)
                  000069c8    00000136                                   : fd_div_t2.obj (.text)
                  00006afe    00000130     driverlib.lib : gpio.obj (.text:GPIOPadConfigSet)
                  00006c2e    00000002     i2ctmp006_pem4f.oem4f (.text:xdc_runtime_Startup_reset__I)
                  00006c30    00000120     motor.obj (.text:setPWMSignalDutyCycle)
                  00006d50    00000118     ti.targets.arm.rtsarm.aem4f : Error.oem4f (.text:xdc_runtime_Error_policyDefault__E)
                  00006e68    0000010c     buttons.obj (.text:ButtonsInit)
                  00006f74    0000010c     buttons.obj (.text:ButtonsPoll)
                  00007080    0000010c     user_interface.obj (.text:ChangeMotorState)
                  0000718c    00000004     driverlib.lib : timer.obj (.text:TimerSynchronize)
                  00007190    00000108     sysbios.aem4f : BIOS.obj (.text:ti_sysbios_family_arm_lm4_Timer_start__E)
                  00007298    00000100     ti.targets.arm.rtsarm.aem4f : Core-mem.oem4f (.text:xdc_runtime_Core_createObject__I)
                  00007398    000000fc     rtsv7M4_T_le_v4SPD16_eabi.lib : fd_mul_t2.obj (.text)
                  00007494    000000fc                                   : s_scalbn.obj (.text)
                  00007590    000000f8                                   : s_floor.obj (.text)
                  00007688    000000f8     ti.targets.arm.rtsarm.aem4f : Startup.oem4f (.text:xdc_runtime_Startup_startMods__I)
                  00007780    000000f4     sysbios.aem4f : m3_Hwi_asm.obj (.text:ti_sysbios_family_arm_m3_Hwi_dispatch__I)
                  00007874    000000f2     grlib.lib : pushbutton.obj (.text:RectangularButtonClick)
                  00007966    00000002     --HOLE-- [fill = 0]
                  00007968    000000e8               : widget.obj (.text:WidgetMessageQueueAdd)
                  00007a50    000000e0     user_interface.obj (.text:DrawMainMenuScreen)
                  00007b30    000000e0     drivers_tivaware.aem4f : I2CTiva.oem4f (.text:I2CTiva_open)
                  00007c10    000000de     kentec320x240x16_ssd2119.obj (.text:Kentec320x240x16_SSD2119RectFill)
                  00007cee    000000d6     drivers_tivaware.aem4f : I2CTiva.oem4f (.text:I2CTiva_hwiFxn)
                  00007dc4    00000004     grlib.lib : widget.obj (.text:WidgetDefaultMsgProc)
                  00007dc8    000000d4     sysbios.aem4f : BIOS.obj (.text:ti_sysbios_heaps_HeapMem_alloc__E)
                  00007e9c    000000cc     DK_TM4C129X.obj (.text:DK_TM4C129X_initI2C)
                  00007f68    000000cc     sysbios.aem4f : BIOS.obj (.text:ti_sysbios_knl_Task_Instance_init__E)
                  00008034    000000cc     ti.targets.arm.rtsarm.aem4f : Core-smem.oem4f (.text:xdc_runtime_Core_constructObject__I)
                  00008100    000000c8     i2ctmp006.obj (.text:clk0Fxn)
                  000081c8    000000c8     temperature.obj (.text:i2c_setup)
                  00008290    000000c4     grlib.lib : string.obj (.text:GrDefaultStringRenderer)
                  00008354    000000c0     rtsv7M4_T_le_v4SPD16_eabi.lib : s_round.obj (.text)
                  00008414    000000bc     temperature.obj (.text:EEPROM_Read32)
                  000084d0    000000bc     sysbios.aem4f : BIOS.obj (.text:ti_sysbios_family_arm_m3_Hwi_excDebugMon__I)
                  0000858c    00000004     i2ctmp006_pem4f.oem4f (.text:ti_sysbios_BIOS_RtsGateProxy_enter__E)
                  00008590    000000bc     sysbios.aem4f : BIOS.obj (.text:ti_sysbios_family_arm_m3_Hwi_excHardFault__I)
                  0000864c    00000004     i2ctmp006_pem4f.oem4f (.text:ti_sysbios_BIOS_RtsGateProxy_leave__E)
                  00008650    000000bc     sysbios.aem4f : BIOS.obj (.text:ti_sysbios_knl_Task_Instance_finalize__E)
                  0000870c    000000b8     DK_TM4C129X.obj (.text:DK_TM4C129X_initGeneral)
                  000087c4    000000b4     current.obj (.text:SetCurrentAverage)
                  00008878    000000b4     grlib.lib : widget.obj (.text:WidgetMessageSendPostOrder)
                  0000892c    00000004     sysbios.aem4f : BIOS.obj (.text:ti_sysbios_family_arm_lm4_Timer_masterEnable__I)
                  00008930    000000b4                   : BIOS.obj (.text:ti_sysbios_knl_Task_checkStacks__E)
                  000089e4    000000b0     user_interface.obj (.text:UserInterfaceDraw)
                  00008a94    000000ac     motor.obj (.text:initPWMSignal)
                  00008b40    000000ac     sysbios.aem4f : BIOS.obj (.text:ti_sysbios_family_arm_lm4_Timer_enableTiva__I)
                  00008bec    000000a4     i2ctmp006.obj (.text:hallInterruptFxn)
                  00008c90    000000a4     rtsv7M4_T_le_v4SPD16_eabi.lib : asctime.obj (.text)
                  00008d34    000000a0     auto_init.aem4f : auto_init.oem4f (.text)
                  00008dd4    00000004     i2ctmp006_pem4f.oem4f (.text:ti_sysbios_family_arm_m3_Hwi_destruct)
                  00008dd8    000000a0     sysbios.aem4f : BIOS.obj (.text:ti_sysbios_hal_SecondsClock_Module_startup__E)
                  00008e78    000000a0     ti.targets.arm.rtsarm.aem4f : Text.oem4f (.text:xdc_runtime_Text_putMod__E)
                  00008f18    0000009c     rtsv7M4_T_le_v4SPD16_eabi.lib : memcpy_t2.obj (.text)
                  00008fb4    0000009a     ti.targets.arm.rtsarm.aem4f : Text.oem4f (.text:xdc_runtime_Text_putSite__E)
                  0000904e    00000002     --HOLE-- [fill = 0]
                  00009050    00000098     Boot.aem4f : Boot.oem4f (.text:ti_catalog_arm_cortexm4_tiva_ce_Boot_sysCtlClockFreqSet__E)
                  000090e8    00000098     user_interface.obj (.text:updateHomeMenuOptions)
                  00009180    00000094     temperature.obj (.text:all32)
                  00009214    00000004     i2ctmp006_pem4f.oem4f (.text:ti_sysbios_family_arm_m3_TaskSupport_Module__startupDone__S)
                  00009218    00000094     sysbios.aem4f : BIOS.obj (.text:ti_sysbios_family_arm_m3_Hwi_Instance_init__E)
                  000092ac    00000004     i2ctmp006_pem4f.oem4f (.text:ti_sysbios_hal_Hwi_HwiProxy_delete)
                  000092b0    00000094     sysbios.aem4f : BIOS.obj (.text:ti_sysbios_family_arm_m3_Hwi_initNVIC__E)
                  00009344    00000004     i2ctmp006_pem4f.oem4f (.text:ti_sysbios_heaps_HeapMem_Module_GateProxy_enter__E)
                  00009348    00000094     sysbios.aem4f : BIOS.obj (.text:ti_sysbios_knl_Task_postInit__I)
                  000093dc    00000090     motor.obj (.text:configureHallSensor)
                  0000946c    0000008e     motordriver_sensorboard.obj (.text:MotorStateChange)
                  000094fa    00000002     --HOLE-- [fill = 0]
                  000094fc    0000008c     drivers_tivaware.aem4f : GPIOTiva.oem4f (.text:GPIO_init)
                  00009588    0000008c     sysbios.aem4f : m3_TaskSupport_asm.obj (.text:ti_sysbios_family_arm_m3_TaskSupport_buildTaskStack)
                  00009614    00000088     temperature.obj (.text:EEPROM_Read16)
                  0000969c    00000086     grlib.lib : rectangle.obj (.text:GrRectFill)
                  00009722    00000086     rtsv7M4_T_le_v4SPD16_eabi.lib : fd_cmp_t2.obj (.text:__aeabi_cdcmple)
                  000097a8    00000086                                   : fd_cmp_t2.obj (.text:__aeabi_cdrcmple)
                  0000982e    00000002     --HOLE-- [fill = 0]
                  00009830    00000084     motordriver_sensorboard.obj (.text:MotorRotate)
                  000098b4    00000004     i2ctmp006_pem4f.oem4f (.text:ti_sysbios_heaps_HeapMem_Module_GateProxy_leave__E)
                  000098b8    00000084     sysbios.aem4f : BIOS.obj (.text:ti_sysbios_family_arm_m3_Hwi_postInit__I)
                  0000993c    0000007e     drivers_tivaware.aem4f : I2CTiva.oem4f (.text:I2CTiva_transfer)
                  000099ba    00000002     --HOLE-- [fill = 0]
                  000099bc    0000007c     user_interface.obj (.text:DrawGraph1Screen)
                  00009a38    0000007c     motor.obj (.text:determineHallStateIndex)
                  00009ab4    00000004     i2ctmp006_pem4f.oem4f (.text:ti_sysbios_knl_Clock_TimerProxy_getFreq__E)
                  00009ab8    0000007c     sysbios.aem4f : BIOS.obj (.text:ti_sysbios_heaps_HeapMem_free__E)
                  00009b34    0000007a     driverlib.lib : adc.obj (.text:ADCSequenceStepConfigure)
                  00009bae    0000007a     rtsv7M4_T_le_v4SPD16_eabi.lib : memset_t2.obj (.text)
                  00009c28    00000078     current.obj (.text:CurrentInit)
                  00009ca0    00000078     user_interface.obj (.text:DrawGraph3Screen)
                  00009d18    00000078     motor.obj (.text:configurePWMSignal)
                  00009d90    00000078     temperature.obj (.text:writeRegister16)
                  00009e08    00000074     user_interface.obj (.text:DrawGraph2Screen)
                  00009e7c    00000074     motor.obj (.text:adjustDutyCycle)
                  00009ef0    00000070     sysbios.aem4f : BIOS.obj (.text:ti_sysbios_knl_Clock_workFunc__E)
                  00009f60    00000070                   : BIOS.obj (.text:ti_sysbios_knl_Task_exit__E)
                  00009fd0    0000006e     rtsv7M4_T_le_v4SPD16_eabi.lib : fd_tos_t2.obj (.text)
                  0000a03e    00000002     --HOLE-- [fill = 0]
                  0000a040    0000006d     ti.targets.arm.rtsarm.aem4f : System.oem4f (.text:xdc_runtime_System_formatNum__I)
                  0000a0ad    00000003     --HOLE-- [fill = 0]
                  0000a0b0    0000006c     i2ctmp006_pem4f.oem4f (.text:ti_sysbios_family_arm_m3_Hwi_Object__create__S)
                  0000a11c    00000004     i2ctmp006_pem4f.oem4f (.text:ti_sysbios_knl_Clock_TimerProxy_getMaxTicks__E)
                  0000a120    0000006c     sysbios.aem4f : BIOS.obj (.text:ti_sysbios_knl_Swi_restoreHwi__E)
                  0000a18c    0000006c     ti.targets.arm.rtsarm.aem4f : Error.oem4f (.text:xdc_runtime_Error_print__E)
                  0000a1f8    0000006c                                 : Memory.oem4f (.text:xdc_runtime_Memory_alloc__E)
                  0000a264    0000006a     grlib.lib : string.obj (.text:GrStringWidthGet)
                  0000a2ce    00000002     --HOLE-- [fill = 0]
                  0000a2d0    00000068               : context.obj (.text:GrContextInit)
                  0000a338    00000068     rtsv7M4_T_le_v4SPD16_eabi.lib : copy_decompress_lzss.obj (.text:decompress:lzss)
                  0000a3a0    00000068     user_interface.obj (.text:litLED)
                  0000a408    00000068     rtsv7M4_T_le_v4SPD16_eabi.lib : trgmsg.obj (.text)
                  0000a470    00000066     grlib.lib : rectangle.obj (.text:GrRectDraw)
                  0000a4d6    00000066     ti.targets.arm.rtsarm.aem4f : Core-mem.oem4f (.text:xdc_runtime_Core_deleteObject__I)
                  0000a53c    00000064     drivers_tivaware.aem4f : GPIOTiva.oem4f (.text:GPIO_hwiIntFxn)
                  0000a5a0    00000064     temperature.obj (.text:SetTemperatureAverage)
                  0000a604    00000064     grlib.lib : widget.obj (.text:WidgetMessageQueueProcess)
                  0000a668    00000064     rtsv7M4_T_le_v4SPD16_eabi.lib : s_frexp.obj (.text)
                  0000a6cc    00000004     i2ctmp006_pem4f.oem4f (.text:ti_sysbios_knl_Clock_TimerProxy_getPeriod__E)
                  0000a6d0    00000064     sysbios.aem4f : BIOS.obj (.text:ti_sysbios_family_arm_lm4_Timer_Module_startup__E)
                  0000a734    00000064     i2ctmp006_pem4f.oem4f (.text:ti_sysbios_family_arm_m3_Hwi_create)
                  0000a798    00000064     sysbios.aem4f : BIOS.obj (.text:ti_sysbios_family_arm_m3_Hwi_dispatchC__I)
                  0000a7fc    00000064     i2ctmp006_pem4f.oem4f (.text:ti_sysbios_hal_Hwi_create)
                  0000a860    00000064     sysbios.aem4f : BIOS.obj (.text:ti_sysbios_knl_Semaphore_post__E)
                  0000a8c4    00000062     grlib.lib : context.obj (.text:GrContextClipRegionSet)
                  0000a926    00000062     drivers_tivaware.aem4f : I2CTiva.oem4f (.text:I2CTiva_primeTransfer)
                  0000a988    00000060     driverlib.lib : timer.obj (.text:TimerConfigure)
                  0000a9e8    00000060     rtsv7M4_T_le_v4SPD16_eabi.lib : sprintf.obj (.text)
                  0000aa48    00000060     sysbios.aem4f : BIOS.obj (.text:ti_sysbios_knl_Task_schedule__I)
                  0000aaa8    0000005e     kentec320x240x16_ssd2119.obj (.text:Kentec320x240x16_SSD2119LineDrawH)
                  0000ab06    0000005e     kentec320x240x16_ssd2119.obj (.text:Kentec320x240x16_SSD2119LineDrawV)
                  0000ab64    0000005c     interface_button.obj (.text:OnButtonPress)
                  0000abc0    0000005c     grlib.lib : widget.obj (.text:WidgetMessageSendPreOrder)
                  0000ac1c    00000004     i2ctmp006_pem4f.oem4f (.text:ti_sysbios_knl_Queue_destruct)
                  0000ac20    0000005c     sysbios.aem4f : BIOS.obj (.text:ti_sysbios_knl_Clock_Instance_init__E)
                  0000ac7c    00000004     i2ctmp006_pem4f.oem4f (.text:ti_sysbios_knl_Semaphore_destruct)
                  0000ac80    0000005c     sysbios.aem4f : BIOS.obj (.text:ti_sysbios_knl_Swi_run__I)
                  0000acdc    00000004     ti.targets.arm.rtsarm.aem4f : Error.oem4f (.text:xdc_runtime_Error_getSite__E)
                  0000ace0    0000005c     sysbios.aem4f : BIOS.obj (.text:ti_sysbios_knl_Swi_schedule__I)
                  0000ad3c    00000004     i2ctmp006_pem4f.oem4f (.text:xdc_runtime_System_Module_GateProxy_enter__E)
                  0000ad40    0000005c     sysbios.aem4f : BIOS.obj (.text:ti_sysbios_knl_Task_Module_startup__E)
                  0000ad9c    0000005c     i2ctmp006_pem4f.oem4f (.text:ti_sysbios_knl_Task_create)
                  0000adf8    0000005c     sysbios.aem4f : BIOS.obj (.text:ti_sysbios_knl_Task_startCore__E)
                  0000ae54    0000005b     ti.targets.arm.rtsarm.aem4f : Text.oem4f (.text:xdc_runtime_Text_putLab__E)
                  0000aeaf    00000001     --HOLE-- [fill = 0]
                  0000aeb0    0000005a     grlib.lib : string.obj (.text:FontWideGlyphDataGet)
                  0000af0a    00000002     --HOLE-- [fill = 0]
                  0000af0c    00000058     boot.aem4f : boot.oem4f (.text)
                  0000af64    00000058     rtsv7M4_T_le_v4SPD16_eabi.lib : hostwrite.obj (.text)
                  0000afbc    00000058     i2ctmp006_pem4f.oem4f (.text:ti_sysbios_family_arm_m3_Hwi_construct)
                  0000b014    00000058     sysbios.aem4f : m3_Hwi_asm_switch.obj (.text:ti_sysbios_family_arm_m3_Hwi_initStacks__E)
                  0000b06c    00000056     driverlib.lib : gpio.obj (.text:GPIOIntTypeSet)
                  0000b0c2    00000002     --HOLE-- [fill = 0]
                  0000b0c4    00000054     motor.obj (.text:readHallSensorState)
                  0000b118    00000054     rtsv7M4_T_le_v4SPD16_eabi.lib : exit.obj (.text)
                  0000b16c    00000054                                   : ltoa.obj (.text)
                  0000b1c0    00000054     sysbios.aem4f : BIOS.obj (.text:ti_sysbios_family_arm_lm4_Timer_initDevice__I)
                  0000b214    00000054     ti.targets.arm.rtsarm.aem4f : Assert.oem4f (.text:xdc_runtime_Assert_raise__I)
                  0000b268    00000050     drivers_tivaware.aem4f : GPIOTiva.oem4f (.text:GPIO_setCallback)
                  0000b2b8    00000050                            : GPIOTiva.oem4f (.text:GPIO_write)
                  0000b308    00000050     Boot.aem4f : Boot_sysctl.oem4f (.text:_SysCtlFrequencyGet)
                  0000b358    00000050     rtsv7M4_T_le_v4SPD16_eabi.lib : _tvaltostr.obj (.text)
                  0000b3a8    00000050     sysbios.aem4f : BIOS.obj (.text:ti_sysbios_family_arm_m3_Hwi_Module_startup__E)
                  0000b3f8    00000050     ti.targets.arm.rtsarm.aem4f : Startup.oem4f (.text:xdc_runtime_Startup_exec__E)
                  0000b448    00000050                                 : Text.oem4f (.text:xdc_runtime_Text_visitRope2__I)
                  0000b498    0000004c     motor.obj (.text:initInterfaceSpeed)
                  0000b4e4    0000004c     rtsv7M4_T_le_v4SPD16_eabi.lib : atoi.obj (.text)
                  0000b530    0000004c                                   : cpy_tbl.obj (.text)
                  0000b57c    00000004     i2ctmp006_pem4f.oem4f (.text:xdc_runtime_System_Module_GateProxy_leave__E)
                  0000b580    0000004c     sysbios.aem4f : BIOS.obj (.text:ti_sysbios_heaps_HeapMem_getStats__E)
                  0000b5cc    00000004     ti.targets.arm.rtsarm.aem4f : System.oem4f (.text:xdc_runtime_System_aprintf_va__F)
                  0000b5d0    0000004c     sysbios.aem4f : BIOS.obj (.text:ti_sysbios_knl_Swi_runLoop__I)
                  0000b61c    00000004     ti.targets.arm.rtsarm.aem4f : System.oem4f (.text:xdc_runtime_System_printf_va__F)
                  0000b620    0000004c     sysbios.aem4f : BIOS.obj (.text:ti_sysbios_knl_Task_allBlockedFunction__I)
                  0000b66c    0000004a     motordriver_sensorboard.obj (.text:SetSpeedAverage)
                  0000b6b6    0000004a     grlib.lib : string.obj (.text:UpdateContextCharMapping)
                  0000b700    00000048     driverlib.lib : gpio.obj (.text:GPIOPinConfigure)
                  0000b748    00000048                   : i2c.obj (.text:I2CMasterInitExpClk)
                  0000b790    00000048                   : sysctl.obj (.text:_SysCtlFrequencyGet)
                  0000b7d8    00000048     rtsv7M4_T_le_v4SPD16_eabi.lib : fd_toi_t2.obj (.text)
                  0000b820    00000048     i2ctmp006.obj (.text:setSystemTime)
                  0000b868    00000048     sysbios.aem4f : BIOS.obj (.text:ti_sysbios_family_arm_lm4_Timer_enableTimers__I)
                  0000b8b0    00000048                   : BIOS.obj (.text:ti_sysbios_family_arm_m3_Hwi_disableInterrupt__E)
                  0000b8f8    00000048                   : BIOS.obj (.text:ti_sysbios_family_arm_m3_Hwi_enableInterrupt__E)
                  0000b940    00000048                   : BIOS.obj (.text:ti_sysbios_family_arm_m3_Hwi_excReserved__I)
                  0000b988    00000048                   : BIOS.obj (.text:ti_sysbios_hal_SecondsClock_increment__I)
                  0000b9d0    00000046     grlib.lib : line.obj (.text:GrLineDrawH)
                  0000ba16    00000046               : line.obj (.text:GrLineDrawV)
                  0000ba5c    00000046     ti.targets.arm.rtsarm.aem4f : Core-params.oem4f (.text:xdc_runtime_Core_assignParams__I)
                  0000baa2    00000002     --HOLE-- [fill = 0]
                  0000baa4    00000044     temperature.obj (.text:all16)
                  0000bae8    00000044     rtsv7M4_T_le_v4SPD16_eabi.lib : fd_tou_t2.obj (.text)
                  0000bb2c    00000004     --HOLE-- [fill = 0]
                  0000bb30    00000044     sysbios.aem4f : BIOS.obj (.text:ti_sysbios_family_arm_lm4_Timer_isrStub__E)
                  0000bb74    00000004     --HOLE-- [fill = 0]
                  0000bb78    00000044                   : BIOS.obj (.text:ti_sysbios_family_arm_m3_Hwi_getStackInfo__E)
                  0000bbbc    00000004     --HOLE-- [fill = 0]
                  0000bbc0    00000044                   : BIOS.obj (.text:ti_sysbios_knl_Swi_post__E)
                  0000bc04    00000044     ti.targets.arm.rtsarm.aem4f : Error.oem4f (.text:xdc_runtime_Error_setX__E)
                  0000bc48    00000044                                 : SysMin.oem4f (.text:xdc_runtime_SysMin_flush__E)
                  0000bc8c    00000044                                 : Text.oem4f (.text:xdc_runtime_Text_xprintf__I)
                  0000bcd0    00000040     motordriver_sensorboard.obj (.text:MotorInit)
                  0000bd10    00000040     rtsv7M4_T_le_v4SPD16_eabi.lib : u_divt2.obj (.text)
                  0000bd50    00000040     sysbios.aem4f : BIOS.obj (.text:ti_sysbios_family_arm_lm4_Timer_startup__E)
                  0000bd90    00000040                   : BIOS.obj (.text:ti_sysbios_heaps_HeapMem_Instance_init__E)
                  0000bdd0    0000003e     driverlib.lib : adc.obj (.text:ADCSequenceConfigure)
                  0000be0e    0000003c     kentec320x240x16_ssd2119.obj (.text:Kentec320x240x16_SSD2119PixelDraw)
                  0000be4a    0000003c     motordriver_sensorboard.obj (.text:MotorAdjustSpeed)
                  0000be86    00000002     --HOLE-- [fill = 0]
                  0000be88    0000003c     sysbios.aem4f : BIOS.obj (.text:ti_sysbios_family_arm_m3_Hwi_excSvCall__I)
                  0000bec4    00000004     --HOLE-- [fill = 0]
                  0000bec8    0000003c                   : BIOS.obj (.text:ti_sysbios_heaps_HeapMem_init__I)
                  0000bf04    00000004     --HOLE-- [fill = 0]
                  0000bf08    0000003c                   : BIOS.obj (.text:ti_sysbios_knl_Swi_restore__E)
                  0000bf44    0000003c     i2ctmp006.obj (.text:userInterfaceFxn)
                  0000bf80    0000003a     grlib.lib : string.obj (.text:FontGlyphDataGet)
                  0000bfba    0000003a     drivers_tivaware.aem4f : I2CTiva.oem4f (.text:I2CTiva_completeTransfer)
                  0000bff4    0000003a     driverlib.lib : lcd.obj (.text:LCDIDDTimingSet)
                  0000c02e    00000002     --HOLE-- [fill = 0]
                  0000c030    00000038     drivers_tivaware.aem4f : I2C.oem4f (.text:I2C_init)
                  0000c068    00000038     rtsv7M4_T_le_v4SPD16_eabi.lib : fs_tod_t2.obj (.text)
                  0000c0a0    00000038     sysbios.aem4f : BIOS.obj (.text:ti_sysbios_family_arm_m3_Hwi_excNoIsr__I)
                  0000c0d8    00000038                   : BIOS.obj (.text:ti_sysbios_knl_Task_processVitalTaskFlag__I)
                  0000c110    00000038     ti.targets.arm.rtsarm.aem4f : SysMin.oem4f (.text:xdc_runtime_SysMin_putch__E)
                  0000c148    00000038                                 : System.oem4f (.text:xdc_runtime_System_atexit__E)
                  0000c180    00000036     drivers_tivaware.aem4f : I2CTiva.oem4f (.text:I2CTiva_close)
                  0000c1b6    00000002     --HOLE-- [fill = 0]
                  0000c1b8    00000034     driverlib.lib : sysctl.obj (.text:SysCtlPeripheralEnable)
                  0000c1ec    00000004     --HOLE-- [fill = 0]
                  0000c1f0    00000034     sysbios.aem4f : BIOS.obj (.text:ti_sysbios_family_arm_m3_Hwi_Instance_finalize__E)
                  0000c224    00000004     --HOLE-- [fill = 0]
                  0000c228    00000034                   : BIOS.obj (.text:ti_sysbios_family_arm_m3_Hwi_excNmi__I)
                  0000c25c    00000004     --HOLE-- [fill = 0]
                  0000c260    00000034                   : BIOS.obj (.text:ti_sysbios_hal_Hwi_checkStack)
                  0000c294    00000034     i2ctmp006_pem4f.oem4f (.text:ti_sysbios_knl_Clock_construct)
                  0000c2c8    00000034     ti.targets.arm.rtsarm.aem4f : Core-label.oem4f (.text:xdc_runtime_Core_assignLabel__I)
                  0000c2fc    00000033                                 : Text.oem4f (.text:xdc_runtime_Text_printVisFxn__I)
                  0000c32f    00000001     --HOLE-- [fill = 0]
                  0000c330    00000032     sysbios.aem4f : BIOS.obj (.text:ti_sysbios_hal_Hwi_initStack)
                  0000c362    00000002     --HOLE-- [fill = 0]
                  0000c364    00000030     drivers_tivaware.aem4f : I2C.oem4f (.text:I2C_open)
                  0000c394    00000030     motor.obj (.text:configureFault_OTW)
                  0000c3c4    00000030     i2ctmp006_pem4f.oem4f (.text:ti_sysbios_BIOS_atExitFunc__I)
                  0000c3f4    00000004     --HOLE-- [fill = 0]
                  0000c3f8    00000030     sysbios.aem4f : BIOS.obj (.text:ti_sysbios_family_arm_lm4_Timer_stop__E)
                  0000c428    00000030                   : BIOS.obj (.text:ti_sysbios_family_arm_m3_TaskSupport_start__E)
                  0000c458    00000030     i2ctmp006_pem4f.oem4f (.text:ti_sysbios_gates_GateHwi_Object__create__S)
                  0000c488    00000030     i2ctmp006_pem4f.oem4f (.text:ti_sysbios_gates_GateMutex_Object__create__S)
                  0000c4b8    00000030     sysbios.aem4f : BIOS.obj (.text:ti_sysbios_gates_GateMutex_enter__E)
                  0000c4e8    00000030     i2ctmp006_pem4f.oem4f (.text:ti_sysbios_heaps_HeapMem_Object__create__S)
                  0000c518    00000030     i2ctmp006_pem4f.oem4f (.text:ti_sysbios_knl_Semaphore_construct)
                  0000c548    00000030     sysbios.aem4f : BIOS.obj (.text:ti_sysbios_knl_Semaphore_pendTimeout__I)
                  0000c578    00000030                   : BIOS.obj (.text:ti_sysbios_knl_Task_unblockI__E)
                  0000c5a8    00000030     ti.targets.arm.rtsarm.aem4f : SysMin.oem4f (.text:xdc_runtime_SysMin_abort__E)
                  0000c5d8    00000030                                 : System.oem4f (.text:xdc_runtime_System_processAtExit__E)
                  0000c608    0000002e     grlib.lib : string.obj (.text:GrStringNextCharGet)
                  0000c636    0000002e     rtsv7M4_T_le_v4SPD16_eabi.lib : i_tofd_t2.obj (.text)
                  0000c664    0000002c     grlib.lib : string.obj (.text:GrFontBaselineGet)
                  0000c690    0000002c               : string.obj (.text:GrFontHeightGet)
                  0000c6bc    0000002c     kentec320x240x16_ssd2119.obj (.text:WriteData)
                  0000c6e8    0000002c     motor.obj (.text:motorEmergencyStop)
                  0000c714    0000002c     motor.obj (.text:motorWakeup)
                  0000c740    0000002c     i2ctmp006_pem4f.oem4f (.text:ti_sysbios_knl_Clock_doTick__I)
                  0000c76c    0000002c     i2ctmp006_pem4f.oem4f (.text:ti_sysbios_knl_Queue_construct)
                  0000c798    0000002c     sysbios.aem4f : BIOS.obj (.text:ti_sysbios_knl_Task_restore__E)
                  0000c7c4    0000002c     ti.targets.arm.rtsarm.aem4f : Text.oem4f (.text:xdc_runtime_Text_cordText__E)
                  0000c7f0    0000002a     driverlib.lib : gpio.obj (.text:GPIODirModeSet)
                  0000c81a    0000002a     grlib.lib : widget.obj (.text:WidgetIsInTree)
                  0000c844    0000002a     ti.targets.arm.rtsarm.aem4f : System.oem4f (.text:xdc_runtime_System_putchar__I)
                  0000c86e    00000028     kentec320x240x16_ssd2119.obj (.text:Kentec320x240x16_SSD2119ColorTranslate)
                  0000c896    00000028     grlib.lib : pushbutton.obj (.text:RectangularButtonMsgProc)
                  0000c8be    00000002     --HOLE-- [fill = 0]
                  0000c8c0    00000028     user_interface.obj (.text:getCurrentDateTime)
                  0000c8e8    00000028     temperature.obj (.text:setSOC)
                  0000c910    00000028     sysbios.aem4f : BIOS.obj (.text:ti_sysbios_hal_Hwi_Instance_init__E)
                  0000c938    00000028                   : BIOS.obj (.text:ti_sysbios_knl_Swi_Module_startup__E)
                  0000c960    00000026     grlib.lib : string.obj (.text:GrFontInfoGet)
                  0000c986    00000026     current.obj (.text:isCurrentWithinLimit)
                  0000c9ac    00000026     sysbios.aem4f : m3_Hwi_asm.obj (.text:ti_sysbios_family_arm_m3_Hwi_pendSV__I)
                  0000c9d2    00000026     ti.targets.arm.rtsarm.aem4f : System.oem4f (.text:xdc_runtime_System_avprintf__E)
                  0000c9f8    00000024     grlib.lib : widget.obj (.text:WidgetAdd)
                  0000ca1c    00000024     temperature.obj (.text:clearNewData)
                  0000ca40    00000024     i2ctmp006_pem4f.oem4f (.text:ti_sysbios_BIOS_errorRaiseHook__I)
                  0000ca64    00000024     i2ctmp006_pem4f.oem4f (.text:ti_sysbios_BIOS_registerRTSLock__I)
                  0000ca88    00000024     i2ctmp006_pem4f.oem4f (.text:ti_sysbios_BIOS_removeRTSLock__I)
                  0000caac    00000024     i2ctmp006_pem4f.oem4f (.text:ti_sysbios_BIOS_startFunc__I)
                  0000cad0    00000024     i2ctmp006_pem4f.oem4f (.text:ti_sysbios_gates_GateMutex_Object__delete__S)
                  0000caf4    00000004     --HOLE-- [fill = 0]
                  0000caf8    00000024     sysbios.aem4f : BIOS.obj (.text:ti_sysbios_knl_Clock_Module_startup__E)
                  0000cb1c    00000004     --HOLE-- [fill = 0]
                  0000cb20    00000024                   : BIOS.obj (.text:ti_sysbios_knl_Clock_start__E)
                  0000cb44    00000004     --HOLE-- [fill = 0]
                  0000cb48    00000024                   : BIOS.obj (.text:ti_sysbios_knl_Semaphore_Instance_init__E)
                  0000cb6c    00000004     --HOLE-- [fill = 0]
                  0000cb70    00000024                   : BIOS.obj (.text:ti_sysbios_knl_Task_restoreHwi__E)
                  0000cb94    00000024     ti.targets.arm.rtsarm.aem4f : System.oem4f (.text:xdc_runtime_System_vprintf__E)
                  0000cbb8    00000022     grlib.lib : string.obj (.text:GrFontGlyphDataGet)
                  0000cbda    00000022     driverlib.lib : lcd.obj (.text:LCDModeSet)
                  0000cbfc    00000004     --HOLE-- [fill = 0]
                  0000cc00    00000022     sysbios.aem4f : BIOS.obj (.text:ti_sysbios_family_arm_lm4_Timer_write__I)
                  0000cc22    00000022     i2ctmp006_pem4f.oem4f (.text:xdc_runtime_SysMin_output__I)
                  0000cc44    00000020     Boot.aem4f : Boot_sysctl.oem4f (.text:_SysCtlMemTimingGet)
                  0000cc64    00000020     temperature.obj (.text:getMode)
                  0000cc84    00000020     rtsv7M4_T_le_v4SPD16_eabi.lib : u_tofd_t2.obj (.text)
                  0000cca4    00000020     i2ctmp006_pem4f.oem4f (.text:ti_sysbios_BIOS_rtsLock__I)
                  0000ccc4    00000004     --HOLE-- [fill = 0]
                  0000ccc8    00000020     sysbios.aem4f : BIOS.obj (.text:ti_sysbios_family_arm_lm4_Timer_getFreq__E)
                  0000cce8    00000020     i2ctmp006_pem4f.oem4f (.text:ti_sysbios_family_arm_m3_Hwi_Object__delete__S)
                  0000cd08    00000020     sysbios.aem4f : m3_Hwi_asm.obj (.text:ti_sysbios_family_arm_m3_Hwi_excHandlerAsm__I)
                  0000cd28    00000020                   : BIOS.obj (.text:ti_sysbios_family_arm_m3_Hwi_excHandler__I)
                  0000cd48    00000020     i2ctmp006_pem4f.oem4f (.text:ti_sysbios_gates_GateHwi_Object__delete__S)
                  0000cd68    00000020     i2ctmp006_pem4f.oem4f (.text:ti_sysbios_heaps_HeapMem_Object__delete__S)
                  0000cd88    00000020     sysbios.aem4f : BIOS.obj (.text:ti_sysbios_knl_Idle_run__E)
                  0000cda8    00000020     i2ctmp006_pem4f.oem4f (.text:ti_sysbios_knl_Semaphore_Object__destruct__S)
                  0000cdc8    00000020     ti.targets.arm.rtsarm.aem4f : Registry.oem4f (.text:xdc_runtime_Registry_findById__E)
                  0000cde8    00000020                                 : SysMin.oem4f (.text:xdc_runtime_SysMin_Module_startup__E)
                  0000ce08    0000001e     driverlib.lib : adc.obj (.text:ADCSequenceDataGet)
                  0000ce26    0000001e     grlib.lib : string.obj (.text:GrFontCodepageGet)
                  0000ce44    0000001e     temperature.obj (.text:getCyclePosition)
                  0000ce62    0000001e     rtsv7M4_T_le_v4SPD16_eabi.lib : strcat.obj (.text)
                  0000ce80    0000001e     sysbios.aem4f : m3_Hwi_asm_switch.obj (.text:ti_sysbios_family_xxx_Hwi_switchAndRunFunc)
                  0000ce9e    00000002     --HOLE-- [fill = 0]
                  0000cea0    0000001c     motordriver_sensorboard.obj (.text:MotorEmergencyStop)
                  0000cebc    0000001c     driverlib.lib : sysctl.obj (.text:_SysCtlMemTimingGet)
                  0000ced8    0000001c     drivers_tivaware.aem4f : GPIOTiva.oem4f (.text:getGpioIntIndex)
                  0000cef4    0000001c     rtsv7M4_T_le_v4SPD16_eabi.lib : memccpy.obj (.text)
                  0000cf10    0000001c     i2ctmp006_pem4f.oem4f (.text:ti_sysbios_family_arm_m3_Hwi_Object__destruct__S)
                  0000cf2c    00000004     --HOLE-- [fill = 0]
                  0000cf30    0000001c     sysbios.aem4f : BIOS.obj (.text:ti_sysbios_gates_GateMutex_Instance_init__E)
                  0000cf4c    0000001c     i2ctmp006_pem4f.oem4f (.text:ti_sysbios_hal_Hwi_HwiProxy_create)
                  0000cf68    0000001c     i2ctmp006_pem4f.oem4f (.text:ti_sysbios_knl_Queue_Object__destruct__S)
                  0000cf84    00000004     --HOLE-- [fill = 0]
                  0000cf88    0000001c     sysbios.aem4f : BIOS.obj (.text:ti_sysbios_knl_Queue_put__E)
                  0000cfa4    00000004     --HOLE-- [fill = 0]
                  0000cfa8    0000001c                   : BIOS.obj (.text:ti_sysbios_knl_Task_enter__I)
                  0000cfc4    0000001c     ti.targets.arm.rtsarm.aem4f : Error.oem4f (.text:xdc_runtime_Error_raiseX__E)
                  0000cfe0    0000001c                                 : Memory.oem4f (.text:xdc_runtime_Memory_valloc__E)
                  0000cffc    0000001c                                 : SysMin.oem4f (.text:xdc_runtime_SysMin_exit__E)
                  0000d018    0000001c                                 : System.oem4f (.text:xdc_runtime_System_abort__E)
                  0000d034    0000001a     motordriver_sensorboard.obj (.text:MotorWakeUp)
                  0000d04e    0000001a     temperature.obj (.text:TemperatureInit)
                  0000d068    0000001a     i2ctmp006_pem4f.oem4f (.text:ti_sysbios_family_arm_m3_Hwi_Handle__label__S)
                  0000d082    0000001a     i2ctmp006_pem4f.oem4f (.text:ti_sysbios_gates_GateHwi_Handle__label__S)
                  0000d09c    0000001a     i2ctmp006_pem4f.oem4f (.text:ti_sysbios_gates_GateMutex_Handle__label__S)
                  0000d0b6    0000001a     i2ctmp006_pem4f.oem4f (.text:ti_sysbios_heaps_HeapMem_Handle__label__S)
                  0000d0d0    0000001a     i2ctmp006_pem4f.oem4f (.text:ti_sysbios_knl_Swi_Handle__label__S)
                  0000d0ea    0000001a     i2ctmp006_pem4f.oem4f (.text:ti_sysbios_knl_Task_Handle__label__S)
                  0000d104    0000001a     i2ctmp006_pem4f.oem4f (.text:xdc_runtime_System_aprintf__E)
                  0000d11e    0000001a     i2ctmp006_pem4f.oem4f (.text:xdc_runtime_System_printf__E)
                  0000d138    00000018     driverlib.lib : adc.obj (.text:ADCProcessorTrigger)
                  0000d150    00000018                   : gpio.obj (.text:GPIOPinTypeGPIOOutput)
                  0000d168    00000018                   : timer.obj (.text:TimerControlLevel)
                  0000d180    00000018     kentec320x240x16_ssd2119.obj (.text:WriteCommand)
                  0000d198    00000018     rtsv7M4_T_le_v4SPD16_eabi.lib : args_main.obj (.text)
                  0000d1b0    00000018     i2ctmp006_pem4f.oem4f (.text:ti_sysbios_BIOS_rtsUnlock__I)
                  0000d1c8    00000018     i2ctmp006_pem4f.oem4f (.text:ti_sysbios_family_arm_lm4_Timer_Module__startupDone__F)
                  0000d1e0    00000018     i2ctmp006_pem4f.oem4f (.text:ti_sysbios_family_arm_m3_Hwi_Module__startupDone__F)
                  0000d1f8    00000018     sysbios.aem4f : m3_TaskSupport_asm.obj (.text:ti_sysbios_family_arm_m3_TaskSupport_swap__E)
                  0000d210    00000018                   : BIOS.obj (.text:ti_sysbios_gates_GateMutex_leave__E)
                  0000d228    00000018     i2ctmp006_pem4f.oem4f (.text:ti_sysbios_knl_Clock_Module__startupDone__F)
                  0000d240    00000018     i2ctmp006_pem4f.oem4f (.text:time)
                  0000d258    00000018     ti.targets.arm.rtsarm.aem4f : Error.oem4f (.text:xdc_runtime_Error_check__E)
                  0000d270    00000018                                 : System.oem4f (.text:xdc_runtime_System_exit__E)
                  0000d288    00000018                                 : Text.oem4f (.text:xdc_runtime_Text_ropeText__E)
                  0000d2a0    00000016     grlib.lib : string.obj (.text:GrStringDraw)
                  0000d2b6    00000016     driverlib.lib : i2c.obj (.text:I2CMasterErr)
                  0000d2cc    00000016     rtsv7M4_T_le_v4SPD16_eabi.lib : strchr.obj (.text)
                  0000d2e2    00000016     i2ctmp006_pem4f.oem4f (.text:ti_sysbios_BIOS_exitFunc__I)
                  0000d2f8    00000016     i2ctmp006.obj (.text:ti_sysbios_hal_Hwi_Params_init)
                  0000d30e    00000016     i2ctmp006.obj (.text:ti_sysbios_knl_Clock_Params_init)
                  0000d324    00000016     i2ctmp006.obj (.text:ti_sysbios_knl_Task_Params_init)
                  0000d33a    00000014     grlib.lib : canvas.obj (.text:CanvasMsgProc)
                  0000d34e    00000014               : widget.obj (.text:WidgetMutexGet)
                  0000d362    00000014     temperature.obj (.text:getStatus)
                  0000d376    00000002     --HOLE-- [fill = 0]
                  0000d378    00000014     rtsv7M4_T_le_v4SPD16_eabi.lib : _lock.obj (.text)
                  0000d38c    00000014                                   : s_copysign.obj (.text)
                  0000d3a0    00000014                                   : strcpy.obj (.text)
                  0000d3b4    00000014                                   : strlen.obj (.text)
                  0000d3c8    00000014     i2ctmp006_pem4f.oem4f (.text:ti_sysbios_family_arm_m3_Hwi_Object__get__S)
                  0000d3dc    00000004     --HOLE-- [fill = 0]
                  0000d3e0    00000014     sysbios.aem4f : BIOS.obj (.text:ti_sysbios_family_arm_m3_Hwi_switchFromBootStack__E)
                  0000d3f4    00000014     i2ctmp006_pem4f.oem4f (.text:ti_sysbios_heaps_HeapMem_Object__get__S)
                  0000d408    00000014     i2ctmp006_pem4f.oem4f (.text:ti_sysbios_knl_Swi_Object__get__S)
                  0000d41c    00000012     driverlib.lib : adc.obj (.text:ADCHardwareOversampleConfigure)
                  0000d42e    00000012                   : gpio.obj (.text:GPIOPinTypeEthernetLED)
                  0000d440    00000012                   : gpio.obj (.text:GPIOPinTypeGPIOInput)
                  0000d452    00000012                   : gpio.obj (.text:GPIOPinTypeI2C)
                  0000d464    00000012                   : gpio.obj (.text:GPIOPinTypeI2CSCL)
                  0000d476    00000012                   : gpio.obj (.text:GPIOPinTypeLCD)
                  0000d488    00000012                   : gpio.obj (.text:GPIOPinTypeTimer)
                  0000d49a    00000012                   : timer.obj (.text:TimerLoadSet)
                  0000d4ac    00000012                   : timer.obj (.text:TimerMatchSet)
                  0000d4be    00000012                   : timer.obj (.text:TimerPrescaleSet)
                  0000d4d0    00000012     sysbios.aem4f : BIOS.obj (.text:ti_sysbios_hal_Hwi_Module_startup__E)
                  0000d4e2    00000012     i2ctmp006_pem4f.oem4f (.text:xdc_runtime_Startup_exec__I)
                  0000d4f4    00000010     i2ctmp006_pem4f.oem4f (.text:.bootCodeSection:ti_catalog_arm_cortexm4_tiva_ce_Boot_init__I)
                  0000d504    00000010     driverlib.lib : adc.obj (.text:ADCIntEnable)
                  0000d514    00000010     drivers_tivaware.aem4f : I2C.oem4f (.text:I2C_Params_init)
                  0000d524    00000010     driverlib.lib : interrupt.obj (.text:IntMasterEnable)
                  0000d534    00000004     --HOLE-- [fill = 0]
                  0000d538    00000010     sysbios.aem4f : BIOS.obj (.text:ti_sysbios_BIOS_getCpuFreq__E)
                  0000d548    00000010                   : BIOS.obj (.text:ti_sysbios_BIOS_setThreadType__E)
                  0000d558    00000010                   : BIOS.obj (.text:ti_sysbios_BIOS_start__E)
                  0000d568    00000010                   : m3_TaskSupport_asm.obj (.text:ti_sysbios_family_arm_m3_TaskSupport_glue)
                  0000d578    00000010                   : BIOS.obj (.text:ti_sysbios_gates_GateMutex_Instance_finalize__E)
                  0000d588    00000010     i2ctmp006_pem4f.oem4f (.text:ti_sysbios_hal_Hwi_HwiProxy_Object__create__S)
                  0000d598    00000010     sysbios.aem4f : BIOS.obj (.text:ti_sysbios_knl_Semaphore_Instance_finalize__E)
                  0000d5a8    00000010                   : BIOS.obj (.text:ti_sysbios_knl_Swi_disable__E)
                  0000d5b8    00000010     i2ctmp006_pem4f.oem4f (.text:ti_sysbios_knl_Task_Object__get__S)
                  0000d5c8    00000010     sysbios.aem4f : BIOS.obj (.text:ti_sysbios_knl_Task_disable__E)
                  0000d5d8    00000010     ti.targets.arm.rtsarm.aem4f : Gate.oem4f (.text:xdc_runtime_Gate_leaveSystem__E)
                  0000d5e8    00000010                                 : Memory.oem4f (.text:xdc_runtime_Memory_free__E)
                  0000d5f8    00000010                                 : SysMin.oem4f (.text:xdc_runtime_SysMin_ready__E)
                  0000d608    00000010                                 : System.oem4f (.text:xdc_runtime_System_vsnprintf__E)
                  0000d618    00000010     i2ctmp006_pem4f.oem4f (.text:xdc_runtime_Text_visitRope__I)
                  0000d628    0000000e     driverlib.lib : adc.obj (.text:ADCSequenceEnable)
                  0000d636    0000000e                   : gpio.obj (.text:GPIOIntDisable)
                  0000d644    0000000e                   : gpio.obj (.text:GPIOIntStatus)
                  0000d652    0000000e     grlib.lib : image.obj (.text:GrImageDraw)
                  0000d660    0000000e     driverlib.lib : timer.obj (.text:TimerEnable)
                  0000d66e    0000000e     rtsv7M4_T_le_v4SPD16_eabi.lib : copy_decompress_none.obj (.text:decompress:none)
                  0000d67c    00000004     --HOLE-- [fill = 0]
                  0000d680    0000000e     sysbios.aem4f : BIOS.obj (.text:ti_sysbios_knl_Idle_loop__E)
                  0000d68e    00000002     --HOLE-- [fill = 0]
                  0000d690    0000000e                   : BIOS.obj (.text:ti_sysbios_knl_Queue_empty__E)
                  0000d69e    0000000c     driverlib.lib : cpu.obj (.text:CPUcpsie)
                  0000d6aa    0000000c                   : gpio.obj (.text:GPIOIntEnable)
                  0000d6b6    0000000c                   : lcd.obj (.text:LCDIDDCommandWrite)
                  0000d6c2    0000000c                   : lcd.obj (.text:LCDIDDDataWrite)
                  0000d6ce    0000000c     rtsv7M4_T_le_v4SPD16_eabi.lib : copy_zero_init.obj (.text:decompress:ZI)
                  0000d6da    00000006     driverlib.lib : gpio.obj (.text:GPIOIntClear)
                  0000d6e0    0000000c     sysbios.aem4f : BIOS.obj (.text:ti_sysbios_family_arm_lm4_Timer_getMaxTicks__E)
                  0000d6ec    0000000c     i2ctmp006_pem4f.oem4f (.text:ti_sysbios_family_arm_m3_Hwi_Params__init__S)
                  0000d6f8    0000000c     sysbios.aem4f : BIOS.obj (.text:ti_sysbios_family_arm_m3_Hwi_disableFxn__E)
                  0000d704    00000004     --HOLE-- [fill = 0]
                  0000d708    0000000c                   : BIOS.obj (.text:ti_sysbios_family_arm_m3_TaskSupport_checkStack__E)
                  0000d714    00000004     --HOLE-- [fill = 0]
                  0000d718    0000000c                   : BIOS.obj (.text:ti_sysbios_family_arm_m3_TaskSupport_getStackAlignment__E)
                  0000d724    00000004     --HOLE-- [fill = 0]
                  0000d728    0000000c                   : BIOS.obj (.text:ti_sysbios_gates_GateHwi_enter__E)
                  0000d734    0000000c     i2ctmp006_pem4f.oem4f (.text:ti_sysbios_hal_Hwi_Params__init__S)
                  0000d740    0000000c     sysbios.aem4f : BIOS.obj (.text:ti_sysbios_hal_SecondsClock_get__E)
                  0000d74c    00000004     --HOLE-- [fill = 0]
                  0000d750    0000000c                   : BIOS.obj (.text:ti_sysbios_hal_SecondsClock_set__E)
                  0000d75c    0000000c     i2ctmp006_pem4f.oem4f (.text:ti_sysbios_knl_Clock_Params__init__S)
                  0000d768    0000000c     i2ctmp006.obj (.text:ti_sysbios_knl_Clock_handle)
                  0000d774    0000000c     i2ctmp006_pem4f.oem4f (.text:ti_sysbios_knl_Queue_Object__get__S)
                  0000d780    0000000c     i2ctmp006_pem4f.oem4f (.text:ti_sysbios_knl_Semaphore_Params__init__S)
                  0000d78c    0000000c     i2ctmp006_pem4f.oem4f (.text:ti_sysbios_knl_Task_Params__init__S)
                  0000d798    0000000c     ti.targets.arm.rtsarm.aem4f : Error.oem4f (.text:xdc_runtime_Error_init__E)
                  0000d7a4    0000000c                                 : Gate.oem4f (.text:xdc_runtime_Gate_enterSystem__E)
                  0000d7b0    0000000c                                 : Memory.oem4f (.text:xdc_runtime_Memory_calloc__E)
                  0000d7bc    0000000c                                 : Memory.oem4f (.text:xdc_runtime_Memory_getMaxDefaultTypeAlign__E)
                  0000d7c8    0000000a     driverlib.lib : adc.obj (.text:ADCIntClear)
                  0000d7d2    0000000a                   : i2c.obj (.text:I2CMasterDisable)
                  0000d7dc    0000000a                   : i2c.obj (.text:I2CMasterEnable)
                  0000d7e6    0000000a     drivers_tivaware.aem4f : I2CTiva.oem4f (.text:I2CTiva_init)
                  0000d7f0    0000000a                            : I2C.oem4f (.text:I2C_transfer)
                  0000d7fa    0000000a     kentec320x240x16_ssd2119.obj (.text:Kentec320x240x16_SSD2119Flush)
                  0000d804    0000000a     driverlib.lib : timer.obj (.text:TimerValueGet)
                  0000d80e    0000000a     interface_button.obj (.text:initInterfaceButton)
                  0000d818    0000000a     sysbios.aem4f : BIOS.obj (.text:ti_sysbios_hal_Hwi_Instance_finalize__E)
                  0000d822    0000000a     i2ctmp006_pem4f.oem4f (.text:xdc_runtime_IHeap_alloc)
                  0000d82c    0000000a     i2ctmp006_pem4f.oem4f (.text:xdc_runtime_IHeap_free)
                  0000d836    00000008     DK_TM4C129X.obj (.text:DK_TM4C129X_initGPIO)
                  0000d83e    00000008     grlib.lib : charmap.obj (.text:GrMapISO8859_1_Unicode)
                  0000d846    00000008     driverlib.lib : i2c.obj (.text:I2CMasterIntClear)
                  0000d84e    00000008                   : i2c.obj (.text:I2CMasterSlaveAddrSet)
                  0000d856    00000008     drivers_tivaware.aem4f : I2CTiva.oem4f (.text:I2CTiva_blockingCallback)
                  0000d85e    00000008     sysbios.aem4f : BIOS.obj (.text:ti_sysbios_family_arm_lm4_Timer_masterDisable__I)
                  0000d866    00000002     --HOLE-- [fill = 0]
                  0000d868    00000008                   : BIOS.obj (.text:ti_sysbios_family_arm_m3_Hwi_doSwiRestore__I)
                  0000d870    00000008                   : BIOS.obj (.text:ti_sysbios_family_arm_m3_Hwi_startup__E)
                  0000d878    00000006     driverlib.lib : gpio.obj (.text:GPIOPinWrite)
                  0000d87e    00000006     grlib.lib : string.obj (.text:GrContextFontSet)
                  0000d884    00000006     driverlib.lib : i2c.obj (.text:I2CMasterIntDisable)
                  0000d88a    00000006                   : i2c.obj (.text:I2CMasterIntEnable)
                  0000d890    00000006     drivers_tivaware.aem4f : I2CTiva.oem4f (.text:I2CTiva_control)
                  0000d896    00000006     driverlib.lib : sysctl.obj (.text:SysCtlDelay)
                  0000d89c    00000006     grlib.lib : widget.obj (.text:WidgetMutexPut)
                  0000d8a2    00000006     ti.targets.arm.rtsarm.aem4f : System.oem4f (.text:xdc_runtime_System_Module_startup__E)
                  0000d8a8    00000006     sysbios.aem4f : BIOS.obj (.text:ti_sysbios_family_arm_m3_Hwi_doTaskRestore__I)
                  0000d8ae    00000002     --HOLE-- [fill = 0]
                  0000d8b0    00000006                   : BIOS.obj (.text:ti_sysbios_family_arm_m3_Hwi_restoreFxn__E)
                  0000d8b6    00000002     --HOLE-- [fill = 0]
                  0000d8b8    00000006                   : BIOS.obj (.text:ti_sysbios_gates_GateHwi_leave__E)
                  0000d8be    00000002     --HOLE-- [fill = 0]
                  0000d8c0    00000006                   : BIOS.obj (.text:ti_sysbios_heaps_HeapMem_isBlocking__E)
                  0000d8c6    00000002     --HOLE-- [fill = 0]
                  0000d8c8    00000006                   : BIOS.obj (.text:ti_sysbios_knl_Queue_Instance_init__E)
                  0000d8ce    00000002     --HOLE-- [fill = 0]
                  0000d8d0    00000006                   : BIOS.obj (.text:ti_sysbios_knl_Swi_startup__E)
                  0000d8d6    00000002     --HOLE-- [fill = 0]
                  0000d8d8    00000004                   : BIOS.obj (.text:ti_sysbios_family_arm_lm4_Timer_getPeriod__E)
                  0000d8dc    00000004     --HOLE-- [fill = 0]
                  0000d8e0    00000004                   : BIOS.obj (.text:ti_sysbios_gates_GateHwi_query__E)
                  0000d8e4    00000004     --HOLE-- [fill = 0]
                  0000d8e8    00000004                   : BIOS.obj (.text:ti_sysbios_gates_GateMutex_query__E)
                  0000d8ec    00000004     --HOLE-- [fill = 0]
                  0000d8f0    00000004                   : BIOS.obj (.text:ti_sysbios_knl_Task_startup__E)
                  0000d8f4    00000004     --HOLE-- [fill = 0]
                  0000d8f8    00000002                   : BIOS.obj (.text:ti_sysbios_gates_GateHwi_Instance_init__E)
                  0000d8fa    00000006     --HOLE-- [fill = 0]
                  0000d900    00000002                   : BIOS.obj (.text:ti_sysbios_knl_Clock_logTick__E)

.const     0    0000d908    00006034     
                  0000d908    00001a46     frame.obj (.const:.string:g_pui8Top)
                  0000f34e    00001876     i2ctmp006_pem4f.oem4f (.const:xdc_runtime_Text_charTab__A)
                  00010bc4    00000786     frame.obj (.const:.string:g_pui8Bottom)
                  0001134a    00000782     grlib.lib : fontcmss18b.obj (.const:.string:g_pui8Cmss18bData)
                  00011acc    00000546     frame.obj (.const:.string:g_pui8Left)
                  00012012    00000546     frame.obj (.const:.string:g_pui8Right)
                  00012558    0000017c     frame.obj (.const:.string:g_pui8TopLeft)
                  000126d4    00000173     frame.obj (.const:.string:g_pui8TopRight)
                  00012847    00000001     i2ctmp006_pem4f.oem4f (.const:xdc_runtime_Error_policy__C)
                  00012848    00000120     Boot.aem4f : Boot_sysctl.oem4f (.const:g_pppui32XTALtoVCO)
                  00012968    00000120     driverlib.lib : sysctl.obj (.const:g_pppui32XTALtoVCO)
                  00012a88    00000101     rtsv7M4_T_le_v4SPD16_eabi.lib : ctype.obj (.const:.string:_ctypes_)
                  00012b89    000000d0     frame.obj (.const:.string:g_pui8BottomLeft)
                  00012c59    00000001     --HOLE-- [fill = 0]
                  00012c5a    00000002     i2ctmp006_pem4f.oem4f (.const:ti_catalog_arm_cortexm4_tiva_ce_Boot_Module__id__C)
                  00012c5c    000000ce     i2ctmp006.obj (.const:.string)
                  00012d2a    00000002     i2ctmp006_pem4f.oem4f (.const:ti_sysbios_family_arm_m3_Hwi_Module__id__C)
                  00012d2c    000000c8     grlib.lib : fontcmss18b.obj (.const:g_sFontCmss18b)
                  00012df4    000000c4     frame.obj (.const:.string:g_pui8BottomRight)
                  00012eb8    000000c4     i2ctmp006_pem4f.oem4f (.const:xdc_runtime_Text_nodeTab__A)
                  00012f7c    00000090     driverlib.lib : gpio.obj (.const:g_pui32GPIOBaseAddrs)
                  0001300c    0000006c     Boot.aem4f : Boot_sysctl.oem4f (.const:g_pui32Xtals)
                  00013078    0000006c     driverlib.lib : sysctl.obj (.const:g_pui32Xtals)
                  000130e4    00000060     rtsv7M4_T_le_v4SPD16_eabi.lib : mktime.obj (.const:$O1$$)
                  00013144    00000054     drivers_tivaware.aem4f : GPIOTiva.oem4f (.const:.string)
                  00013198    0000004c     rtsv7M4_T_le_v4SPD16_eabi.lib : asctime.obj (.const:$O1$$)
                  000131e4    0000004c                                   : asctime.obj (.const:.string)
                  00013230    00000048     i2ctmp006_pem4f.oem4f (.const:.string)
                  00013278    00000048     drivers_tivaware.aem4f : GPIOTiva.oem4f (.const:gpioBaseAddresses)
                  000132c0    0000003c     DK_TM4C129X.obj (.const:I2C_config)
                  000132fc    0000003c     i2ctmp006_pem4f.oem4f (.const:ti_sysbios_knl_Task_Object__PARAMS__C)
                  00013338    00000030     rtsv7M4_T_le_v4SPD16_eabi.lib : e_pow.obj (.const:$O1$$)
                  00013368    00000030     Boot.aem4f : Boot_sysctl.oem4f (.const:g_sXTALtoMEMTIM)
                  00013398    00000030     driverlib.lib : sysctl.obj (.const:g_sXTALtoMEMTIM)
                  000133c8    00000030     DK_TM4C129X.obj (.const:i2cTivaHWAttrs)
                  000133f8    00000030     i2ctmp006_pem4f.oem4f (.const:ti_sysbios_family_arm_m3_Hwi_Object__PARAMS__C)
                  00013428    0000002c     i2ctmp006_pem4f.oem4f (.const:ti_sysbios_hal_Hwi_Object__PARAMS__C)
                  00013454    00000028     kentec320x240x16_ssd2119.obj (.const:g_sKentec320x240x16_SSD2119)
                  0001347c    00000028     i2ctmp006_pem4f.oem4f (.const:ti_sysbios_heaps_HeapMem_Module__FXNS__C)
                  000134a4    00000024     i2ctmp006.obj (.const:$P$T0$1)
                  000134c8    00000024     i2ctmp006_pem4f.oem4f (.const:ti_sysbios_gates_GateHwi_Module__FXNS__C)
                  000134ec    00000024     i2ctmp006_pem4f.oem4f (.const:ti_sysbios_gates_GateMutex_Module__FXNS__C)
                  00013510    00000024     i2ctmp006_pem4f.oem4f (.const:ti_sysbios_heaps_HeapMem_Object__PARAMS__C)
                  00013534    00000024     i2ctmp006_pem4f.oem4f (.const:ti_sysbios_knl_Clock_Object__PARAMS__C)
                  00013558    00000024     i2ctmp006_pem4f.oem4f (.const:ti_sysbios_knl_Semaphore_Object__PARAMS__C)
                  0001357c    00000024     i2ctmp006_pem4f.oem4f (.const:xdc_runtime_Startup_sfxnTab__A)
                  000135a0    00000020     i2ctmp006_pem4f.oem4f (.const:ti_sysbios_family_arm_m3_Hwi_Object__DESC__C)
                  000135c0    00000020     i2ctmp006_pem4f.oem4f (.const:ti_sysbios_gates_GateHwi_Object__DESC__C)
                  000135e0    00000020     i2ctmp006_pem4f.oem4f (.const:ti_sysbios_gates_GateMutex_Object__DESC__C)
                  00013600    00000020     i2ctmp006_pem4f.oem4f (.const:ti_sysbios_hal_Hwi_Object__DESC__C)
                  00013620    00000020     i2ctmp006_pem4f.oem4f (.const:ti_sysbios_heaps_HeapMem_Object__DESC__C)
                  00013640    00000020     i2ctmp006_pem4f.oem4f (.const:ti_sysbios_knl_Clock_Object__DESC__C)
                  00013660    00000020     i2ctmp006_pem4f.oem4f (.const:ti_sysbios_knl_Queue_Object__DESC__C)
                  00013680    00000020     i2ctmp006_pem4f.oem4f (.const:ti_sysbios_knl_Semaphore_Object__DESC__C)
                  000136a0    00000020     i2ctmp006_pem4f.oem4f (.const:ti_sysbios_knl_Task_Object__DESC__C)
                  000136c0    0000001c     drivers_tivaware.aem4f : I2CTiva.oem4f (.const)
                  000136dc    00000018     i2ctmp006_pem4f.oem4f (.const:ti_sysbios_gates_GateHwi_Object__PARAMS__C)
                  000136f4    00000018     i2ctmp006_pem4f.oem4f (.const:ti_sysbios_gates_GateMutex_Object__PARAMS__C)
                  0001370c    00000018     i2ctmp006_pem4f.oem4f (.const:ti_sysbios_knl_Queue_Object__PARAMS__C)
                  00013724    00000014     DK_TM4C129X.obj (.const:GPIOTiva_config)
                  00013738    00000014     i2ctmp006_pem4f.oem4f (.const:xdc_runtime_Startup_firstFxns__A)
                  0001374c    00000012     motor.obj (.const:HALL)
                  0001375e    00000012     motor.obj (.const:PWM)
                  00013770    00000012     motor.obj (.const:RESET)
                  00013782    00000012     i2ctmp006_pem4f.oem4f (.const:xdc_runtime_Startup_sfxnRts__A)
                  00013794    00000010     drivers_tivaware.aem4f : I2C.oem4f (.const)
                  000137a4    00000010     grlib.lib : context.obj (.const)
                  000137b4    00000008     Boot.aem4f : Boot_sysctl.oem4f (.const)
                  000137bc    00000008     driverlib.lib : sysctl.obj (.const)
                  000137c4    00000008     i2ctmp006_pem4f.oem4f (.const:ti_sysbios_family_arm_m3_Hwi_excHookFuncs__A)
                  000137cc    00000008     i2ctmp006_pem4f.oem4f (.const:ti_sysbios_knl_Idle_funcList__C)
                  000137d4    00000008     i2ctmp006_pem4f.oem4f (.const:xdc_runtime_Startup_firstFxns__C)
                  000137dc    00000008     i2ctmp006_pem4f.oem4f (.const:xdc_runtime_Startup_lastFxns__C)
                  000137e4    00000004     i2ctmp006_pem4f.oem4f (.const:ti_catalog_arm_cortexm4_tiva_ce_Boot_A_mustNotUseEnhancedClockMode__C)
                  000137e8    00000004     i2ctmp006_pem4f.oem4f (.const:ti_catalog_arm_cortexm4_tiva_ce_Boot_Module__diagsEnabled__C)
                  000137ec    00000004     i2ctmp006_pem4f.oem4f (.const:ti_catalog_arm_cortexm4_tiva_ce_Boot_Module__diagsIncluded__C)
                  000137f0    00000004     i2ctmp006_pem4f.oem4f (.const:ti_catalog_arm_cortexm4_tiva_ce_Boot_Module__diagsMask__C)
                  000137f4    00000004     i2ctmp006_pem4f.oem4f (.const:ti_sysbios_family_arm_lm4_Timer_enableFunc__C)
                  000137f8    00000004     i2ctmp006_pem4f.oem4f (.const:ti_sysbios_family_arm_lm4_Timer_numTimerDevices__C)
                  000137fc    00000004     i2ctmp006_pem4f.oem4f (.const:ti_sysbios_family_arm_lm4_Timer_startupNeeded__C)
                  00013800    00000004     i2ctmp006_pem4f.oem4f (.const:ti_sysbios_family_arm_m3_Hwi_E_NMI__C)
                  00013804    00000004     i2ctmp006_pem4f.oem4f (.const:ti_sysbios_family_arm_m3_Hwi_E_alreadyDefined__C)
                  00013808    00000004     i2ctmp006_pem4f.oem4f (.const:ti_sysbios_family_arm_m3_Hwi_E_busFault__C)
                  0001380c    00000004     i2ctmp006_pem4f.oem4f (.const:ti_sysbios_family_arm_m3_Hwi_E_debugMon__C)
                  00013810    00000004     i2ctmp006_pem4f.oem4f (.const:ti_sysbios_family_arm_m3_Hwi_E_hardFault__C)
                  00013814    00000004     i2ctmp006_pem4f.oem4f (.const:ti_sysbios_family_arm_m3_Hwi_E_memFault__C)
                  00013818    00000004     i2ctmp006_pem4f.oem4f (.const:ti_sysbios_family_arm_m3_Hwi_E_noIsr__C)
                  0001381c    00000004     i2ctmp006_pem4f.oem4f (.const:ti_sysbios_family_arm_m3_Hwi_E_reserved__C)
                  00013820    00000004     i2ctmp006_pem4f.oem4f (.const:ti_sysbios_family_arm_m3_Hwi_E_svCall__C)
                  00013824    00000004     i2ctmp006_pem4f.oem4f (.const:ti_sysbios_family_arm_m3_Hwi_E_usageFault__C)
                  00013828    00000004     i2ctmp006_pem4f.oem4f (.const:ti_sysbios_family_arm_m3_Hwi_NUM_INTERRUPTS__C)
                  0001382c    00000004     i2ctmp006_pem4f.oem4f (.const:ti_sysbios_family_arm_m3_Hwi_Object__count__C)
                  00013830    00000004     i2ctmp006_pem4f.oem4f (.const:ti_sysbios_family_arm_m3_Hwi_ccr__C)
                  00013834    00000004     i2ctmp006_pem4f.oem4f (.const:ti_sysbios_family_arm_m3_Hwi_excHandlerFunc__C)
                  00013838    00000004     i2ctmp006_pem4f.oem4f (.const:ti_sysbios_family_arm_m3_Hwi_excHookFuncs__C)
                  0001383c    00000004     i2ctmp006_pem4f.oem4f (.const:ti_sysbios_family_arm_m3_Hwi_nullIsrFunc__C)
                  00013840    00000004     i2ctmp006_pem4f.oem4f (.const:ti_sysbios_family_arm_m3_Hwi_priGroup__C)
                  00013844    00000004     i2ctmp006_pem4f.oem4f (.const:ti_sysbios_family_arm_m3_TaskSupport_stackAlignment__C)
                  00013848    00000004     i2ctmp006_pem4f.oem4f (.const:ti_sysbios_gates_GateMutex_Instance_State_sem__O)
                  0001384c    00000004     i2ctmp006_pem4f.oem4f (.const:ti_sysbios_hal_Hwi_E_stackOverflow__C)
                  00013850    00000004     i2ctmp006_pem4f.oem4f (.const:ti_sysbios_hal_SecondsClock_Module_State_clock__O)
                  00013854    00000004     i2ctmp006_pem4f.oem4f (.const:ti_sysbios_heaps_HeapMem_E_memory__C)
                  00013858    00000004     i2ctmp006_pem4f.oem4f (.const:ti_sysbios_heaps_HeapMem_Module__gateObj__C)
                  0001385c    00000004     i2ctmp006_pem4f.oem4f (.const:ti_sysbios_heaps_HeapMem_Object__count__C)
                  00013860    00000004     i2ctmp006_pem4f.oem4f (.const:ti_sysbios_heaps_HeapMem_reqAlign__C)
                  00013864    00000004     i2ctmp006_pem4f.oem4f (.const:ti_sysbios_knl_Clock_Module_State_clockQ__O)
                  00013868    00000004     i2ctmp006_pem4f.oem4f (.const:ti_sysbios_knl_Clock_tickPeriod__C)
                  0001386c    00000004     i2ctmp006_pem4f.oem4f (.const:ti_sysbios_knl_Idle_funcList__A)
                  00013870    00000004     i2ctmp006_pem4f.oem4f (.const:ti_sysbios_knl_Semaphore_Instance_State_pendQ__O)
                  00013874    00000004     i2ctmp006_pem4f.oem4f (.const:ti_sysbios_knl_Swi_Object__count__C)
                  00013878    00000004     i2ctmp006_pem4f.oem4f (.const:ti_sysbios_knl_Task_E_spOutOfBounds__C)
                  0001387c    00000004     i2ctmp006_pem4f.oem4f (.const:ti_sysbios_knl_Task_E_stackOverflow__C)
                  00013880    00000004     i2ctmp006_pem4f.oem4f (.const:ti_sysbios_knl_Task_Module_State_inactiveQ__O)
                  00013884    00000004     i2ctmp006_pem4f.oem4f (.const:ti_sysbios_knl_Task_Object__count__C)
                  00013888    00000004     i2ctmp006_pem4f.oem4f (.const:ti_sysbios_knl_Task_allBlockedFunc__C)
                  0001388c    00000004     i2ctmp006_pem4f.oem4f (.const:ti_sysbios_knl_Task_defaultStackHeap__C)
                  00013890    00000004     i2ctmp006_pem4f.oem4f (.const:ti_sysbios_knl_Task_defaultStackSize__C)
                  00013894    00000004     i2ctmp006_pem4f.oem4f (.const:ti_sysbios_knl_Task_numConstructedTasks__C)
                  00013898    00000004     i2ctmp006_pem4f.oem4f (.const:xdc_runtime_Assert_E_assertFailed__C)
                  0001389c    00000004     i2ctmp006_pem4f.oem4f (.const:xdc_runtime_Core_A_initializedParams__C)
                  000138a0    00000004     i2ctmp006_pem4f.oem4f (.const:xdc_runtime_Core_Module__diagsEnabled__C)
                  000138a4    00000004     i2ctmp006_pem4f.oem4f (.const:xdc_runtime_Core_Module__diagsIncluded__C)
                  000138a8    00000004     i2ctmp006_pem4f.oem4f (.const:xdc_runtime_Core_Module__diagsMask__C)
                  000138ac    00000004     i2ctmp006_pem4f.oem4f (.const:xdc_runtime_Error_E_memory__C)
                  000138b0    00000004     i2ctmp006_pem4f.oem4f (.const:xdc_runtime_Error_Module__diagsEnabled__C)
                  000138b4    00000004     i2ctmp006_pem4f.oem4f (.const:xdc_runtime_Error_Module__diagsIncluded__C)
                  000138b8    00000004     i2ctmp006_pem4f.oem4f (.const:xdc_runtime_Error_Module__diagsMask__C)
                  000138bc    00000004     i2ctmp006_pem4f.oem4f (.const:xdc_runtime_Error_Module__loggerFxn8__C)
                  000138c0    00000004     i2ctmp006_pem4f.oem4f (.const:xdc_runtime_Error_Module__loggerObj__C)
                  000138c4    00000004     i2ctmp006_pem4f.oem4f (.const:xdc_runtime_Error_policyFxn__C)
                  000138c8    00000004     i2ctmp006_pem4f.oem4f (.const:xdc_runtime_Error_raiseHook__C)
                  000138cc    00000004     i2ctmp006_pem4f.oem4f (.const:xdc_runtime_IGateProvider_Interface__BASE__C)
                  000138d0    00000004     i2ctmp006_pem4f.oem4f (.const:xdc_runtime_IHeap_Interface__BASE__C)
                  000138d4    00000004     i2ctmp006_pem4f.oem4f (.const:xdc_runtime_IModule_Interface__BASE__C)
                  000138d8    00000004     i2ctmp006_pem4f.oem4f (.const:xdc_runtime_Log_L_error__C)
                  000138dc    00000004     i2ctmp006_pem4f.oem4f (.const:xdc_runtime_Memory_defaultHeapInstance__C)
                  000138e0    00000004     i2ctmp006_pem4f.oem4f (.const:xdc_runtime_Startup_execImpl__C)
                  000138e4    00000004     i2ctmp006_pem4f.oem4f (.const:xdc_runtime_Startup_maxPasses__C)
                  000138e8    00000004     i2ctmp006_pem4f.oem4f (.const:xdc_runtime_Startup_sfxnRts__C)
                  000138ec    00000004     i2ctmp006_pem4f.oem4f (.const:xdc_runtime_Startup_sfxnTab__C)
                  000138f0    00000004     i2ctmp006_pem4f.oem4f (.const:xdc_runtime_SysMin_bufSize__C)
                  000138f4    00000004     i2ctmp006_pem4f.oem4f (.const:xdc_runtime_SysMin_outputFunc__C)
                  000138f8    00000004     i2ctmp006_pem4f.oem4f (.const:xdc_runtime_System_Module__gateObj__C)
                  000138fc    00000004     i2ctmp006_pem4f.oem4f (.const:xdc_runtime_System_abortFxn__C)
                  00013900    00000004     i2ctmp006_pem4f.oem4f (.const:xdc_runtime_System_exitFxn__C)
                  00013904    00000004     i2ctmp006_pem4f.oem4f (.const:xdc_runtime_System_extendFxn__C)
                  00013908    00000004     i2ctmp006_pem4f.oem4f (.const:xdc_runtime_System_maxAtexitHandlers__C)
                  0001390c    00000004     i2ctmp006_pem4f.oem4f (.const:xdc_runtime_Text_charTab__C)
                  00013910    00000004     i2ctmp006_pem4f.oem4f (.const:xdc_runtime_Text_nameEmpty__C)
                  00013914    00000004     i2ctmp006_pem4f.oem4f (.const:xdc_runtime_Text_nameStatic__C)
                  00013918    00000004     i2ctmp006_pem4f.oem4f (.const:xdc_runtime_Text_nameUnknown__C)
                  0001391c    00000004     i2ctmp006_pem4f.oem4f (.const:xdc_runtime_Text_nodeTab__C)
                  00013920    00000004     i2ctmp006_pem4f.oem4f (.const:xdc_runtime_Text_visitRopeFxn__C)
                  00013924    00000002     i2ctmp006_pem4f.oem4f (.const:ti_sysbios_hal_Hwi_Module__id__C)
                  00013926    00000002     i2ctmp006_pem4f.oem4f (.const:ti_sysbios_heaps_HeapMem_Module__id__C)
                  00013928    00000002     i2ctmp006_pem4f.oem4f (.const:ti_sysbios_knl_Task_Module__id__C)
                  0001392a    00000002     i2ctmp006_pem4f.oem4f (.const:xdc_runtime_Core_Module__id__C)
                  0001392c    00000002     i2ctmp006_pem4f.oem4f (.const:xdc_runtime_Error_Module__loggerDefined__C)
                  0001392e    00000002     i2ctmp006_pem4f.oem4f (.const:xdc_runtime_Error_maxDepth__C)
                  00013930    00000002     i2ctmp006_pem4f.oem4f (.const:xdc_runtime_Memory_Module__id__C)
                  00013932    00000002     i2ctmp006_pem4f.oem4f (.const:xdc_runtime_SysMin_flushAtExit__C)
                  00013934    00000002     i2ctmp006_pem4f.oem4f (.const:xdc_runtime_Text_charCnt__C)
                  00013936    00000002     i2ctmp006_pem4f.oem4f (.const:xdc_runtime_Text_isLoaded__C)
                  00013938    00000002     i2ctmp006_pem4f.oem4f (.const:xdc_runtime_Text_registryModsLastId__C)
                  0001393a    00000002     i2ctmp006_pem4f.oem4f (.const:xdc_runtime_Text_unnamedModsLastId__C)

.cinit     0    00013940    00000390     
                  00013940    0000035b     (.cinit..data.load) [load image, compression = lzss]
                  00013c9b    00000001     --HOLE-- [fill = 0]
                  00013c9c    0000000c     (__TI_handler_table)
                  00013ca8    00000008     (.cinit..bss.load) [load image, compression = zero_init]
                  00013cb0    00000008     (.cinit..vecs.load) [load image, compression = zero_init]
                  00013cb8    00000018     (__TI_cinit_table)

.init_array 
*          0    00000000    00000000     UNINITIALIZED

.resetVecs 
*          0    00000000    0000003c     
                  00000000    0000003c     i2ctmp006_pem4f.oem4f (.resetVecs)

.vecs      0    20000000    00000360     UNINITIALIZED
                  20000000    00000360     i2ctmp006_pem4f.oem4f (.vecs)

.bss       0    20000360    00002148     UNINITIALIZED
                  20000360    00000800     (.common:taskStack)
                  20000b60    00000800     (.common:ti_sysbios_heaps_HeapMem_Instance_State_0_buf__A)
                  20001360    00000400     (.common:xdc_runtime_SysMin_Module_State_0_outbuf__A)
                  20001760    00000360     (.common:ti_sysbios_family_arm_m3_Hwi_dispatchTable)
                  20001ac0    00000200     i2ctmp006_pem4f.oem4f (.bss:taskStackSection)
                  20001cc0    00000200     (.common:i2cTivaObjects)
                  20001ec0    00000140     grlib.lib : widget.obj (.bss:g_psMQ)
                  20002000    00000120     rtsv7M4_T_le_v4SPD16_eabi.lib : trgmsg.obj (.bss:_CIOBUF_)
                  20002120    000000d2     (.common:uiParams)
                  200021f2    00000090     drivers_tivaware.aem4f : GPIOTiva.oem4f (.bss:gpioCallbackInfo)
                  20002282    00000002     buttons.obj (.bss)
                  20002284    0000003c     temperature.obj (.bss)
                  200022c0    00000034     (.common:currentParams)
                  200022f4    0000002c     (.common:sContext)
                  20002320    00000024     (.common:clk0Struct)
                  20002344    00000020     user_interface.obj (.bss:t$1)
                  20002364    00000020     (.common:g_pui8Dictionary)
                  20002384    00000020     (.common:motorParams)
                  200023a4    00000020     (.common:tempParams)
                  200023c4    0000001c     temperature.obj (.bss:i2cTransaction)
                  200023e0    0000001c     rtsv7M4_T_le_v4SPD16_eabi.lib : asctime.obj (.bss:time_buf)
                  200023fc    00000010     temperature.obj (.bss:i2cParams)
                  2000240c    0000000c     rtsv7M4_T_le_v4SPD16_eabi.lib : _tvaltostr.obj (.bss:tstr_out)
                  20002418    00000008     (.common:Ea)
                  20002420    00000008     (.common:Eb)
                  20002428    00000008     (.common:Fa)
                  20002430    00000008     (.common:Fb)
                  20002438    00000008     (.common:Ga)
                  20002440    00000008     (.common:Gb)
                  20002448    00000008     (.common:Ha)
                  20002450    00000008     (.common:Hb)
                  20002458    00000008     (.common:Ka)
                  20002460    00000008     (.common:P_G)
                  20002468    00000008     (.common:P_O)
                  20002470    00000008     (.common:P_R)
                  20002478    00000008     (.common:P_T)
                  20002480    00000008     (.common:parmbuf)
                  20002488    00000004     temperature.obj (.bss:rxBuffer)
                  2000248c    00000004     temperature.obj (.bss:txBuffer)
                  20002490    00000004     (.common:clk0Handle)
                  20002494    00000004     (.common:g_psGrLibDefaults)
                  20002498    00000004     (.common:gpioInterruptVectors)
                  2000249c    00000004     (.common:hallInt0)
                  200024a0    00000004     (.common:hallInt1)
                  200024a4    00000004     (.common:uiTask)

.data      0    200024a8    00000dd4     UNINITIALIZED
                  200024a8    00000080     i2ctmp006_pem4f.oem4f (.data:ti_sysbios_knl_Swi_Module_State_0_readyQ__A)
                  20002528    00000080     i2ctmp006_pem4f.oem4f (.data:ti_sysbios_knl_Task_Module_State_0_readyQ__A)
                  200025a8    00000050     i2ctmp006.obj (.data:g_sAddition1)
                  200025f8    00000050     i2ctmp006.obj (.data:g_sAddition2)
                  20002648    00000050     i2ctmp006.obj (.data:g_sAddition3)
                  20002698    00000050     i2ctmp006.obj (.data:g_sBack1)
                  200026e8    00000050     i2ctmp006.obj (.data:g_sBack2)
                  20002738    00000050     i2ctmp006.obj (.data:g_sBack3)
                  20002788    00000050     i2ctmp006.obj (.data:g_sBack4)
                  200027d8    00000050     i2ctmp006.obj (.data:g_sGraphCurrent)
                  20002828    00000050     i2ctmp006.obj (.data:g_sGraphSpeed)
                  20002878    00000050     i2ctmp006.obj (.data:g_sGraphTemp)
                  200028c8    00000050     i2ctmp006.obj (.data:g_sMenu)
                  20002918    00000050     i2ctmp006.obj (.data:g_sMotorStartStop)
                  20002968    00000050     i2ctmp006.obj (.data:g_sMotorState)
                  200029b8    00000050     i2ctmp006.obj (.data:g_sSave1)
                  20002a08    00000050     i2ctmp006.obj (.data:g_sSave2)
                  20002a58    00000050     i2ctmp006.obj (.data:g_sSave3)
                  20002aa8    00000050     i2ctmp006.obj (.data:g_sSetCurrent)
                  20002af8    00000050     i2ctmp006.obj (.data:g_sSetSpeed)
[...]
00013534  ti_sysbios_knl_Clock_Object__PARAMS__C                               
00013558  ti_sysbios_knl_Semaphore_Object__PARAMS__C                           
0001357c  xdc_runtime_Startup_sfxnTab__A                                       
000135a0  ti_sysbios_family_arm_m3_Hwi_Object__DESC__C                         
000135c0  ti_sysbios_gates_GateHwi_Object__DESC__C                             
000135e0  ti_sysbios_gates_GateMutex_Object__DESC__C                           
00013600  ti_sysbios_hal_Hwi_Object__DESC__C                                   
00013620  ti_sysbios_heaps_HeapMem_Object__DESC__C                             
00013640  ti_sysbios_knl_Clock_Object__DESC__C                                 
00013660  ti_sysbios_knl_Queue_Object__DESC__C                                 
00013680  ti_sysbios_knl_Semaphore_Object__DESC__C                             
000136a0  ti_sysbios_knl_Task_Object__DESC__C                                  
000136c0  I2CTiva_fxnTable                                                     
000136dc  ti_sysbios_gates_GateHwi_Object__PARAMS__C                           
000136f4  ti_sysbios_gates_GateMutex_Object__PARAMS__C                         
0001370c  ti_sysbios_knl_Queue_Object__PARAMS__C                               
00013724  GPIOTiva_config                                                      
00013738  xdc_runtime_Startup_firstFxns__A                                     
0001374c  HALL                                                                 
0001375e  PWM                                                                  
00013770  RESET                                                                
00013782  xdc_runtime_Startup_sfxnRts__A                                       
00013794  I2C_defaultParams                                                    
000137a4  g_psDefaultCodePointMapTable                                         
000137c4  ti_sysbios_family_arm_m3_Hwi_excHookFuncs__A                         
000137cc  ti_sysbios_knl_Idle_funcList__C                                      
000137d4  xdc_runtime_Startup_firstFxns__C                                     
000137dc  xdc_runtime_Startup_lastFxns__C                                      
000137e4  ti_catalog_arm_cortexm4_tiva_ce_Boot_A_mustNotUseEnhancedClockMode__C
000137e8  ti_catalog_arm_cortexm4_tiva_ce_Boot_Module__diagsEnabled__C         
000137ec  ti_catalog_arm_cortexm4_tiva_ce_Boot_Module__diagsIncluded__C        
000137f0  ti_catalog_arm_cortexm4_tiva_ce_Boot_Module__diagsMask__C            
000137f4  ti_sysbios_family_arm_lm4_Timer_enableFunc__C                        
000137f8  ti_sysbios_family_arm_lm4_Timer_numTimerDevices__C                   
000137fc  ti_sysbios_family_arm_lm4_Timer_startupNeeded__C                     
00013800  ti_sysbios_family_arm_m3_Hwi_E_NMI__C                                
00013804  ti_sysbios_family_arm_m3_Hwi_E_alreadyDefined__C                     
00013808  ti_sysbios_family_arm_m3_Hwi_E_busFault__C                           
0001380c  ti_sysbios_family_arm_m3_Hwi_E_debugMon__C                           
00013810  ti_sysbios_family_arm_m3_Hwi_E_hardFault__C                          
00013814  ti_sysbios_family_arm_m3_Hwi_E_memFault__C                           
00013818  ti_sysbios_family_arm_m3_Hwi_E_noIsr__C                              
0001381c  ti_sysbios_family_arm_m3_Hwi_E_reserved__C                           
00013820  ti_sysbios_family_arm_m3_Hwi_E_svCall__C                             
00013824  ti_sysbios_family_arm_m3_Hwi_E_usageFault__C                         
00013828  ti_sysbios_family_arm_m3_Hwi_NUM_INTERRUPTS__C                       
0001382c  ti_sysbios_family_arm_m3_Hwi_Object__count__C                        
00013830  ti_sysbios_family_arm_m3_Hwi_ccr__C                                  
00013834  ti_sysbios_family_arm_m3_Hwi_excHandlerFunc__C                       
00013838  ti_sysbios_family_arm_m3_Hwi_excHookFuncs__C                         
0001383c  ti_sysbios_family_arm_m3_Hwi_nullIsrFunc__C                          
00013840  ti_sysbios_family_arm_m3_Hwi_priGroup__C                             
00013844  ti_sysbios_family_arm_m3_TaskSupport_stackAlignment__C               
00013848  ti_sysbios_gates_GateMutex_Instance_State_sem__O                     
0001384c  ti_sysbios_hal_Hwi_E_stackOverflow__C                                
00013850  ti_sysbios_hal_SecondsClock_Module_State_clock__O                    
00013854  ti_sysbios_heaps_HeapMem_E_memory__C                                 
00013858  ti_sysbios_heaps_HeapMem_Module__gateObj__C                          
0001385c  ti_sysbios_heaps_HeapMem_Object__count__C                            
00013860  ti_sysbios_heaps_HeapMem_reqAlign__C                                 
00013864  ti_sysbios_knl_Clock_Module_State_clockQ__O                          
00013868  ti_sysbios_knl_Clock_tickPeriod__C                                   
0001386c  ti_sysbios_knl_Idle_funcList__A                                      
00013870  ti_sysbios_knl_Semaphore_Instance_State_pendQ__O                     
00013874  ti_sysbios_knl_Swi_Object__count__C                                  
00013878  ti_sysbios_knl_Task_E_spOutOfBounds__C                               
0001387c  ti_sysbios_knl_Task_E_stackOverflow__C                               
00013880  ti_sysbios_knl_Task_Module_State_inactiveQ__O                        
00013884  ti_sysbios_knl_Task_Object__count__C                                 
00013888  ti_sysbios_knl_Task_allBlockedFunc__C                                
0001388c  ti_sysbios_knl_Task_defaultStackHeap__C                              
00013890  ti_sysbios_knl_Task_defaultStackSize__C                              
00013894  ti_sysbios_knl_Task_numConstructedTasks__C                           
00013898  xdc_runtime_Assert_E_assertFailed__C                                 
0001389c  xdc_runtime_Core_A_initializedParams__C                              
000138a0  xdc_runtime_Core_Module__diagsEnabled__C                             
000138a4  xdc_runtime_Core_Module__diagsIncluded__C                            
000138a8  xdc_runtime_Core_Module__diagsMask__C                                
000138ac  xdc_runtime_Error_E_memory__C                                        
000138b0  xdc_runtime_Error_Module__diagsEnabled__C                            
000138b4  xdc_runtime_Error_Module__diagsIncluded__C                           
000138b8  xdc_runtime_Error_Module__diagsMask__C                               
000138bc  xdc_runtime_Error_Module__loggerFxn8__C                              
000138c0  xdc_runtime_Error_Module__loggerObj__C                               
000138c4  xdc_runtime_Error_policyFxn__C                                       
000138c8  xdc_runtime_Error_raiseHook__C                                       
000138cc  xdc_runtime_IGateProvider_Interface__BASE__C                         
000138d0  xdc_runtime_IHeap_Interface__BASE__C                                 
000138d4  xdc_runtime_IModule_Interface__BASE__C                               
000138d8  xdc_runtime_Log_L_error__C                                           
000138dc  xdc_runtime_Memory_defaultHeapInstance__C                            
000138e0  xdc_runtime_Startup_execImpl__C                                      
000138e4  xdc_runtime_Startup_maxPasses__C                                     
000138e8  xdc_runtime_Startup_sfxnRts__C                                       
000138ec  xdc_runtime_Startup_sfxnTab__C                                       
000138f0  xdc_runtime_SysMin_bufSize__C                                        
000138f4  xdc_runtime_SysMin_outputFunc__C                                     
000138f8  xdc_runtime_System_Module__gateObj__C                                
000138fc  xdc_runtime_System_abortFxn__C                                       
00013900  xdc_runtime_System_exitFxn__C                                        
00013904  xdc_runtime_System_extendFxn__C                                      
00013908  xdc_runtime_System_maxAtexitHandlers__C                              
0001390c  xdc_runtime_Text_charTab__C                                          
00013910  xdc_runtime_Text_nameEmpty__C                                        
00013914  xdc_runtime_Text_nameStatic__C                                       
00013918  xdc_runtime_Text_nameUnknown__C                                      
0001391c  xdc_runtime_Text_nodeTab__C                                          
00013920  xdc_runtime_Text_visitRopeFxn__C                                     
00013924  ti_sysbios_hal_Hwi_Module__id__C                                     
00013926  ti_sysbios_heaps_HeapMem_Module__id__C                               
00013928  ti_sysbios_knl_Task_Module__id__C                                    
0001392a  xdc_runtime_Core_Module__id__C                                       
0001392c  xdc_runtime_Error_Module__loggerDefined__C                           
0001392e  xdc_runtime_Error_maxDepth__C                                        
00013930  xdc_runtime_Memory_Module__id__C                                     
00013932  xdc_runtime_SysMin_flushAtExit__C                                    
00013934  xdc_runtime_Text_charCnt__C                                          
00013936  xdc_runtime_Text_isLoaded__C                                         
00013938  xdc_runtime_Text_registryModsLastId__C                               
0001393a  xdc_runtime_Text_unnamedModsLastId__C                                
00013940  __TI_static_base__                                                   
00013c9c  __TI_Handler_Table_Base                                              
00013ca8  __TI_Handler_Table_Limit                                             
00013cb8  __TI_CINIT_Base                                                      
00013cd0  __TI_CINIT_Limit                                                     
20000000  ti_sysbios_family_arm_m3_Hwi_ramVectors                              
20000360  taskStack                                                            
20000b60  ti_sysbios_heaps_HeapMem_Instance_State_0_buf__A                     
20001360  xdc_runtime_SysMin_Module_State_0_outbuf__A                          
20001760  ti_sysbios_family_arm_m3_Hwi_dispatchTable                           
20001ac0  ti_sysbios_knl_Task_Instance_State_0_stack__A                        
20001cc0  i2cTivaObjects                                                       
20002000  __CIOBUF_                                                            
20002120  uiParams                                                             
200022c0  currentParams                                                        
200022f4  sContext                                                             
20002320  clk0Struct                                                           
20002384  motorParams                                                          
200023a4  tempParams                                                           
20002418  Ea                                                                   
20002420  Eb                                                                   
20002428  Fa                                                                   
20002430  Fb                                                                   
20002438  Ga                                                                   
20002440  Gb                                                                   
20002448  Ha                                                                   
20002450  Hb                                                                   
20002458  Ka                                                                   
20002460  P_G                                                                  
20002468  P_O                                                                  
20002470  P_R                                                                  
20002478  P_T                                                                  
20002480  parmbuf                                                              
20002490  clk0Handle                                                           
2000249c  hallInt0                                                             
200024a0  hallInt1                                                             
200024a4  uiTask                                                               
200024a8  ti_sysbios_knl_Swi_Module_State_0_readyQ__A                          
20002528  ti_sysbios_knl_Task_Module_State_0_readyQ__A                         
200025a8  g_sAddition1                                                         
200025f8  g_sAddition2                                                         
20002648  g_sAddition3                                                         
20002698  g_sBack1                                                             
200026e8  g_sBack2                                                             
20002738  g_sBack3                                                             
20002788  g_sBack4                                                             
200027d8  g_sGraphCurrent                                                      
20002828  g_sGraphSpeed                                                        
20002878  g_sGraphTemp                                                         
200028c8  g_sMenu                                                              
20002918  g_sMotorStartStop                                                    
20002968  g_sMotorState                                                        
200029b8  g_sSave1                                                             
20002a08  g_sSave2                                                             
20002a58  g_sSave3                                                             
20002aa8  g_sSetCurrent                                                        
20002af8  g_sSetSpeed                                                          
20002b48  g_sSetTemp                                                           
20002b98  g_sSubtraction1                                                      
20002be8  g_sSubtraction2                                                      
20002c38  g_sSubtraction3                                                      
20002c88  ti_sysbios_knl_Task_Object__table__V                                 
20002cd4  ti_sysbios_knl_Task_Module__state__V                                 
20002d18  g_sBackground                                                        
20002d58  g_sGraphPage1                                                        
20002d98  g_sGraphPage2                                                        
20002dd8  g_sGraphPage3                                                        
20002e18  g_sMenuPage                                                          
20002e58  g_sSettingPage1                                                      
20002e98  g_sSettingPage2                                                      
20002ed8  g_sSettingPage3                                                      
20002f18  ti_sysbios_family_arm_lm4_Timer_Module_State_0_device__A             
20002f58  ti_sysbios_family_arm_lm4_Timer_Object__table__V                     
20002f98  ti_sysbios_hal_SecondsClock_Module__state__V                         
20002fd4  ti_sysbios_gates_GateMutex_Object__table__V                          
2000300c  ti_sysbios_family_arm_m3_Hwi_Module__state__V                        
20003040  ti_sysbios_knl_Swi_Object__table__V                                  
20003070  g_sRoot                                                              
200030a0  ti_sysbios_knl_Clock_Module__state__V                                
200030f0  ti_sysbios_BIOS_Module__state__V                                     
20003114  ti_sysbios_family_arm_lm4_Timer_Module_State_0_handles__A            
20003134  ti_sysbios_knl_Swi_Module__state__V                                  
20003150  gpioPinConfigs                                                       
20003168  ti_sysbios_family_arm_m3_Hwi_Object__table__V                        
20003180  ti_sysbios_heaps_HeapMem_Object__table__V                            
20003198  _tz                                                                  
200031a8  __TI_cleanup_ptr                                                     
200031ac  __TI_dtors_ptr                                                       
200031b0  __TI_enable_exit_profile_output                                      
200031b4  gpioCallbackFunctions                                                
200031c0  ti_sysbios_family_arm_lm4_Timer_Module__state__V                     
200031cc  xdc_runtime_SysMin_Module__state__V                                  
200031d8  _lock                                                                
200031dc  _unlock                                                              
200031e0  samples                                                              
200031e4  speed                                                                
200031e8  ti_sysbios_family_arm_m3_Hwi_Module__root__V                         
200031f0  ti_sysbios_gates_GateHwi_Module__root__V                             
200031f8  ti_sysbios_gates_GateMutex_Module__root__V                           
20003200  ti_sysbios_hal_Hwi_Module__root__V                                   
20003208  ti_sysbios_heaps_HeapMem_Module__root__V                             
20003210  ti_sysbios_knl_Clock_Module__root__V                                 
20003218  ti_sysbios_knl_Queue_Module__root__V                                 
20003220  ti_sysbios_knl_Semaphore_Module__root__V                             
20003228  ti_sysbios_knl_Task_Module__root__V                                  
20003230  xdc_runtime_Registry_Module__state__V                                
20003238  xdc_runtime_Startup_Module__state__V                                 
20003240  xdc_runtime_System_Module_State_0_atexitHandlers__A                  
20003248  xdc_runtime_System_Module__state__V                                  
2000325c  errno                                                                
20003260  main_func_sp                                                         
20003264  ti_sysbios_family_arm_m3_Hwi_Module_State_0_excContext__A            
20003268  ti_sysbios_family_arm_m3_Hwi_Module_State_0_excStack__A              
2000326c  ti_sysbios_gates_GateHwi_Object__table__V                            
20003270  ti_sysbios_knl_Task_Module_State_0_idleTask__A                       
20003274  xdc_runtime_Memory_Module__state__V                                  
20003278  ti_sysbios_family_arm_m3_Hwi_Module_State_0_excActive__A             
2000327a  xdc_runtime_Error_Module__state__V                                   
2000327c  __stack                                                              
20003a7c  __STACK_END                                                          
e000e000  ti_sysbios_family_arm_m3_Hwi_nvic                                    
ffffffff  __TI_pprof_out_hndl                                                  
ffffffff  __TI_prof_data_size                                                  
ffffffff  __TI_prof_data_start                                                 
ffffffff  __binit__                                                            
ffffffff  __c_args__                                                           
ffffffff  binit                                                                
UNDEFED   SHT$$INIT_ARRAY$$Base                                                
UNDEFED   SHT$$INIT_ARRAY$$Limit                                               

[802 symbols]
