******************************************************************************
                  TI ARM Linker PC v16.9.7                     
******************************************************************************
>> Linked Tue May 22 17:32:04 2018

OUTPUT FILE NAME:   <i2ctmp006_DK_TM4C129X_TI.out>
ENTRY POINT SYMBOL: "_c_int00"  address: 000035f1


MEMORY CONFIGURATION

         name            origin    length      used     unused   attr    fill
----------------------  --------  ---------  --------  --------  ----  --------
  FLASH                 00000000   00100000  00007594  000f8a6c  R  X
  SRAM                  20000000   00040000  00001e86  0003e17a  RW X


SEGMENT ALLOCATION MAP

run origin  load origin   length   init length attrs members
----------  ----------- ---------- ----------- ----- -------
00000000    00000000    000075a0   000075a0    r-x
  00000000    00000000    0000003c   0000003c    r-- .resetVecs
  00000040    00000040    00005252   00005252    r-x .text
  00005294    00005294    000020ee   000020ee    r-- .const
  00007388    00007388    00000218   00000218    r-- .cinit
20000000    20000000    00001e88   00000000    rw-
  20000000    20000000    00000360   00000000    rw- .vecs
  20000360    20000360    000013f0   00000000    rw- .bss
  20001750    20001750    00000436   00000000    rw- .data
  20001b88    20001b88    00000300   00000000    rw- .stack


SECTION ALLOCATION MAP

 output                                  attributes/
section   page    origin      length       input sections
--------  ----  ----------  ----------   ----------------
.text      0    00000040    00005252     
                  00000040    00000430     sysbios.aem4f : BIOS.obj (.text:ti_sysbios_family_arm_m3_Hwi_excDumpRegs__I)
                  00000470    0000034c     ti.targets.arm.rtsarm.aem4f : System.oem4f (.text:xdc_runtime_System_doPrint__I)
                  000007bc    00000204     Boot.aem4f : Boot_sysctl.oem4f (.text:ti_catalog_arm_cortexm4_tiva_ce_Boot_sysCtlClockFreqSetI__I)
                  000009c0    000001fc     sysbios.aem4f : BIOS.obj (.text:ti_sysbios_family_arm_m3_Hwi_excHandlerMax__I)
                  00000bbc    00000004     driverlib.lib : i2c.obj (.text:I2CMasterControl)
                  00000bc0    00000174     sysbios.aem4f : BIOS.obj (.text:ti_sysbios_family_arm_m3_Hwi_excBusFault__I)
                  00000d34    00000004     driverlib.lib : i2c.obj (.text:I2CMasterDataGet)
                  00000d38    00000164     sysbios.aem4f : BIOS.obj (.text:ti_sysbios_family_arm_m3_Hwi_excUsageFault__I)
                  00000e9c    00000004     driverlib.lib : i2c.obj (.text:I2CMasterDataPut)
                  00000ea0    00000154     sysbios.aem4f : BIOS.obj (.text:ti_sysbios_knl_Semaphore_pend__E)
                  00000ff4    00000150     drivers_tivaware.aem4f : GPIOTiva.oem4f (.text:GPIO_setConfig)
                  00001144    00000004     i2ctmp006_pem4f.oem4f (.text:ti_sysbios_BIOS_RtsGateProxy_enter__E)
                  00001148    00000148     sysbios.aem4f : BIOS.obj (.text:ti_sysbios_family_arm_m3_Hwi_excMemFault__I)
                  00001290    00000130     driverlib.lib : gpio.obj (.text:GPIOPadConfigSet)
                  000013c0    00000118     ti.targets.arm.rtsarm.aem4f : Error.oem4f (.text:xdc_runtime_Error_policyDefault__E)
                  000014d8    0000010c     i2ctmp006.obj (.text:taskFxn)
                  000015e4    00000004     i2ctmp006_pem4f.oem4f (.text:ti_sysbios_BIOS_RtsGateProxy_leave__E)
                  000015e8    00000108     sysbios.aem4f : BIOS.obj (.text:ti_sysbios_family_arm_lm4_Timer_start__E)
                  000016f0    00000100     ti.targets.arm.rtsarm.aem4f : Core-mem.oem4f (.text:xdc_runtime_Core_createObject__I)
                  000017f0    000000f8                                 : Startup.oem4f (.text:xdc_runtime_Startup_startMods__I)
                  000018e8    000000f8     i2ctmp006_pem4f.oem4f (.text:xdc_runtime_System_printfExtend__I)
                  000019e0    000000f4     sysbios.aem4f : m3_Hwi_asm.obj (.text:ti_sysbios_family_arm_m3_Hwi_dispatch__I)
                  00001ad4    000000e0     drivers_tivaware.aem4f : I2CTiva.oem4f (.text:I2CTiva_open)
                  00001bb4    00000004     sysbios.aem4f : BIOS.obj (.text:ti_sysbios_family_arm_lm4_Timer_masterEnable__I)
                  00001bb8    000000dc                   : BIOS.obj (.text:ti_sysbios_knl_Task_sleep__E)
                  00001c94    000000d6     drivers_tivaware.aem4f : I2CTiva.oem4f (.text:I2CTiva_hwiFxn)
                  00001d6a    00000006     driverlib.lib : gpio.obj (.text:GPIOIntClear)
                  00001d70    000000d4     sysbios.aem4f : BIOS.obj (.text:ti_sysbios_heaps_HeapMem_alloc__E)
                  00001e44    000000cc     i2ctmp006.obj (.text:main)
                  00001f10    000000cc     sysbios.aem4f : BIOS.obj (.text:ti_sysbios_knl_Task_Instance_init__E)
                  00001fdc    000000cc     ti.targets.arm.rtsarm.aem4f : Core-smem.oem4f (.text:xdc_runtime_Core_constructObject__I)
                  000020a8    000000bc     sysbios.aem4f : BIOS.obj (.text:ti_sysbios_family_arm_m3_Hwi_excDebugMon__I)
                  00002164    00000004     i2ctmp006_pem4f.oem4f (.text:ti_sysbios_family_arm_m3_Hwi_destruct)
                  00002168    000000bc     sysbios.aem4f : BIOS.obj (.text:ti_sysbios_family_arm_m3_Hwi_excHardFault__I)
                  00002224    00000004     i2ctmp006_pem4f.oem4f (.text:ti_sysbios_family_arm_m3_TaskSupport_Module__startupDone__S)
                  00002228    000000bc     sysbios.aem4f : BIOS.obj (.text:ti_sysbios_knl_Task_Instance_finalize__E)
                  000022e4    000000b8     DK_TM4C129X.obj (.text:DK_TM4C129X_initGeneral)
                  0000239c    00000004     i2ctmp006_pem4f.oem4f (.text:ti_sysbios_heaps_HeapMem_Module_GateProxy_enter__E)
                  000023a0    000000b4     sysbios.aem4f : BIOS.obj (.text:ti_sysbios_knl_Task_checkStacks__E)
                  00002454    00000004     i2ctmp006_pem4f.oem4f (.text:ti_sysbios_heaps_HeapMem_Module_GateProxy_leave__E)
                  00002458    000000ac     sysbios.aem4f : BIOS.obj (.text:ti_sysbios_family_arm_lm4_Timer_enableTiva__I)
                  00002504    000000a0     auto_init.aem4f : auto_init.oem4f (.text)
                  000025a4    000000a0     ti.targets.arm.rtsarm.aem4f : Text.oem4f (.text:xdc_runtime_Text_putMod__E)
                  00002644    0000009c     DK_TM4C129X.obj (.text:DK_TM4C129X_initI2C)
                  000026e0    0000009c     rtsv7M4_T_le_v4SPD16_eabi.lib : memcpy_t2.obj (.text)
                  0000277c    0000009a     ti.targets.arm.rtsarm.aem4f : Text.oem4f (.text:xdc_runtime_Text_putSite__E)
                  00002816    00000002     rtsv7M4_T_le_v4SPD16_eabi.lib : i_div0.obj (.text)
                  00002818    00000098     Boot.aem4f : Boot.oem4f (.text:ti_catalog_arm_cortexm4_tiva_ce_Boot_sysCtlClockFreqSet__E)
                  000028b0    00000094     sysbios.aem4f : BIOS.obj (.text:ti_sysbios_family_arm_m3_Hwi_Instance_init__E)
                  00002944    00000004     i2ctmp006_pem4f.oem4f (.text:ti_sysbios_knl_Clock_TimerProxy_getMaxTicks__E)
                  00002948    00000094     sysbios.aem4f : BIOS.obj (.text:ti_sysbios_family_arm_m3_Hwi_initNVIC__E)
                  000029dc    00000004     i2ctmp006_pem4f.oem4f (.text:ti_sysbios_knl_Queue_destruct)
                  000029e0    00000094     sysbios.aem4f : BIOS.obj (.text:ti_sysbios_knl_Task_postInit__I)
                  00002a74    0000008c     drivers_tivaware.aem4f : GPIOTiva.oem4f (.text:GPIO_init)
                  00002b00    0000008c     sysbios.aem4f : m3_TaskSupport_asm.obj (.text:ti_sysbios_family_arm_m3_TaskSupport_buildTaskStack)
                  00002b8c    00000004     i2ctmp006_pem4f.oem4f (.text:ti_sysbios_knl_Semaphore_destruct)
                  00002b90    00000084     sysbios.aem4f : BIOS.obj (.text:ti_sysbios_family_arm_m3_Hwi_postInit__I)
                  00002c14    0000007e     drivers_tivaware.aem4f : I2CTiva.oem4f (.text:I2CTiva_transfer)
                  00002c92    00000006     driverlib.lib : gpio.obj (.text:GPIOPinRead)
                  00002c98    0000007c     sysbios.aem4f : BIOS.obj (.text:ti_sysbios_heaps_HeapMem_free__E)
                  00002d14    0000007a     rtsv7M4_T_le_v4SPD16_eabi.lib : memset_t2.obj (.text)
                  00002d8e    00000002     i2ctmp006_pem4f.oem4f (.text:ti_sysbios_BIOS_nullFunc__I)
                  00002d90    00000070     sysbios.aem4f : BIOS.obj (.text:ti_sysbios_knl_Clock_workFunc__E)
                  00002e00    00000070                   : BIOS.obj (.text:ti_sysbios_knl_Task_exit__E)
                  00002e70    0000006d     ti.targets.arm.rtsarm.aem4f : System.oem4f (.text:xdc_runtime_System_formatNum__I)
                  00002edd    00000001     --HOLE-- [fill = 0]
                  00002ede    00000002     i2ctmp006_pem4f.oem4f (.text:xdc_runtime_Startup_reset__I)
                  00002ee0    0000006c     sysbios.aem4f : BIOS.obj (.text:ti_sysbios_knl_Swi_restoreHwi__E)
                  00002f4c    0000006c     ti.targets.arm.rtsarm.aem4f : Error.oem4f (.text:xdc_runtime_Error_print__E)
                  00002fb8    0000006c                                 : Memory.oem4f (.text:xdc_runtime_Memory_alloc__E)
                  00003024    00000068     rtsv7M4_T_le_v4SPD16_eabi.lib : copy_decompress_lzss.obj (.text:decompress:lzss)
                  0000308c    00000068                                   : trgmsg.obj (.text)
                  000030f4    00000066     ti.targets.arm.rtsarm.aem4f : Core-mem.oem4f (.text:xdc_runtime_Core_deleteObject__I)
                  0000315a    00000002     --HOLE-- [fill = 0]
                  0000315c    00000064     drivers_tivaware.aem4f : GPIOTiva.oem4f (.text:GPIO_hwiIntFxn)
                  000031c0    00000064     sysbios.aem4f : BIOS.obj (.text:ti_sysbios_family_arm_lm4_Timer_Module_startup__E)
                  00003224    00000064     i2ctmp006_pem4f.oem4f (.text:ti_sysbios_family_arm_m3_Hwi_create)
                  00003288    00000064     sysbios.aem4f : BIOS.obj (.text:ti_sysbios_family_arm_m3_Hwi_dispatchC__I)
                  000032ec    00000004     ti.targets.arm.rtsarm.aem4f : Error.oem4f (.text:xdc_runtime_Error_getSite__E)
                  000032f0    00000064     sysbios.aem4f : BIOS.obj (.text:ti_sysbios_knl_Semaphore_post__E)
                  00003354    00000062     drivers_tivaware.aem4f : I2CTiva.oem4f (.text:I2CTiva_primeTransfer)
                  000033b6    00000002     --HOLE-- [fill = 0]
                  000033b8    00000060     sysbios.aem4f : BIOS.obj (.text:ti_sysbios_knl_Task_schedule__I)
                  00003418    0000005c                   : BIOS.obj (.text:ti_sysbios_knl_Swi_run__I)
                  00003474    00000004     i2ctmp006_pem4f.oem4f (.text:xdc_runtime_System_Module_GateProxy_enter__E)
                  00003478    0000005c     sysbios.aem4f : BIOS.obj (.text:ti_sysbios_knl_Swi_schedule__I)
                  000034d4    00000004     i2ctmp006_pem4f.oem4f (.text:xdc_runtime_System_Module_GateProxy_leave__E)
                  000034d8    0000005c     sysbios.aem4f : BIOS.obj (.text:ti_sysbios_knl_Task_Module_startup__E)
                  00003534    00000004     ti.targets.arm.rtsarm.aem4f : System.oem4f (.text:xdc_runtime_System_aprintf_va__F)
                  00003538    0000005c     sysbios.aem4f : BIOS.obj (.text:ti_sysbios_knl_Task_startCore__E)
                  00003594    0000005b     ti.targets.arm.rtsarm.aem4f : Text.oem4f (.text:xdc_runtime_Text_putLab__E)
                  000035ef    00000001     --HOLE-- [fill = 0]
                  000035f0    00000058     boot.aem4f : boot.oem4f (.text)
                  00003648    00000058     rtsv7M4_T_le_v4SPD16_eabi.lib : hostwrite.obj (.text)
                  000036a0    00000058     i2ctmp006_pem4f.oem4f (.text:ti_sysbios_family_arm_m3_Hwi_construct)
                  000036f8    00000058     sysbios.aem4f : m3_Hwi_asm_switch.obj (.text:ti_sysbios_family_arm_m3_Hwi_initStacks__E)
                  00003750    00000056     driverlib.lib : gpio.obj (.text:GPIOIntTypeSet)
                  000037a6    00000002     --HOLE-- [fill = 0]
                  000037a8    00000054     rtsv7M4_T_le_v4SPD16_eabi.lib : exit.obj (.text)
                  000037fc    00000004     ti.targets.arm.rtsarm.aem4f : System.oem4f (.text:xdc_runtime_System_printf_va__F)
                  00003800    00000054     sysbios.aem4f : BIOS.obj (.text:ti_sysbios_family_arm_lm4_Timer_initDevice__I)
                  00003854    00000054     i2ctmp006_pem4f.oem4f (.text:ti_sysbios_knl_Task_construct)
                  000038a8    00000054     ti.targets.arm.rtsarm.aem4f : Assert.oem4f (.text:xdc_runtime_Assert_raise__I)
                  000038fc    00000050     drivers_tivaware.aem4f : GPIOTiva.oem4f (.text:GPIO_setCallback)
                  0000394c    00000050                            : GPIOTiva.oem4f (.text:GPIO_toggle)
                  0000399c    00000050                            : GPIOTiva.oem4f (.text:GPIO_write)
                  000039ec    00000050     Boot.aem4f : Boot_sysctl.oem4f (.text:_SysCtlFrequencyGet)
                  00003a3c    00000004     --HOLE-- [fill = 0]
                  00003a40    00000050     sysbios.aem4f : BIOS.obj (.text:ti_sysbios_family_arm_m3_Hwi_Module_startup__E)
                  00003a90    00000050     ti.targets.arm.rtsarm.aem4f : Startup.oem4f (.text:xdc_runtime_Startup_exec__E)
                  00003ae0    00000050                                 : Text.oem4f (.text:xdc_runtime_Text_visitRope2__I)
                  00003b30    0000004c     rtsv7M4_T_le_v4SPD16_eabi.lib : cpy_tbl.obj (.text)
                  00003b7c    00000004     --HOLE-- [fill = 0]
                  00003b80    0000004c     sysbios.aem4f : BIOS.obj (.text:ti_sysbios_heaps_HeapMem_getStats__E)
                  00003bcc    00000004     --HOLE-- [fill = 0]
                  00003bd0    0000004c                   : BIOS.obj (.text:ti_sysbios_knl_Swi_runLoop__I)
                  00003c1c    00000004     --HOLE-- [fill = 0]
                  00003c20    0000004c                   : BIOS.obj (.text:ti_sysbios_knl_Task_allBlockedFunction__I)
                  00003c6c    00000048     driverlib.lib : gpio.obj (.text:GPIOPinConfigure)
                  00003cb4    00000048                   : i2c.obj (.text:I2CMasterInitExpClk)
                  00003cfc    00000004     --HOLE-- [fill = 0]
                  00003d00    00000048     sysbios.aem4f : BIOS.obj (.text:ti_sysbios_family_arm_lm4_Timer_enableTimers__I)
                  00003d48    00000048                   : BIOS.obj (.text:ti_sysbios_family_arm_m3_Hwi_disableInterrupt__E)
                  00003d90    00000048                   : BIOS.obj (.text:ti_sysbios_family_arm_m3_Hwi_enableInterrupt__E)
                  00003dd8    00000048                   : BIOS.obj (.text:ti_sysbios_family_arm_m3_Hwi_excReserved__I)
                  00003e20    00000046     ti.targets.arm.rtsarm.aem4f : Core-params.oem4f (.text:xdc_runtime_Core_assignParams__I)
                  00003e66    00000002     --HOLE-- [fill = 0]
                  00003e68    00000044     sysbios.aem4f : BIOS.obj (.text:ti_sysbios_family_arm_lm4_Timer_isrStub__E)
                  00003eac    00000004     --HOLE-- [fill = 0]
                  00003eb0    00000044                   : BIOS.obj (.text:ti_sysbios_family_arm_m3_Hwi_getStackInfo__E)
                  00003ef4    00000004     --HOLE-- [fill = 0]
                  00003ef8    00000044                   : BIOS.obj (.text:ti_sysbios_knl_Swi_post__E)
                  00003f3c    00000044     ti.targets.arm.rtsarm.aem4f : Error.oem4f (.text:xdc_runtime_Error_setX__E)
                  00003f80    00000044                                 : SysMin.oem4f (.text:xdc_runtime_SysMin_flush__E)
                  00003fc4    00000044                                 : Text.oem4f (.text:xdc_runtime_Text_xprintf__I)
                  00004008    00000040     rtsv7M4_T_le_v4SPD16_eabi.lib : u_divt2.obj (.text)
                  00004048    00000040     sysbios.aem4f : BIOS.obj (.text:ti_sysbios_family_arm_lm4_Timer_startup__E)
                  00004088    00000040                   : BIOS.obj (.text:ti_sysbios_heaps_HeapMem_Instance_init__E)
                  000040c8    0000003c     i2ctmp006.obj (.text:i2c_init)
                  00004104    00000004     --HOLE-- [fill = 0]
                  00004108    0000003c     sysbios.aem4f : BIOS.obj (.text:ti_sysbios_family_arm_m3_Hwi_excSvCall__I)
                  00004144    00000004     --HOLE-- [fill = 0]
                  00004148    0000003c                   : BIOS.obj (.text:ti_sysbios_heaps_HeapMem_init__I)
                  00004184    00000004     --HOLE-- [fill = 0]
                  00004188    0000003c                   : BIOS.obj (.text:ti_sysbios_knl_Swi_restore__E)
                  000041c4    0000003a     drivers_tivaware.aem4f : I2CTiva.oem4f (.text:I2CTiva_completeTransfer)
                  000041fe    00000002     --HOLE-- [fill = 0]
                  00004200    00000038                            : I2C.oem4f (.text:I2C_init)
                  00004238    00000038     sysbios.aem4f : BIOS.obj (.text:ti_sysbios_family_arm_m3_Hwi_excNoIsr__I)
                  00004270    00000038                   : BIOS.obj (.text:ti_sysbios_knl_Task_processVitalTaskFlag__I)
                  000042a8    00000038     ti.targets.arm.rtsarm.aem4f : SysMin.oem4f (.text:xdc_runtime_SysMin_putch__E)
                  000042e0    00000038                                 : System.oem4f (.text:xdc_runtime_System_atexit__E)
                  00004318    00000036     drivers_tivaware.aem4f : I2CTiva.oem4f (.text:I2CTiva_close)
                  0000434e    00000002     --HOLE-- [fill = 0]
                  00004350    00000034     driverlib.lib : sysctl.obj (.text:SysCtlPeripheralEnable)
                  00004384    00000004     --HOLE-- [fill = 0]
                  00004388    00000034     sysbios.aem4f : BIOS.obj (.text:ti_sysbios_family_arm_m3_Hwi_Instance_finalize__E)
                  000043bc    00000004     --HOLE-- [fill = 0]
                  000043c0    00000034                   : BIOS.obj (.text:ti_sysbios_family_arm_m3_Hwi_excNmi__I)
                  000043f4    00000004     --HOLE-- [fill = 0]
                  000043f8    00000034                   : BIOS.obj (.text:ti_sysbios_hal_Hwi_checkStack)
                  0000442c    00000034     ti.targets.arm.rtsarm.aem4f : Core-label.oem4f (.text:xdc_runtime_Core_assignLabel__I)
                  00004460    00000033                                 : Text.oem4f (.text:xdc_runtime_Text_printVisFxn__I)
                  00004493    00000005     --HOLE-- [fill = 0]
                  00004498    00000032     sysbios.aem4f : BIOS.obj (.text:ti_sysbios_hal_Hwi_initStack)
                  000044ca    00000002     --HOLE-- [fill = 0]
                  000044cc    00000030     drivers_tivaware.aem4f : I2C.oem4f (.text:I2C_open)
                  000044fc    00000030     i2ctmp006_pem4f.oem4f (.text:ti_sysbios_BIOS_atExitFunc__I)
                  0000452c    00000004     --HOLE-- [fill = 0]
                  00004530    00000030     sysbios.aem4f : BIOS.obj (.text:ti_sysbios_family_arm_lm4_Timer_stop__E)
                  00004560    00000030                   : BIOS.obj (.text:ti_sysbios_family_arm_m3_TaskSupport_start__E)
                  00004590    00000030     i2ctmp006_pem4f.oem4f (.text:ti_sysbios_gates_GateHwi_Object__create__S)
                  000045c0    00000030     i2ctmp006_pem4f.oem4f (.text:ti_sysbios_gates_GateMutex_Object__create__S)
                  000045f0    00000030     sysbios.aem4f : BIOS.obj (.text:ti_sysbios_gates_GateMutex_enter__E)
                  00004620    00000030     i2ctmp006_pem4f.oem4f (.text:ti_sysbios_heaps_HeapMem_Object__create__S)
                  00004650    00000030     i2ctmp006_pem4f.oem4f (.text:ti_sysbios_knl_Semaphore_construct)
                  00004680    00000030     sysbios.aem4f : BIOS.obj (.text:ti_sysbios_knl_Semaphore_pendTimeout__I)
                  000046b0    00000030                   : BIOS.obj (.text:ti_sysbios_knl_Task_unblockI__E)
                  000046e0    00000030     ti.targets.arm.rtsarm.aem4f : SysMin.oem4f (.text:xdc_runtime_SysMin_abort__E)
                  00004710    00000030                                 : System.oem4f (.text:xdc_runtime_System_processAtExit__E)
                  00004740    0000002c     i2ctmp006_pem4f.oem4f (.text:ti_sysbios_knl_Clock_doTick__I)
                  0000476c    0000002c     i2ctmp006_pem4f.oem4f (.text:ti_sysbios_knl_Queue_construct)
                  00004798    0000002c     sysbios.aem4f : BIOS.obj (.text:ti_sysbios_knl_Task_restore__E)
                  000047c4    0000002c     ti.targets.arm.rtsarm.aem4f : Text.oem4f (.text:xdc_runtime_Text_cordText__E)
                  000047f0    0000002a     driverlib.lib : gpio.obj (.text:GPIODirModeSet)
                  0000481a    0000002a     ti.targets.arm.rtsarm.aem4f : System.oem4f (.text:xdc_runtime_System_putchar__I)
                  00004844    00000004     --HOLE-- [fill = 0]
                  00004848    00000028     sysbios.aem4f : BIOS.obj (.text:ti_sysbios_knl_Swi_Module_startup__E)
                  00004870    00000026                   : m3_Hwi_asm.obj (.text:ti_sysbios_family_arm_m3_Hwi_pendSV__I)
                  00004896    00000026     ti.targets.arm.rtsarm.aem4f : System.oem4f (.text:xdc_runtime_System_avprintf__E)
                  000048bc    00000024     i2ctmp006_pem4f.oem4f (.text:ti_sysbios_BIOS_errorRaiseHook__I)
                  000048e0    00000024     i2ctmp006_pem4f.oem4f (.text:ti_sysbios_BIOS_registerRTSLock__I)
                  00004904    00000024     i2ctmp006_pem4f.oem4f (.text:ti_sysbios_BIOS_removeRTSLock__I)
                  00004928    00000024     i2ctmp006_pem4f.oem4f (.text:ti_sysbios_BIOS_startFunc__I)
                  0000494c    00000024     i2ctmp006_pem4f.oem4f (.text:ti_sysbios_gates_GateMutex_Object__delete__S)
                  00004970    00000024     sysbios.aem4f : BIOS.obj (.text:ti_sysbios_knl_Clock_Module_startup__E)
                  00004994    00000004     --HOLE-- [fill = 0]
                  00004998    00000024                   : BIOS.obj (.text:ti_sysbios_knl_Semaphore_Instance_init__E)
                  000049bc    00000004     --HOLE-- [fill = 0]
                  000049c0    00000024                   : BIOS.obj (.text:ti_sysbios_knl_Task_restoreHwi__E)
                  000049e4    00000024     ti.targets.arm.rtsarm.aem4f : System.oem4f (.text:xdc_runtime_System_vprintf__E)
                  00004a08    00000022     sysbios.aem4f : BIOS.obj (.text:ti_sysbios_family_arm_lm4_Timer_write__I)
                  00004a2a    00000022     i2ctmp006_pem4f.oem4f (.text:xdc_runtime_SysMin_output__I)
                  00004a4c    00000020     Boot.aem4f : Boot_sysctl.oem4f (.text:_SysCtlMemTimingGet)
                  00004a6c    00000020     i2ctmp006_pem4f.oem4f (.text:ti_sysbios_BIOS_rtsLock__I)
                  00004a8c    00000020     sysbios.aem4f : m3_Hwi_asm.obj (.text:ti_sysbios_family_arm_m3_Hwi_excHandlerAsm__I)
                  00004aac    00000004     --HOLE-- [fill = 0]
                  00004ab0    00000020                   : BIOS.obj (.text:ti_sysbios_family_arm_m3_Hwi_excHandler__I)
                  00004ad0    00000020     i2ctmp006_pem4f.oem4f (.text:ti_sysbios_gates_GateHwi_Object__delete__S)
                  00004af0    00000020     i2ctmp006_pem4f.oem4f (.text:ti_sysbios_heaps_HeapMem_Object__delete__S)
                  00004b10    00000020     sysbios.aem4f : BIOS.obj (.text:ti_sysbios_knl_Idle_run__E)
                  00004b30    00000020     i2ctmp006_pem4f.oem4f (.text:ti_sysbios_knl_Semaphore_Object__destruct__S)
                  00004b50    00000020     ti.targets.arm.rtsarm.aem4f : Registry.oem4f (.text:xdc_runtime_Registry_findById__E)
                  00004b70    00000020                                 : SysMin.oem4f (.text:xdc_runtime_SysMin_Module_startup__E)
                  00004b90    0000001e     sysbios.aem4f : m3_Hwi_asm_switch.obj (.text:ti_sysbios_family_xxx_Hwi_switchAndRunFunc)
                  00004bae    0000001c     drivers_tivaware.aem4f : GPIOTiva.oem4f (.text:getGpioIntIndex)
                  00004bca    00000002     --HOLE-- [fill = 0]
                  00004bcc    0000001c     i2ctmp006_pem4f.oem4f (.text:ti_sysbios_family_arm_m3_Hwi_Object__destruct__S)
                  00004be8    0000001c     sysbios.aem4f : BIOS.obj (.text:ti_sysbios_gates_GateMutex_Instance_init__E)
                  00004c04    0000001c     i2ctmp006_pem4f.oem4f (.text:ti_sysbios_knl_Queue_Object__destruct__S)
                  00004c20    0000001c     sysbios.aem4f : BIOS.obj (.text:ti_sysbios_knl_Queue_put__E)
                  00004c3c    00000004     --HOLE-- [fill = 0]
                  00004c40    0000001c                   : BIOS.obj (.text:ti_sysbios_knl_Task_enter__I)
                  00004c5c    0000001c     ti.targets.arm.rtsarm.aem4f : Error.oem4f (.text:xdc_runtime_Error_raiseX__E)
                  00004c78    0000001c                                 : Memory.oem4f (.text:xdc_runtime_Memory_valloc__E)
                  00004c94    0000001c                                 : SysMin.oem4f (.text:xdc_runtime_SysMin_exit__E)
                  00004cb0    0000001c                                 : System.oem4f (.text:xdc_runtime_System_abort__E)
                  00004ccc    0000001a     i2ctmp006_pem4f.oem4f (.text:ti_sysbios_family_arm_m3_Hwi_Handle__label__S)
                  00004ce6    0000001a     i2ctmp006_pem4f.oem4f (.text:ti_sysbios_gates_GateHwi_Handle__label__S)
                  00004d00    0000001a     i2ctmp006_pem4f.oem4f (.text:ti_sysbios_gates_GateMutex_Handle__label__S)
                  00004d1a    0000001a     i2ctmp006_pem4f.oem4f (.text:ti_sysbios_heaps_HeapMem_Handle__label__S)
                  00004d34    0000001a     i2ctmp006_pem4f.oem4f (.text:ti_sysbios_knl_Swi_Handle__label__S)
                  00004d4e    0000001a     i2ctmp006_pem4f.oem4f (.text:ti_sysbios_knl_Task_Handle__label__S)
                  00004d68    0000001a     i2ctmp006_pem4f.oem4f (.text:xdc_runtime_System_aprintf__E)
                  00004d82    0000001a     i2ctmp006_pem4f.oem4f (.text:xdc_runtime_System_printf__E)
                  00004d9c    00000018     i2ctmp006.obj (.text:UserCallbackFxn)
                  00004db4    00000018     rtsv7M4_T_le_v4SPD16_eabi.lib : args_main.obj (.text)
                  00004dcc    00000018     i2ctmp006_pem4f.oem4f (.text:ti_sysbios_BIOS_rtsUnlock__I)
                  00004de4    00000018     i2ctmp006_pem4f.oem4f (.text:ti_sysbios_family_arm_lm4_Timer_Module__startupDone__F)
                  00004dfc    00000018     i2ctmp006_pem4f.oem4f (.text:ti_sysbios_family_arm_m3_Hwi_Module__startupDone__F)
                  00004e14    00000018     sysbios.aem4f : m3_TaskSupport_asm.obj (.text:ti_sysbios_family_arm_m3_TaskSupport_swap__E)
                  00004e2c    00000004     --HOLE-- [fill = 0]
                  00004e30    00000018                   : BIOS.obj (.text:ti_sysbios_gates_GateMutex_leave__E)
                  00004e48    00000018                   : BIOS.obj (.text:ti_sysbios_knl_Task_sleepTimeout__I)
                  00004e60    00000018     ti.targets.arm.rtsarm.aem4f : Error.oem4f (.text:xdc_runtime_Error_check__E)
                  00004e78    00000018                                 : System.oem4f (.text:xdc_runtime_System_exit__E)
                  00004e90    00000018                                 : Text.oem4f (.text:xdc_runtime_Text_ropeText__E)
                  00004ea8    00000016     driverlib.lib : i2c.obj (.text:I2CMasterErr)
                  00004ebe    00000016     i2ctmp006_pem4f.oem4f (.text:ti_sysbios_BIOS_exitFunc__I)
                  00004ed4    00000016     i2ctmp006.obj (.text:ti_sysbios_knl_Task_Params_init)
                  00004eea    00000002     --HOLE-- [fill = 0]
                  00004eec    00000014     rtsv7M4_T_le_v4SPD16_eabi.lib : _lock.obj (.text)
                  00004f00    00000014                                   : strlen.obj (.text)
                  00004f14    00000014     i2ctmp006_pem4f.oem4f (.text:ti_sysbios_family_arm_m3_Hwi_Object__get__S)
                  00004f28    00000014     sysbios.aem4f : BIOS.obj (.text:ti_sysbios_family_arm_m3_Hwi_switchFromBootStack__E)
                  00004f3c    00000014     i2ctmp006_pem4f.oem4f (.text:ti_sysbios_heaps_HeapMem_Object__get__S)
                  00004f50    00000014     i2ctmp006_pem4f.oem4f (.text:ti_sysbios_knl_Swi_Object__get__S)
                  00004f64    00000012     driverlib.lib : gpio.obj (.text:GPIOPinTypeI2C)
                  00004f76    00000012                   : gpio.obj (.text:GPIOPinTypeI2CSCL)
                  00004f88    00000012     sysbios.aem4f : BIOS.obj (.text:ti_sysbios_hal_Hwi_Module_startup__E)
                  00004f9a    00000012     i2ctmp006_pem4f.oem4f (.text:xdc_runtime_Startup_exec__I)
                  00004fac    00000010     i2ctmp006_pem4f.oem4f (.text:.bootCodeSection:ti_catalog_arm_cortexm4_tiva_ce_Boot_init__I)
                  00004fbc    00000010     drivers_tivaware.aem4f : I2C.oem4f (.text:I2C_Params_init)
                  00004fcc    00000004     --HOLE-- [fill = 0]
                  00004fd0    00000010     sysbios.aem4f : BIOS.obj (.text:ti_sysbios_BIOS_getCpuFreq__E)
                  00004fe0    00000010                   : BIOS.obj (.text:ti_sysbios_BIOS_setThreadType__E)
                  00004ff0    00000010                   : BIOS.obj (.text:ti_sysbios_BIOS_start__E)
                  00005000    00000010                   : m3_TaskSupport_asm.obj (.text:ti_sysbios_family_arm_m3_TaskSupport_glue)
                  00005010    00000010                   : BIOS.obj (.text:ti_sysbios_gates_GateMutex_Instance_finalize__E)
                  00005020    00000010                   : BIOS.obj (.text:ti_sysbios_knl_Semaphore_Instance_finalize__E)
                  00005030    00000010                   : BIOS.obj (.text:ti_sysbios_knl_Swi_disable__E)
                  00005040    00000010     i2ctmp006_pem4f.oem4f (.text:ti_sysbios_knl_Task_Object__get__S)
                  00005050    00000010     sysbios.aem4f : BIOS.obj (.text:ti_sysbios_knl_Task_disable__E)
                  00005060    00000010     ti.targets.arm.rtsarm.aem4f : Gate.oem4f (.text:xdc_runtime_Gate_leaveSystem__E)
                  00005070    00000010                                 : Memory.oem4f (.text:xdc_runtime_Memory_free__E)
                  00005080    00000010                                 : SysMin.oem4f (.text:xdc_runtime_SysMin_ready__E)
                  00005090    00000010                                 : System.oem4f (.text:xdc_runtime_System_vsnprintf__E)
                  000050a0    00000010     i2ctmp006_pem4f.oem4f (.text:xdc_runtime_Text_visitRope__I)
                  000050b0    0000000e     driverlib.lib : gpio.obj (.text:GPIOIntStatus)
                  000050be    0000000e     rtsv7M4_T_le_v4SPD16_eabi.lib : copy_decompress_none.obj (.text:decompress:none)
                  000050cc    00000004     --HOLE-- [fill = 0]
                  000050d0    0000000e     sysbios.aem4f : BIOS.obj (.text:ti_sysbios_knl_Idle_loop__E)
                  000050de    00000002     --HOLE-- [fill = 0]
                  000050e0    0000000e                   : BIOS.obj (.text:ti_sysbios_knl_Queue_empty__E)
                  000050ee    0000000c     rtsv7M4_T_le_v4SPD16_eabi.lib : copy_zero_init.obj (.text:decompress:ZI)
                  000050fa    00000006     driverlib.lib : gpio.obj (.text:GPIOPinWrite)
                  00005100    0000000c     sysbios.aem4f : BIOS.obj (.text:ti_sysbios_family_arm_lm4_Timer_getMaxTicks__E)
                  0000510c    0000000c     i2ctmp006_pem4f.oem4f (.text:ti_sysbios_family_arm_m3_Hwi_Params__init__S)
                  00005118    0000000c     sysbios.aem4f : BIOS.obj (.text:ti_sysbios_family_arm_m3_Hwi_disableFxn__E)
                  00005124    00000004     --HOLE-- [fill = 0]
                  00005128    0000000c                   : BIOS.obj (.text:ti_sysbios_family_arm_m3_TaskSupport_checkStack__E)
                  00005134    00000004     --HOLE-- [fill = 0]
                  00005138    0000000c                   : BIOS.obj (.text:ti_sysbios_family_arm_m3_TaskSupport_getStackAlignment__E)
                  00005144    00000004     --HOLE-- [fill = 0]
                  00005148    0000000c                   : BIOS.obj (.text:ti_sysbios_gates_GateHwi_enter__E)
                  00005154    0000000c     i2ctmp006_pem4f.oem4f (.text:ti_sysbios_knl_Queue_Object__get__S)
                  00005160    0000000c     i2ctmp006_pem4f.oem4f (.text:ti_sysbios_knl_Semaphore_Params__init__S)
                  0000516c    0000000c     i2ctmp006_pem4f.oem4f (.text:ti_sysbios_knl_Task_Params__init__S)
                  00005178    0000000c     ti.targets.arm.rtsarm.aem4f : Error.oem4f (.text:xdc_runtime_Error_init__E)
                  00005184    0000000c                                 : Gate.oem4f (.text:xdc_runtime_Gate_enterSystem__E)
                  00005190    0000000c                                 : Memory.oem4f (.text:xdc_runtime_Memory_calloc__E)
                  0000519c    0000000c                                 : Memory.oem4f (.text:xdc_runtime_Memory_getMaxDefaultTypeAlign__E)
                  000051a8    0000000a     driverlib.lib : i2c.obj (.text:I2CMasterDisable)
                  000051b2    0000000a                   : i2c.obj (.text:I2CMasterEnable)
                  000051bc    0000000a     drivers_tivaware.aem4f : I2CTiva.oem4f (.text:I2CTiva_init)
                  000051c6    0000000a                            : I2C.oem4f (.text:I2C_close)
                  000051d0    0000000a                            : I2C.oem4f (.text:I2C_transfer)
                  000051da    0000000a     i2ctmp006_pem4f.oem4f (.text:xdc_runtime_IHeap_alloc)
                  000051e4    0000000a     i2ctmp006_pem4f.oem4f (.text:xdc_runtime_IHeap_free)
                  000051ee    00000008     DK_TM4C129X.obj (.text:DK_TM4C129X_initGPIO)
                  000051f6    00000008     driverlib.lib : i2c.obj (.text:I2CMasterIntClear)
                  000051fe    00000008                   : i2c.obj (.text:I2CMasterSlaveAddrSet)
                  00005206    00000008     drivers_tivaware.aem4f : I2CTiva.oem4f (.text:I2CTiva_blockingCallback)
                  0000520e    00000008     sysbios.aem4f : BIOS.obj (.text:ti_sysbios_family_arm_lm4_Timer_masterDisable__I)
                  00005216    00000002     --HOLE-- [fill = 0]
                  00005218    00000008                   : BIOS.obj (.text:ti_sysbios_family_arm_m3_Hwi_doSwiRestore__I)
                  00005220    00000008                   : BIOS.obj (.text:ti_sysbios_family_arm_m3_Hwi_startup__E)
                  00005228    00000006     driverlib.lib : i2c.obj (.text:I2CMasterIntDisable)
                  0000522e    00000006                   : i2c.obj (.text:I2CMasterIntEnable)
                  00005234    00000006     drivers_tivaware.aem4f : I2CTiva.oem4f (.text:I2CTiva_control)
                  0000523a    00000006     ti.targets.arm.rtsarm.aem4f : System.oem4f (.text:xdc_runtime_System_Module_startup__E)
                  00005240    00000006     sysbios.aem4f : BIOS.obj (.text:ti_sysbios_family_arm_m3_Hwi_doTaskRestore__I)
                  00005246    00000002     --HOLE-- [fill = 0]
                  00005248    00000006                   : BIOS.obj (.text:ti_sysbios_family_arm_m3_Hwi_restoreFxn__E)
                  0000524e    00000002     --HOLE-- [fill = 0]
                  00005250    00000006                   : BIOS.obj (.text:ti_sysbios_gates_GateHwi_leave__E)
                  00005256    00000002     --HOLE-- [fill = 0]
                  00005258    00000006                   : BIOS.obj (.text:ti_sysbios_heaps_HeapMem_isBlocking__E)
                  0000525e    00000002     --HOLE-- [fill = 0]
                  00005260    00000006                   : BIOS.obj (.text:ti_sysbios_knl_Queue_Instance_init__E)
                  00005266    00000002     --HOLE-- [fill = 0]
                  00005268    00000006                   : BIOS.obj (.text:ti_sysbios_knl_Swi_startup__E)
                  0000526e    00000002     --HOLE-- [fill = 0]
                  00005270    00000004                   : BIOS.obj (.text:ti_sysbios_gates_GateHwi_query__E)
                  00005274    00000004     --HOLE-- [fill = 0]
                  00005278    00000004                   : BIOS.obj (.text:ti_sysbios_gates_GateMutex_query__E)
                  0000527c    00000004     --HOLE-- [fill = 0]
                  00005280    00000004                   : BIOS.obj (.text:ti_sysbios_knl_Task_startup__E)
                  00005284    00000004     --HOLE-- [fill = 0]
                  00005288    00000002                   : BIOS.obj (.text:ti_sysbios_gates_GateHwi_Instance_init__E)
                  0000528a    00000006     --HOLE-- [fill = 0]
                  00005290    00000002                   : BIOS.obj (.text:ti_sysbios_knl_Clock_logTick__E)

.const     0    00005294    000020ee     
                  00005294    00001861     i2ctmp006_pem4f.oem4f (.const:xdc_runtime_Text_charTab__A)
                  00006af5    00000001     i2ctmp006_pem4f.oem4f (.const:xdc_runtime_Error_policy__C)
                  00006af6    00000002     i2ctmp006_pem4f.oem4f (.const:ti_catalog_arm_cortexm4_tiva_ce_Boot_Module__id__C)
                  00006af8    00000120     Boot.aem4f : Boot_sysctl.oem4f (.const:g_pppui32XTALtoVCO)
                  00006c18    000000bc     i2ctmp006_pem4f.oem4f (.const:xdc_runtime_Text_nodeTab__A)
                  00006cd4    00000090     driverlib.lib : gpio.obj (.const:g_pui32GPIOBaseAddrs)
                  00006d64    0000006c     Boot.aem4f : Boot_sysctl.oem4f (.const:g_pui32Xtals)
                  00006dd0    00000054     drivers_tivaware.aem4f : GPIOTiva.oem4f (.const:.string)
                  00006e24    00000048     i2ctmp006_pem4f.oem4f (.const:.string)
                  00006e6c    00000048     drivers_tivaware.aem4f : GPIOTiva.oem4f (.const:gpioBaseAddresses)
                  00006eb4    0000003c     i2ctmp006_pem4f.oem4f (.const:ti_sysbios_knl_Task_Object__PARAMS__C)
                  00006ef0    00000030     DK_TM4C129X.obj (.const:I2C_config)
                  00006f20    00000030     Boot.aem4f : Boot_sysctl.oem4f (.const:g_sXTALtoMEMTIM)
                  00006f50    00000030     i2ctmp006_pem4f.oem4f (.const:ti_sysbios_family_arm_m3_Hwi_Object__PARAMS__C)
                  00006f80    00000028     i2ctmp006_pem4f.oem4f (.const:ti_sysbios_heaps_HeapMem_Module__FXNS__C)
                  00006fa8    00000024     DK_TM4C129X.obj (.const:i2cTivaHWAttrs)
                  00006fcc    00000024     i2ctmp006_pem4f.oem4f (.const:ti_sysbios_gates_GateHwi_Module__FXNS__C)
                  00006ff0    00000024     i2ctmp006_pem4f.oem4f (.const:ti_sysbios_gates_GateMutex_Module__FXNS__C)
                  00007014    00000024     i2ctmp006_pem4f.oem4f (.const:ti_sysbios_heaps_HeapMem_Object__PARAMS__C)
                  00007038    00000024     i2ctmp006_pem4f.oem4f (.const:ti_sysbios_knl_Semaphore_Object__PARAMS__C)
                  0000705c    00000020     i2ctmp006_pem4f.oem4f (.const:ti_sysbios_family_arm_m3_Hwi_Object__DESC__C)
                  0000707c    00000020     i2ctmp006_pem4f.oem4f (.const:ti_sysbios_gates_GateHwi_Object__DESC__C)
                  0000709c    00000020     i2ctmp006_pem4f.oem4f (.const:ti_sysbios_gates_GateMutex_Object__DESC__C)
                  000070bc    00000020     i2ctmp006_pem4f.oem4f (.const:ti_sysbios_heaps_HeapMem_Object__DESC__C)
                  000070dc    00000020     i2ctmp006_pem4f.oem4f (.const:ti_sysbios_knl_Queue_Object__DESC__C)
                  000070fc    00000020     i2ctmp006_pem4f.oem4f (.const:ti_sysbios_knl_Semaphore_Object__DESC__C)
                  0000711c    00000020     i2ctmp006_pem4f.oem4f (.const:ti_sysbios_knl_Task_Object__DESC__C)
                  0000713c    00000020     i2ctmp006_pem4f.oem4f (.const:xdc_runtime_Startup_sfxnTab__A)
                  0000715c    0000001c     drivers_tivaware.aem4f : I2CTiva.oem4f (.const)
                  00007178    00000018     i2ctmp006_pem4f.oem4f (.const:ti_sysbios_gates_GateHwi_Object__PARAMS__C)
                  00007190    00000018     i2ctmp006_pem4f.oem4f (.const:ti_sysbios_gates_GateMutex_Object__PARAMS__C)
                  000071a8    00000018     i2ctmp006_pem4f.oem4f (.const:ti_sysbios_knl_Queue_Object__PARAMS__C)
                  000071c0    00000014     DK_TM4C129X.obj (.const:GPIOTiva_config)
                  000071d4    00000014     i2ctmp006_pem4f.oem4f (.const:xdc_runtime_Startup_firstFxns__A)
                  000071e8    00000010     drivers_tivaware.aem4f : I2C.oem4f (.const)
                  000071f8    00000010     i2ctmp006_pem4f.oem4f (.const:xdc_runtime_Startup_sfxnRts__A)
                  00007208    00000008     Boot.aem4f : Boot_sysctl.oem4f (.const)
                  00007210    00000008     i2ctmp006_pem4f.oem4f (.const:ti_sysbios_family_arm_m3_Hwi_excHookFuncs__A)
                  00007218    00000008     i2ctmp006_pem4f.oem4f (.const:ti_sysbios_knl_Idle_funcList__C)
                  00007220    00000008     i2ctmp006_pem4f.oem4f (.const:xdc_runtime_Startup_firstFxns__C)
                  00007228    00000008     i2ctmp006_pem4f.oem4f (.const:xdc_runtime_Startup_lastFxns__C)
                  00007230    00000004     i2ctmp006_pem4f.oem4f (.const:ti_catalog_arm_cortexm4_tiva_ce_Boot_A_mustNotUseEnhancedClockMode__C)
                  00007234    00000004     i2ctmp006_pem4f.oem4f (.const:ti_catalog_arm_cortexm4_tiva_ce_Boot_Module__diagsEnabled__C)
                  00007238    00000004     i2ctmp006_pem4f.oem4f (.const:ti_catalog_arm_cortexm4_tiva_ce_Boot_Module__diagsIncluded__C)
                  0000723c    00000004     i2ctmp006_pem4f.oem4f (.const:ti_catalog_arm_cortexm4_tiva_ce_Boot_Module__diagsMask__C)
                  00007240    00000004     i2ctmp006_pem4f.oem4f (.const:ti_sysbios_family_arm_lm4_Timer_enableFunc__C)
                  00007244    00000004     i2ctmp006_pem4f.oem4f (.const:ti_sysbios_family_arm_lm4_Timer_numTimerDevices__C)
                  00007248    00000004     i2ctmp006_pem4f.oem4f (.const:ti_sysbios_family_arm_lm4_Timer_startupNeeded__C)
                  0000724c    00000004     i2ctmp006_pem4f.oem4f (.const:ti_sysbios_family_arm_m3_Hwi_E_NMI__C)
                  00007250    00000004     i2ctmp006_pem4f.oem4f (.const:ti_sysbios_family_arm_m3_Hwi_E_alreadyDefined__C)
                  00007254    00000004     i2ctmp006_pem4f.oem4f (.const:ti_sysbios_family_arm_m3_Hwi_E_busFault__C)
                  00007258    00000004     i2ctmp006_pem4f.oem4f (.const:ti_sysbios_family_arm_m3_Hwi_E_debugMon__C)
                  0000725c    00000004     i2ctmp006_pem4f.oem4f (.const:ti_sysbios_family_arm_m3_Hwi_E_hardFault__C)
                  00007260    00000004     i2ctmp006_pem4f.oem4f (.const:ti_sysbios_family_arm_m3_Hwi_E_memFault__C)
                  00007264    00000004     i2ctmp006_pem4f.oem4f (.const:ti_sysbios_family_arm_m3_Hwi_E_noIsr__C)
                  00007268    00000004     i2ctmp006_pem4f.oem4f (.const:ti_sysbios_family_arm_m3_Hwi_E_reserved__C)
                  0000726c    00000004     i2ctmp006_pem4f.oem4f (.const:ti_sysbios_family_arm_m3_Hwi_E_svCall__C)
                  00007270    00000004     i2ctmp006_pem4f.oem4f (.const:ti_sysbios_family_arm_m3_Hwi_E_usageFault__C)
                  00007274    00000004     i2ctmp006_pem4f.oem4f (.const:ti_sysbios_family_arm_m3_Hwi_NUM_INTERRUPTS__C)
                  00007278    00000004     i2ctmp006_pem4f.oem4f (.const:ti_sysbios_family_arm_m3_Hwi_Object__count__C)
                  0000727c    00000004     i2ctmp006_pem4f.oem4f (.const:ti_sysbios_family_arm_m3_Hwi_ccr__C)
                  00007280    00000004     i2ctmp006_pem4f.oem4f (.const:ti_sysbios_family_arm_m3_Hwi_excHandlerFunc__C)
                  00007284    00000004     i2ctmp006_pem4f.oem4f (.const:ti_sysbios_family_arm_m3_Hwi_excHookFuncs__C)
                  00007288    00000004     i2ctmp006_pem4f.oem4f (.const:ti_sysbios_family_arm_m3_Hwi_nullIsrFunc__C)
                  0000728c    00000004     i2ctmp006_pem4f.oem4f (.const:ti_sysbios_family_arm_m3_Hwi_priGroup__C)
                  00007290    00000004     i2ctmp006_pem4f.oem4f (.const:ti_sysbios_family_arm_m3_TaskSupport_stackAlignment__C)
                  00007294    00000004     i2ctmp006_pem4f.oem4f (.const:ti_sysbios_gates_GateMutex_Instance_State_sem__O)
                  00007298    00000004     i2ctmp006_pem4f.oem4f (.const:ti_sysbios_hal_Hwi_E_stackOverflow__C)
                  0000729c    00000004     i2ctmp006_pem4f.oem4f (.const:ti_sysbios_heaps_HeapMem_E_memory__C)
                  000072a0    00000004     i2ctmp006_pem4f.oem4f (.const:ti_sysbios_heaps_HeapMem_Module__gateObj__C)
                  000072a4    00000004     i2ctmp006_pem4f.oem4f (.const:ti_sysbios_heaps_HeapMem_Object__count__C)
                  000072a8    00000004     i2ctmp006_pem4f.oem4f (.const:ti_sysbios_heaps_HeapMem_reqAlign__C)
                  000072ac    00000004     i2ctmp006_pem4f.oem4f (.const:ti_sysbios_knl_Clock_Module_State_clockQ__O)
                  000072b0    00000004     i2ctmp006_pem4f.oem4f (.const:ti_sysbios_knl_Idle_funcList__A)
                  000072b4    00000004     i2ctmp006_pem4f.oem4f (.const:ti_sysbios_knl_Semaphore_Instance_State_pendQ__O)
                  000072b8    00000004     i2ctmp006_pem4f.oem4f (.const:ti_sysbios_knl_Swi_Object__count__C)
                  000072bc    00000004     i2ctmp006_pem4f.oem4f (.const:ti_sysbios_knl_Task_E_spOutOfBounds__C)
                  000072c0    00000004     i2ctmp006_pem4f.oem4f (.const:ti_sysbios_knl_Task_E_stackOverflow__C)
                  000072c4    00000004     i2ctmp006_pem4f.oem4f (.const:ti_sysbios_knl_Task_Module_State_inactiveQ__O)
                  000072c8    00000004     i2ctmp006_pem4f.oem4f (.const:ti_sysbios_knl_Task_Object__count__C)
                  000072cc    00000004     i2ctmp006_pem4f.oem4f (.const:ti_sysbios_knl_Task_allBlockedFunc__C)
                  000072d0    00000004     i2ctmp006_pem4f.oem4f (.const:ti_sysbios_knl_Task_defaultStackHeap__C)
                  000072d4    00000004     i2ctmp006_pem4f.oem4f (.const:ti_sysbios_knl_Task_defaultStackSize__C)
                  000072d8    00000004     i2ctmp006_pem4f.oem4f (.const:ti_sysbios_knl_Task_numConstructedTasks__C)
                  000072dc    00000004     i2ctmp006_pem4f.oem4f (.const:xdc_runtime_Assert_E_assertFailed__C)
                  000072e0    00000004     i2ctmp006_pem4f.oem4f (.const:xdc_runtime_Core_A_initializedParams__C)
                  000072e4    00000004     i2ctmp006_pem4f.oem4f (.const:xdc_runtime_Core_Module__diagsEnabled__C)
                  000072e8    00000004     i2ctmp006_pem4f.oem4f (.const:xdc_runtime_Core_Module__diagsIncluded__C)
                  000072ec    00000004     i2ctmp006_pem4f.oem4f (.const:xdc_runtime_Core_Module__diagsMask__C)
                  000072f0    00000004     i2ctmp006_pem4f.oem4f (.const:xdc_runtime_Error_E_memory__C)
                  000072f4    00000004     i2ctmp006_pem4f.oem4f (.const:xdc_runtime_Error_Module__diagsEnabled__C)
                  000072f8    00000004     i2ctmp006_pem4f.oem4f (.const:xdc_runtime_Error_Module__diagsIncluded__C)
                  000072fc    00000004     i2ctmp006_pem4f.oem4f (.const:xdc_runtime_Error_Module__diagsMask__C)
                  00007300    00000004     i2ctmp006_pem4f.oem4f (.const:xdc_runtime_Error_Module__loggerFxn8__C)
                  00007304    00000004     i2ctmp006_pem4f.oem4f (.const:xdc_runtime_Error_Module__loggerObj__C)
                  00007308    00000004     i2ctmp006_pem4f.oem4f (.const:xdc_runtime_Error_policyFxn__C)
                  0000730c    00000004     i2ctmp006_pem4f.oem4f (.const:xdc_runtime_Error_raiseHook__C)
                  00007310    00000004     i2ctmp006_pem4f.oem4f (.const:xdc_runtime_IGateProvider_Interface__BASE__C)
                  00007314    00000004     i2ctmp006_pem4f.oem4f (.const:xdc_runtime_IHeap_Interface__BASE__C)
                  00007318    00000004     i2ctmp006_pem4f.oem4f (.const:xdc_runtime_IModule_Interface__BASE__C)
                  0000731c    00000004     i2ctmp006_pem4f.oem4f (.const:xdc_runtime_Log_L_error__C)
                  00007320    00000004     i2ctmp006_pem4f.oem4f (.const:xdc_runtime_Memory_defaultHeapInstance__C)
                  00007324    00000004     i2ctmp006_pem4f.oem4f (.const:xdc_runtime_Startup_execImpl__C)
                  00007328    00000004     i2ctmp006_pem4f.oem4f (.const:xdc_runtime_Startup_maxPasses__C)
                  0000732c    00000004     i2ctmp006_pem4f.oem4f (.const:xdc_runtime_Startup_sfxnRts__C)
                  00007330    00000004     i2ctmp006_pem4f.oem4f (.const:xdc_runtime_Startup_sfxnTab__C)
                  00007334    00000004     i2ctmp006_pem4f.oem4f (.const:xdc_runtime_SysMin_bufSize__C)
                  00007338    00000004     i2ctmp006_pem4f.oem4f (.const:xdc_runtime_SysMin_outputFunc__C)
                  0000733c    00000004     i2ctmp006_pem4f.oem4f (.const:xdc_runtime_System_Module__gateObj__C)
                  00007340    00000004     i2ctmp006_pem4f.oem4f (.const:xdc_runtime_System_abortFxn__C)
                  00007344    00000004     i2ctmp006_pem4f.oem4f (.const:xdc_runtime_System_exitFxn__C)
                  00007348    00000004     i2ctmp006_pem4f.oem4f (.const:xdc_runtime_System_extendFxn__C)
                  0000734c    00000004     i2ctmp006_pem4f.oem4f (.const:xdc_runtime_System_maxAtexitHandlers__C)
                  00007350    00000004     i2ctmp006_pem4f.oem4f (.const:xdc_runtime_Text_charTab__C)
                  00007354    00000004     i2ctmp006_pem4f.oem4f (.const:xdc_runtime_Text_nameEmpty__C)
                  00007358    00000004     i2ctmp006_pem4f.oem4f (.const:xdc_runtime_Text_nameStatic__C)
                  0000735c    00000004     i2ctmp006_pem4f.oem4f (.const:xdc_runtime_Text_nameUnknown__C)
                  00007360    00000004     i2ctmp006_pem4f.oem4f (.const:xdc_runtime_Text_nodeTab__C)
                  00007364    00000004     i2ctmp006_pem4f.oem4f (.const:xdc_runtime_Text_visitRopeFxn__C)
                  00007368    00000002     i2ctmp006_pem4f.oem4f (.const:ti_sysbios_family_arm_m3_Hwi_Module__id__C)
                  0000736a    00000002     i2ctmp006_pem4f.oem4f (.const:ti_sysbios_hal_Hwi_Module__id__C)
                  0000736c    00000002     i2ctmp006_pem4f.oem4f (.const:ti_sysbios_heaps_HeapMem_Module__id__C)
                  0000736e    00000002     i2ctmp006_pem4f.oem4f (.const:ti_sysbios_knl_Task_Module__id__C)
                  00007370    00000002     i2ctmp006_pem4f.oem4f (.const:xdc_runtime_Core_Module__id__C)
                  00007372    00000002     i2ctmp006_pem4f.oem4f (.const:xdc_runtime_Error_Module__loggerDefined__C)
                  00007374    00000002     i2ctmp006_pem4f.oem4f (.const:xdc_runtime_Error_maxDepth__C)
                  00007376    00000002     i2ctmp006_pem4f.oem4f (.const:xdc_runtime_Memory_Module__id__C)
                  00007378    00000002     i2ctmp006_pem4f.oem4f (.const:xdc_runtime_SysMin_flushAtExit__C)
                  0000737a    00000002     i2ctmp006_pem4f.oem4f (.const:xdc_runtime_Text_charCnt__C)
                  0000737c    00000002     i2ctmp006_pem4f.oem4f (.const:xdc_runtime_Text_isLoaded__C)
                  0000737e    00000002     i2ctmp006_pem4f.oem4f (.const:xdc_runtime_Text_registryModsLastId__C)
                  00007380    00000002     i2ctmp006_pem4f.oem4f (.const:xdc_runtime_Text_unnamedModsLastId__C)

.cinit     0    00007388    00000218     
                  00007388    000001df     (.cinit..data.load) [load image, compression = lzss]
                  00007567    00000001     --HOLE-- [fill = 0]
                  00007568    0000000c     (__TI_handler_table)
                  00007574    00000004     --HOLE-- [fill = 0]
                  00007578    00000008     (.cinit..bss.load) [load image, compression = zero_init]
                  00007580    00000008     (.cinit..vecs.load) [load image, compression = zero_init]
                  00007588    00000018     (__TI_cinit_table)

.init_array 
*          0    00000000    00000000     UNINITIALIZED

.resetVecs 
*          0    00000000    0000003c     
                  00000000    0000003c     i2ctmp006_pem4f.oem4f (.resetVecs)

.vecs      0    20000000    00000360     UNINITIALIZED
                  20000000    00000360     i2ctmp006_pem4f.oem4f (.vecs)

.bss       0    20000360    000013f0     UNINITIALIZED
                  20000360    00000800     (.common:ti_sysbios_heaps_HeapMem_Instance_State_0_buf__A)
                  20000b60    00000360     (.common:ti_sysbios_family_arm_m3_Hwi_dispatchTable)
                  20000ec0    00000280     (.common:task0Stack)
                  20001140    00000200     i2ctmp006_pem4f.oem4f (.bss:taskStackSection)
                  20001340    00000180     (.common:i2cTivaObjects)
                  200014c0    00000120     rtsv7M4_T_le_v4SPD16_eabi.lib : trgmsg.obj (.bss:_CIOBUF_)
                  200015e0    00000090     drivers_tivaware.aem4f : GPIOTiva.oem4f (.bss:gpioCallbackInfo)
                  20001670    00000080     (.common:xdc_runtime_SysMin_Module_State_0_outbuf__A)
                  200016f0    00000050     (.common:task0Struct)
                  20001740    00000008     (.common:parmbuf)
                  20001748    00000004     (.common:gpioInterruptVectors)
                  2000174c    00000004     (.common:i)

.data      0    20001750    00000436     UNINITIALIZED
                  20001750    00000080     i2ctmp006_pem4f.oem4f (.data:ti_sysbios_knl_Swi_Module_State_0_readyQ__A)
                  200017d0    00000080     i2ctmp006_pem4f.oem4f (.data:ti_sysbios_knl_Task_Module_State_0_readyQ__A)
                  20001850    0000004c     i2ctmp006_pem4f.oem4f (.data:ti_sysbios_knl_Task_Object__table__V)
                  2000189c    00000044     i2ctmp006_pem4f.oem4f (.data:ti_sysbios_knl_Task_Module__state__V)
                  200018e0    00000040     i2ctmp006_pem4f.oem4f (.data:ti_sysbios_family_arm_lm4_Timer_Module_State_0_device__A)
                  20001920    00000040     i2ctmp006_pem4f.oem4f (.data:ti_sysbios_family_arm_lm4_Timer_Object__table__V)
                  20001960    00000038     i2ctmp006_pem4f.oem4f (.data:ti_sysbios_gates_GateMutex_Object__table__V)
                  20001998    00000034     i2ctmp006_pem4f.oem4f (.data:ti_sysbios_family_arm_m3_Hwi_Module__state__V)
                  200019cc    00000030     i2ctmp006_pem4f.oem4f (.data:ti_sysbios_knl_Swi_Object__table__V)
                  200019fc    0000002c     i2ctmp006_pem4f.oem4f (.data:ti_sysbios_knl_Clock_Module__state__V)
                  20001a28    00000024     i2ctmp006_pem4f.oem4f (.data:ti_sysbios_BIOS_Module__state__V)
                  20001a4c    00000020     i2ctmp006_pem4f.oem4f (.data:ti_sysbios_family_arm_lm4_Timer_Module_State_0_handles__A)
                  20001a6c    0000001c     i2ctmp006_pem4f.oem4f (.data:ti_sysbios_knl_Swi_Module__state__V)
                  20001a88    00000018     DK_TM4C129X.obj (.data:gpioPinConfigs)
                  20001aa0    00000018     i2ctmp006_pem4f.oem4f (.data:ti_sysbios_family_arm_m3_Hwi_Object__table__V)
                  20001ab8    00000018     i2ctmp006_pem4f.oem4f (.data:ti_sysbios_heaps_HeapMem_Object__table__V)
                  20001ad0    0000000c     rtsv7M4_T_le_v4SPD16_eabi.lib : exit.obj (.data:$O1$$)
                  20001adc    0000000c     DK_TM4C129X.obj (.data:gpioCallbackFunctions)
                  20001ae8    0000000c     i2ctmp006_pem4f.oem4f (.data:ti_sysbios_family_arm_lm4_Timer_Module__state__V)
                  20001af4    0000000c     i2ctmp006_pem4f.oem4f (.data:xdc_runtime_SysMin_Module__state__V)
                  20001b00    00000008     rtsv7M4_T_le_v4SPD16_eabi.lib : _lock.obj (.data:$O1$$)
                  20001b08    00000008     i2ctmp006_pem4f.oem4f (.data:ti_sysbios_family_arm_m3_Hwi_Module__root__V)
                  20001b10    00000008     i2ctmp006_pem4f.oem4f (.data:ti_sysbios_gates_GateHwi_Module__root__V)
                  20001b18    00000008     i2ctmp006_pem4f.oem4f (.data:ti_sysbios_gates_GateMutex_Module__root__V)
                  20001b20    00000008     i2ctmp006_pem4f.oem4f (.data:ti_sysbios_heaps_HeapMem_Module__root__V)
                  20001b28    00000008     i2ctmp006_pem4f.oem4f (.data:ti_sysbios_knl_Queue_Module__root__V)
                  20001b30    00000008     i2ctmp006_pem4f.oem4f (.data:ti_sysbios_knl_Semaphore_Module__root__V)
                  20001b38    00000008     i2ctmp006_pem4f.oem4f (.data:ti_sysbios_knl_Task_Module__root__V)
                  20001b40    00000008     i2ctmp006_pem4f.oem4f (.data:xdc_runtime_Registry_Module__state__V)
                  20001b48    00000008     i2ctmp006_pem4f.oem4f (.data:xdc_runtime_Startup_Module__state__V)
                  20001b50    00000008     i2ctmp006_pem4f.oem4f (.data:xdc_runtime_System_Module_State_0_atexitHandlers__A)
                  20001b58    00000008     i2ctmp006_pem4f.oem4f (.data:xdc_runtime_System_Module__state__V)
                  20001b60    00000005     drivers_tivaware.aem4f : GPIOTiva.oem4f (.data)
                  20001b65    00000001     --HOLE--
                  20001b66    00000002     i2ctmp006_pem4f.oem4f (.data:ti_sysbios_family_arm_m3_Hwi_Module_State_0_excActive__A)
                  20001b68    00000004     drivers_tivaware.aem4f : I2C.oem4f (.data)
                  20001b6c    00000004     rtsv7M4_T_le_v4SPD16_eabi.lib : stkdepth_vars.obj (.data)
                  20001b70    00000004     i2ctmp006_pem4f.oem4f (.data:ti_sysbios_family_arm_m3_Hwi_Module_State_0_excContext__A)
                  20001b74    00000004     i2ctmp006_pem4f.oem4f (.data:ti_sysbios_family_arm_m3_Hwi_Module_State_0_excStack__A)
                  20001b78    00000004     i2ctmp006_pem4f.oem4f (.data:ti_sysbios_gates_GateHwi_Object__table__V)
                  20001b7c    00000004     i2ctmp006_pem4f.oem4f (.data:ti_sysbios_knl_Task_Module_State_0_idleTask__A)
                  20001b80    00000004     i2ctmp006_pem4f.oem4f (.data:xdc_runtime_Memory_Module__state__V)
                  20001b84    00000002     i2ctmp006_pem4f.oem4f (.data:xdc_runtime_Error_Module__state__V)

.stack     0    20001b88    00000300     UNINITIALIZED
                  20001b88    00000300     --HOLE--

.bootVecs 
*          0    00000000    00000008     DSECT
                  00000000    00000008     boot.aem4f : boot.oem4f (.bootVecs)

xdc.meta   0    00000000    000000d8     COPY SECTION
                  00000000    000000d8     i2ctmp006_pem4f.oem4f (xdc.meta)

MODULE SUMMARY

       Module                     code    ro data   rw data
       ------                     ----    -------   -------
    .\
       i2ctmp006.obj              578     0         724    
       DK_TM4C129X.obj            348     104       420    
    +--+--------------------------+-------+---------+---------+
       Total:                     926     104       1144   
                                                           
    H:\i2ctmp006_DK_TM4C129X_TI\Debug\configPkg\package\cfg\
       i2ctmp006_pem4f.oem4f      1790    7590      5424   
    +--+--------------------------+-------+---------+---------+
       Total:                     1790    7590      5424   
                                                           
    C:/ti/tirtos_tivac_2_16_00_08/products/TivaWare_C_Series-2.1.1.71b/driverlib/ccs/Debug/driverlib.lib
       gpio.obj                   572     144       0      
       i2c.obj                    154     0         0      
       sysctl.obj                 52      0         0      
    +--+--------------------------+-------+---------+---------+
       Total:                     778     144       0      
                                                           
    C:/ti/tirtos_tivac_2_16_00_08/products/tidrivers_tivac_2_16_00_08/packages/ti/drivers/lib/drivers_tivaware.aem4f
       GPIOTiva.oem4f             844     156       153    
       I2CTiva.oem4f              798     28        0      
       I2C.oem4f                  140     16        4      
    +--+--------------------------+-------+---------+---------+
       Total:                     1782    200       157    
                                                           
    C:\ti\ccsv7\tools\compiler\ti-cgt-arm_16.9.7.LTS\lib\rtsv7M4_T_le_v4SPD16_eabi.lib
       trgmsg.obj                 104     0         288    
       memcpy_t2.obj              156     0         0      
       memset_t2.obj              122     0         0      
       copy_decompress_lzss.obj   104     0         0      
       exit.obj                   84      0         12     
       hostwrite.obj              88      0         0      
       cpy_tbl.obj                76      0         0      
       u_divt2.obj                64      0         0      
       _lock.obj                  20      0         8      
       args_main.obj              24      0         0      
       strlen.obj                 20      0         0      
       copy_decompress_none.obj   14      0         0      
       copy_zero_init.obj         12      0         0      
       hostopen.obj               0       0         8      
       stkdepth_vars.obj          0       0         4      
       i_div0.obj                 2       0         0      
    +--+--------------------------+-------+---------+---------+
       Total:                     890     0         320    
                                                           
    C:\ti\tirtos_tivac_2_16_00_08\products\bios_6_45_01_29\packages\ti\catalog\arm\cortexm4\tiva\ce\lib\Boot.aem4f
       Boot_sysctl.oem4f          628     452       0      
       Boot.oem4f                 152     0         0      
    +--+--------------------------+-------+---------+---------+
       Total:                     780     452       0      
                                                           
    C:\ti\tirtos_tivac_2_16_00_08\products\bios_6_45_01_29\packages\ti\targets\arm\rtsarm\lib\auto_init.aem4f
       auto_init.oem4f            160     0         0      
    +--+--------------------------+-------+---------+---------+
       Total:                     160     0         0      
                                                           
    C:\ti\tirtos_tivac_2_16_00_08\products\bios_6_45_01_29\packages\ti\targets\arm\rtsarm\lib\boot.aem4f
       boot.oem4f                 88      0         0      
    +--+--------------------------+-------+---------+---------+
       Total:                     88      0         0      
                                                           
    C:\ti\tirtos_tivac_2_16_00_08\products\bios_6_45_01_29\packages\ti\targets\arm\rtsarm\lib\ti.targets.arm.rtsarm.aem4f
       System.oem4f               1255    0         0      
       Text.oem4f                 672     0         0      
       Error.oem4f                524     0         0      
       Core-mem.oem4f             358     0         0      
       Startup.oem4f              328     0         0      
       SysMin.oem4f               248     0         0      
       Core-smem.oem4f            204     0         0      
       Memory.oem4f               176     0         0      
       Assert.oem4f               84      0         0      
       Core-params.oem4f          70      0         0      
       Core-label.oem4f           52      0         0      
       Registry.oem4f             32      0         0      
       Gate.oem4f                 28      0         0      
    +--+--------------------------+-------+---------+---------+
       Total:                     4031    0         0      
                                                           
    H:\i2ctmp006_DK_TM4C129X_TI\src\sysbios\sysbios.aem4f
       BIOS.obj                   9078    0         0      
       m3_Hwi_asm.obj             314     0         0      
       m3_TaskSupport_asm.obj     180     0         0      
       m3_Hwi_asm_switch.obj      118     0         0      
    +--+--------------------------+-------+---------+---------+
       Total:                     9690    0         0      
                                                           
       Stack:                     0       0         768    
       Linker Generated:          0       531       0      
    +--+--------------------------+-------+---------+---------+
       Grand Total:               20915   9021      7813   


LINKER GENERATED COPY TABLES

__TI_cinit_table @ 00007588 records: 3, size/record: 8, table size: 24
	.data: load addr=00007388, load size=000001df bytes, run addr=20001750, run size=00000436 bytes, compression=lzss
	.bss: load addr=00007578, load size=00000008 bytes, run addr=20000360, run size=000013f0 bytes, compression=zero_init
	.vecs: load addr=00007580, load size=00000008 bytes, run addr=20000000, run size=00000360 bytes, compression=zero_init


LINKER GENERATED HANDLER TABLE

__TI_handler_table @ 00007568 records: 3, size/record: 4, table size: 12
	index: 0, handler: __TI_decompress_lzss
	index: 1, handler: __TI_decompress_none
	index: 2, handler: __TI_zero_init


GLOBAL SYMBOLS: SORTED ALPHABETICALLY BY Name 

address   name                                                                 
-------   ----                                                                 
000037a9  C$$EXIT                                                              
000030bb  C$$IO$$                                                              
000051ef  DK_TM4C129X_initGPIO                                                 
000022e5  DK_TM4C129X_initGeneral                                              
00002645  DK_TM4C129X_initI2C                                                  
000047f1  GPIODirModeSet                                                       
00001d6b  GPIOIntClear                                                         
000050b1  GPIOIntStatus                                                        
00003751  GPIOIntTypeSet                                                       
00001291  GPIOPadConfigSet                                                     
00003c6d  GPIOPinConfigure                                                     
00002c93  GPIOPinRead                                                          
00004f65  GPIOPinTypeI2C                                                       
00004f77  GPIOPinTypeI2CSCL                                                    
000050fb  GPIOPinWrite                                                         
000071c0  GPIOTiva_config                                                      
0000315d  GPIO_hwiIntFxn                                                       
00002a75  GPIO_init                                                            
000038fd  GPIO_setCallback                                                     
00000ff5  GPIO_setConfig                                                       
0000394d  GPIO_toggle                                                          
0000399d  GPIO_write                                                           
00003649  HOSTwrite                                                            
00000bbd  I2CMasterControl                                                     
00000d35  I2CMasterDataGet                                                     
00000e9d  I2CMasterDataPut                                                     
000051a9  I2CMasterDisable                                                     
000051b3  I2CMasterEnable                                                      
00004ea9  I2CMasterErr                                                         
00003cb5  I2CMasterInitExpClk                                                  
000051f7  I2CMasterIntClear                                                    
00005229  I2CMasterIntDisable                                                  
0000522f  I2CMasterIntEnable                                                   
000051ff  I2CMasterSlaveAddrSet                                                
00004319  I2CTiva_close                                                        
00005235  I2CTiva_control                                                      
0000715c  I2CTiva_fxnTable                                                     
000051bd  I2CTiva_init                                                         
00001ad5  I2CTiva_open                                                         
00002c15  I2CTiva_transfer                                                     
00004fbd  I2C_Params_init                                                      
000051c7  I2C_close                                                            
00006ef0  I2C_config                                                           
000071e8  I2C_defaultParams                                                    
00004201  I2C_init                                                             
000044cd  I2C_open                                                             
000051d1  I2C_transfer                                                         
UNDEFED   SHT$$INIT_ARRAY$$Base                                                
UNDEFED   SHT$$INIT_ARRAY$$Limit                                               
00004351  SysCtlPeripheralEnable                                               
00004d9d  UserCallbackFxn                                                      
00000000  __ASM__                                                              
200014c0  __CIOBUF_                                                            
00000056  __ISA__                                                              
00000069  __PLAT__                                                             
20001e88  __STACK_END                                                          
00000300  __STACK_SIZE                                                         
0000008a  __TARG__                                                             
00007588  __TI_CINIT_Base                                                      
000075a0  __TI_CINIT_Limit                                                     
00007568  __TI_Handler_Table_Base                                              
00007574  __TI_Handler_Table_Limit                                             
00002505  __TI_auto_init                                                       
20001ad0  __TI_cleanup_ptr                                                     
00003025  __TI_decompress_lzss                                                 
000050bf  __TI_decompress_none                                                 
20001ad4  __TI_dtors_ptr                                                       
20001ad8  __TI_enable_exit_profile_output                                      
ffffffff  __TI_pprof_out_hndl                                                  
ffffffff  __TI_prof_data_size                                                  
ffffffff  __TI_prof_data_start                                                 
000030bf  __TI_readmsg                                                         
00007388  __TI_static_base__                                                   
0000308d  __TI_writemsg                                                        
000050ef  __TI_zero_init                                                       
000000b0  __TRDR__                                                             
00002817  __aeabi_idiv0                                                        
00002d15  __aeabi_memclr                                                       
00002d15  __aeabi_memclr4                                                      
00002d15  __aeabi_memclr8                                                      
000026e1  __aeabi_memcpy                                                       
000026e1  __aeabi_memcpy4                                                      
000026e1  __aeabi_memcpy8                                                      
00002d17  __aeabi_memset                                                       
00002d17  __aeabi_memset4                                                      
00002d17  __aeabi_memset8                                                      
00004009  __aeabi_uidiv                                                        
00004009  __aeabi_uidivmod                                                     
ffffffff  __binit__                                                            
ffffffff  __c_args__                                                           
20001b88  __stack                                                              
00004db5  _args_main                                                           
000035f1  _c_int00                                                             
20001b00  _lock                                                                
00004efb  _nop                                                                 
00004ef3  _register_lock                                                       
00004eed  _register_unlock                                                     
20001b04  _unlock                                                              
000037ad  abort                                                                
ffffffff  binit                                                                
00003b31  copy_in                                                              
000037b5  exit                                                                 
20001adc  gpioCallbackFunctions                                                
20001a88  gpioPinConfigs                                                       
2000174c  i                                                                    
00006fa8  i2cTivaHWAttrs                                                       
20001340  i2cTivaObjects                                                       
000040c9  i2c_init                                                             
00001e45  main                                                                 
20001b6c  main_func_sp                                                         
000026e1  memcpy                                                               
00002d1d  memset                                                               
00005051  osi_TaskDisable                                                      
00004ff1  osi_start                                                            
20001740  parmbuf                                                              
00004f01  strlen                                                               
20000ec0  task0Stack                                                           
200016f0  task0Struct                                                          
000014d9  taskFxn                                                              
00007230  ti_catalog_arm_cortexm4_tiva_ce_Boot_A_mustNotUseEnhancedClockMode__C
00007234  ti_catalog_arm_cortexm4_tiva_ce_Boot_Module__diagsEnabled__C         
00007238  ti_catalog_arm_cortexm4_tiva_ce_Boot_Module__diagsIncluded__C        
0000723c  ti_catalog_arm_cortexm4_tiva_ce_Boot_Module__diagsMask__C            
00006af6  ti_catalog_arm_cortexm4_tiva_ce_Boot_Module__id__C                   
00004fad  ti_catalog_arm_cortexm4_tiva_ce_Boot_init__I                         
000007bd  ti_catalog_arm_cortexm4_tiva_ce_Boot_sysCtlClockFreqSetI__I          
00002819  ti_catalog_arm_cortexm4_tiva_ce_Boot_sysCtlClockFreqSet__E           
20001a28  ti_sysbios_BIOS_Module__state__V                                     
00004d01  ti_sysbios_BIOS_RtsGateProxy_Handle__label__S                        
0000494d  ti_sysbios_BIOS_RtsGateProxy_Object__delete__S                       
00001145  ti_sysbios_BIOS_RtsGateProxy_enter__E                                
000015e5  ti_sysbios_BIOS_RtsGateProxy_leave__E                                
00005279  ti_sysbios_BIOS_RtsGateProxy_query__E                                
000044fd  ti_sysbios_BIOS_atExitFunc__I                                        
000048bd  ti_sysbios_BIOS_errorRaiseHook__I                                    
00004ebf  ti_sysbios_BIOS_exitFunc__I                                          
00004fd1  ti_sysbios_BIOS_getCpuFreq__E                                        
00002d8f  ti_sysbios_BIOS_nullFunc__I                                          
000048e1  ti_sysbios_BIOS_registerRTSLock__I                                   
00004905  ti_sysbios_BIOS_removeRTSLock__I                                     
00004a6d  ti_sysbios_BIOS_rtsLock__I                                           
00004dcd  ti_sysbios_BIOS_rtsUnlock__I                                         
00004fe1  ti_sysbios_BIOS_setThreadType__E                                     
00004929  ti_sysbios_BIOS_startFunc__I                                         
00004ff1  ti_sysbios_BIOS_start__E                                             
200018e0  ti_sysbios_family_arm_lm4_Timer_Module_State_0_device__A             
20001a4c  ti_sysbios_family_arm_lm4_Timer_Module_State_0_handles__A            
00004de5  ti_sysbios_family_arm_lm4_Timer_Module__startupDone__F               
00004de5  ti_sysbios_family_arm_lm4_Timer_Module__startupDone__S               
20001ae8  ti_sysbios_family_arm_lm4_Timer_Module__state__V                     
000031c1  ti_sysbios_family_arm_lm4_Timer_Module_startup__E                    
20001920  ti_sysbios_family_arm_lm4_Timer_Object__table__V                     
00007240  ti_sysbios_family_arm_lm4_Timer_enableFunc__C                        
00003d01  ti_sysbios_family_arm_lm4_Timer_enableTimers__I                      
00002459  ti_sysbios_family_arm_lm4_Timer_enableTiva__I                        
00005101  ti_sysbios_family_arm_lm4_Timer_getMaxTicks__E                       
00003801  ti_sysbios_family_arm_lm4_Timer_initDevice__I                        
00003e69  ti_sysbios_family_arm_lm4_Timer_isrStub__E                           
0000520f  ti_sysbios_family_arm_lm4_Timer_masterDisable__I                     
00001bb5  ti_sysbios_family_arm_lm4_Timer_masterEnable__I                      
00007244  ti_sysbios_family_arm_lm4_Timer_numTimerDevices__C                   
000015e9  ti_sysbios_family_arm_lm4_Timer_start__E                             
00007248  ti_sysbios_family_arm_lm4_Timer_startupNeeded__C                     
00004049  ti_sysbios_family_arm_lm4_Timer_startup__E                           
00004531  ti_sysbios_family_arm_lm4_Timer_stop__E                              
00004a09  ti_sysbios_family_arm_lm4_Timer_write__I                             
0000724c  ti_sysbios_family_arm_m3_Hwi_E_NMI__C                                
00007250  ti_sysbios_family_arm_m3_Hwi_E_alreadyDefined__C                     
00007254  ti_sysbios_family_arm_m3_Hwi_E_busFault__C                           
00007258  ti_sysbios_family_arm_m3_Hwi_E_debugMon__C                           
0000725c  ti_sysbios_family_arm_m3_Hwi_E_hardFault__C                          
00007260  ti_sysbios_family_arm_m3_Hwi_E_memFault__C                           
00007264  ti_sysbios_family_arm_m3_Hwi_E_noIsr__C                              
[...]
000050e1  ti_sysbios_knl_Queue_empty__E                                        
000050ef  __TI_zero_init                                                       
000050fb  GPIOPinWrite                                                         
00005101  ti_sysbios_family_arm_lm4_Timer_getMaxTicks__E                       
0000510d  ti_sysbios_family_arm_m3_Hwi_Params__init__S                         
0000510d  ti_sysbios_hal_Hwi_HwiProxy_Params__init__S                          
00005119  ti_sysbios_family_arm_m3_Hwi_disableFxn__E                           
00005119  ti_sysbios_hal_Hwi_HwiProxy_disable__E                               
00005129  ti_sysbios_family_arm_m3_TaskSupport_checkStack__E                   
00005129  ti_sysbios_knl_Task_SupportProxy_checkStack__E                       
00005139  ti_sysbios_family_arm_m3_TaskSupport_getStackAlignment__E            
00005139  ti_sysbios_knl_Task_SupportProxy_getStackAlignment__E                
00005149  ti_sysbios_gates_GateHwi_enter__E                                    
00005155  ti_sysbios_knl_Queue_Object__get__S                                  
00005161  ti_sysbios_knl_Semaphore_Params__init__S                             
0000516d  ti_sysbios_knl_Task_Params__init__S                                  
00005179  xdc_runtime_Error_init__E                                            
00005185  xdc_runtime_Gate_enterSystem__E                                      
00005191  xdc_runtime_Memory_calloc__E                                         
0000519d  xdc_runtime_Memory_getMaxDefaultTypeAlign__E                         
000051a9  I2CMasterDisable                                                     
000051b3  I2CMasterEnable                                                      
000051bd  I2CTiva_init                                                         
000051c7  I2C_close                                                            
000051d1  I2C_transfer                                                         
000051db  xdc_runtime_Memory_HeapProxy_alloc__E                                
000051e5  xdc_runtime_Memory_HeapProxy_free__E                                 
000051ef  DK_TM4C129X_initGPIO                                                 
000051f7  I2CMasterIntClear                                                    
000051ff  I2CMasterSlaveAddrSet                                                
0000520f  ti_sysbios_family_arm_lm4_Timer_masterDisable__I                     
00005219  ti_sysbios_family_arm_m3_Hwi_doSwiRestore__I                         
00005221  ti_sysbios_family_arm_m3_Hwi_startup__E                              
00005221  ti_sysbios_hal_Hwi_HwiProxy_startup__E                               
00005221  ti_sysbios_hal_Hwi_startup__E                                        
00005229  I2CMasterIntDisable                                                  
0000522f  I2CMasterIntEnable                                                   
00005235  I2CTiva_control                                                      
0000523b  xdc_runtime_System_Module_startup__E                                 
00005241  ti_sysbios_family_arm_m3_Hwi_doTaskRestore__I                        
00005249  ti_sysbios_family_arm_m3_Hwi_restoreFxn__E                           
00005249  ti_sysbios_hal_Hwi_HwiProxy_restore__E                               
00005251  ti_sysbios_gates_GateHwi_leave__E                                    
00005259  ti_sysbios_heaps_HeapMem_isBlocking__E                               
00005261  ti_sysbios_knl_Queue_Instance_init__E                                
00005269  ti_sysbios_knl_Swi_startup__E                                        
00005271  ti_sysbios_gates_GateHwi_query__E                                    
00005271  xdc_runtime_Main_Module_GateProxy_query__E                           
00005271  xdc_runtime_System_Module_GateProxy_query__E                         
00005279  ti_sysbios_BIOS_RtsGateProxy_query__E                                
00005279  ti_sysbios_gates_GateMutex_query__E                                  
00005279  ti_sysbios_heaps_HeapMem_Module_GateProxy_query__E                   
00005281  ti_sysbios_knl_Task_startup__E                                       
00005289  ti_sysbios_gates_GateHwi_Instance_init__E                            
00005291  ti_sysbios_knl_Clock_logTick__E                                      
00005294  xdc_runtime_Text_charTab__A                                          
00006af5  xdc_runtime_Error_policy__C                                          
00006af6  ti_catalog_arm_cortexm4_tiva_ce_Boot_Module__id__C                   
00006c18  xdc_runtime_Text_nodeTab__A                                          
00006eb4  ti_sysbios_knl_Task_Object__PARAMS__C                                
00006ef0  I2C_config                                                           
00006f50  ti_sysbios_family_arm_m3_Hwi_Object__PARAMS__C                       
00006f80  ti_sysbios_heaps_HeapMem_Module__FXNS__C                             
00006fa8  i2cTivaHWAttrs                                                       
00006fcc  ti_sysbios_gates_GateHwi_Module__FXNS__C                             
00006ff0  ti_sysbios_gates_GateMutex_Module__FXNS__C                           
00007014  ti_sysbios_heaps_HeapMem_Object__PARAMS__C                           
00007038  ti_sysbios_knl_Semaphore_Object__PARAMS__C                           
0000705c  ti_sysbios_family_arm_m3_Hwi_Object__DESC__C                         
0000707c  ti_sysbios_gates_GateHwi_Object__DESC__C                             
0000709c  ti_sysbios_gates_GateMutex_Object__DESC__C                           
000070bc  ti_sysbios_heaps_HeapMem_Object__DESC__C                             
000070dc  ti_sysbios_knl_Queue_Object__DESC__C                                 
000070fc  ti_sysbios_knl_Semaphore_Object__DESC__C                             
0000711c  ti_sysbios_knl_Task_Object__DESC__C                                  
0000713c  xdc_runtime_Startup_sfxnTab__A                                       
0000715c  I2CTiva_fxnTable                                                     
00007178  ti_sysbios_gates_GateHwi_Object__PARAMS__C                           
00007190  ti_sysbios_gates_GateMutex_Object__PARAMS__C                         
000071a8  ti_sysbios_knl_Queue_Object__PARAMS__C                               
000071c0  GPIOTiva_config                                                      
000071d4  xdc_runtime_Startup_firstFxns__A                                     
000071e8  I2C_defaultParams                                                    
000071f8  xdc_runtime_Startup_sfxnRts__A                                       
00007210  ti_sysbios_family_arm_m3_Hwi_excHookFuncs__A                         
00007218  ti_sysbios_knl_Idle_funcList__C                                      
00007220  xdc_runtime_Startup_firstFxns__C                                     
00007228  xdc_runtime_Startup_lastFxns__C                                      
00007230  ti_catalog_arm_cortexm4_tiva_ce_Boot_A_mustNotUseEnhancedClockMode__C
00007234  ti_catalog_arm_cortexm4_tiva_ce_Boot_Module__diagsEnabled__C         
00007238  ti_catalog_arm_cortexm4_tiva_ce_Boot_Module__diagsIncluded__C        
0000723c  ti_catalog_arm_cortexm4_tiva_ce_Boot_Module__diagsMask__C            
00007240  ti_sysbios_family_arm_lm4_Timer_enableFunc__C                        
00007244  ti_sysbios_family_arm_lm4_Timer_numTimerDevices__C                   
00007248  ti_sysbios_family_arm_lm4_Timer_startupNeeded__C                     
0000724c  ti_sysbios_family_arm_m3_Hwi_E_NMI__C                                
00007250  ti_sysbios_family_arm_m3_Hwi_E_alreadyDefined__C                     
00007254  ti_sysbios_family_arm_m3_Hwi_E_busFault__C                           
00007258  ti_sysbios_family_arm_m3_Hwi_E_debugMon__C                           
0000725c  ti_sysbios_family_arm_m3_Hwi_E_hardFault__C                          
00007260  ti_sysbios_family_arm_m3_Hwi_E_memFault__C                           
00007264  ti_sysbios_family_arm_m3_Hwi_E_noIsr__C                              
00007268  ti_sysbios_family_arm_m3_Hwi_E_reserved__C                           
0000726c  ti_sysbios_family_arm_m3_Hwi_E_svCall__C                             
00007270  ti_sysbios_family_arm_m3_Hwi_E_usageFault__C                         
00007274  ti_sysbios_family_arm_m3_Hwi_NUM_INTERRUPTS__C                       
00007278  ti_sysbios_family_arm_m3_Hwi_Object__count__C                        
0000727c  ti_sysbios_family_arm_m3_Hwi_ccr__C                                  
00007280  ti_sysbios_family_arm_m3_Hwi_excHandlerFunc__C                       
00007284  ti_sysbios_family_arm_m3_Hwi_excHookFuncs__C                         
00007288  ti_sysbios_family_arm_m3_Hwi_nullIsrFunc__C                          
0000728c  ti_sysbios_family_arm_m3_Hwi_priGroup__C                             
00007290  ti_sysbios_family_arm_m3_TaskSupport_stackAlignment__C               
00007294  ti_sysbios_gates_GateMutex_Instance_State_sem__O                     
00007298  ti_sysbios_hal_Hwi_E_stackOverflow__C                                
0000729c  ti_sysbios_heaps_HeapMem_E_memory__C                                 
000072a0  ti_sysbios_heaps_HeapMem_Module__gateObj__C                          
000072a4  ti_sysbios_heaps_HeapMem_Object__count__C                            
000072a8  ti_sysbios_heaps_HeapMem_reqAlign__C                                 
000072ac  ti_sysbios_knl_Clock_Module_State_clockQ__O                          
000072b0  ti_sysbios_knl_Idle_funcList__A                                      
000072b4  ti_sysbios_knl_Semaphore_Instance_State_pendQ__O                     
000072b8  ti_sysbios_knl_Swi_Object__count__C                                  
000072bc  ti_sysbios_knl_Task_E_spOutOfBounds__C                               
000072c0  ti_sysbios_knl_Task_E_stackOverflow__C                               
000072c4  ti_sysbios_knl_Task_Module_State_inactiveQ__O                        
000072c8  ti_sysbios_knl_Task_Object__count__C                                 
000072cc  ti_sysbios_knl_Task_allBlockedFunc__C                                
000072d0  ti_sysbios_knl_Task_defaultStackHeap__C                              
000072d4  ti_sysbios_knl_Task_defaultStackSize__C                              
000072d8  ti_sysbios_knl_Task_numConstructedTasks__C                           
000072dc  xdc_runtime_Assert_E_assertFailed__C                                 
000072e0  xdc_runtime_Core_A_initializedParams__C                              
000072e4  xdc_runtime_Core_Module__diagsEnabled__C                             
000072e8  xdc_runtime_Core_Module__diagsIncluded__C                            
000072ec  xdc_runtime_Core_Module__diagsMask__C                                
000072f0  xdc_runtime_Error_E_memory__C                                        
000072f4  xdc_runtime_Error_Module__diagsEnabled__C                            
000072f8  xdc_runtime_Error_Module__diagsIncluded__C                           
000072fc  xdc_runtime_Error_Module__diagsMask__C                               
00007300  xdc_runtime_Error_Module__loggerFxn8__C                              
00007304  xdc_runtime_Error_Module__loggerObj__C                               
00007308  xdc_runtime_Error_policyFxn__C                                       
0000730c  xdc_runtime_Error_raiseHook__C                                       
00007310  xdc_runtime_IGateProvider_Interface__BASE__C                         
00007314  xdc_runtime_IHeap_Interface__BASE__C                                 
00007318  xdc_runtime_IModule_Interface__BASE__C                               
0000731c  xdc_runtime_Log_L_error__C                                           
00007320  xdc_runtime_Memory_defaultHeapInstance__C                            
00007324  xdc_runtime_Startup_execImpl__C                                      
00007328  xdc_runtime_Startup_maxPasses__C                                     
0000732c  xdc_runtime_Startup_sfxnRts__C                                       
00007330  xdc_runtime_Startup_sfxnTab__C                                       
00007334  xdc_runtime_SysMin_bufSize__C                                        
00007338  xdc_runtime_SysMin_outputFunc__C                                     
0000733c  xdc_runtime_System_Module__gateObj__C                                
00007340  xdc_runtime_System_abortFxn__C                                       
00007344  xdc_runtime_System_exitFxn__C                                        
00007348  xdc_runtime_System_extendFxn__C                                      
0000734c  xdc_runtime_System_maxAtexitHandlers__C                              
00007350  xdc_runtime_Text_charTab__C                                          
00007354  xdc_runtime_Text_nameEmpty__C                                        
00007358  xdc_runtime_Text_nameStatic__C                                       
0000735c  xdc_runtime_Text_nameUnknown__C                                      
00007360  xdc_runtime_Text_nodeTab__C                                          
00007364  xdc_runtime_Text_visitRopeFxn__C                                     
00007368  ti_sysbios_family_arm_m3_Hwi_Module__id__C                           
0000736a  ti_sysbios_hal_Hwi_Module__id__C                                     
0000736c  ti_sysbios_heaps_HeapMem_Module__id__C                               
0000736e  ti_sysbios_knl_Task_Module__id__C                                    
00007370  xdc_runtime_Core_Module__id__C                                       
00007372  xdc_runtime_Error_Module__loggerDefined__C                           
00007374  xdc_runtime_Error_maxDepth__C                                        
00007376  xdc_runtime_Memory_Module__id__C                                     
00007378  xdc_runtime_SysMin_flushAtExit__C                                    
0000737a  xdc_runtime_Text_charCnt__C                                          
0000737c  xdc_runtime_Text_isLoaded__C                                         
0000737e  xdc_runtime_Text_registryModsLastId__C                               
00007380  xdc_runtime_Text_unnamedModsLastId__C                                
00007388  __TI_static_base__                                                   
00007568  __TI_Handler_Table_Base                                              
00007574  __TI_Handler_Table_Limit                                             
00007588  __TI_CINIT_Base                                                      
000075a0  __TI_CINIT_Limit                                                     
20000000  ti_sysbios_family_arm_m3_Hwi_ramVectors                              
20000360  ti_sysbios_heaps_HeapMem_Instance_State_0_buf__A                     
20000b60  ti_sysbios_family_arm_m3_Hwi_dispatchTable                           
20000ec0  task0Stack                                                           
20001140  ti_sysbios_knl_Task_Instance_State_0_stack__A                        
20001340  i2cTivaObjects                                                       
200014c0  __CIOBUF_                                                            
20001670  xdc_runtime_SysMin_Module_State_0_outbuf__A                          
200016f0  task0Struct                                                          
20001740  parmbuf                                                              
2000174c  i                                                                    
20001750  ti_sysbios_knl_Swi_Module_State_0_readyQ__A                          
200017d0  ti_sysbios_knl_Task_Module_State_0_readyQ__A                         
20001850  ti_sysbios_knl_Task_Object__table__V                                 
2000189c  ti_sysbios_knl_Task_Module__state__V                                 
200018e0  ti_sysbios_family_arm_lm4_Timer_Module_State_0_device__A             
20001920  ti_sysbios_family_arm_lm4_Timer_Object__table__V                     
20001960  ti_sysbios_gates_GateMutex_Object__table__V                          
20001998  ti_sysbios_family_arm_m3_Hwi_Module__state__V                        
200019cc  ti_sysbios_knl_Swi_Object__table__V                                  
200019fc  ti_sysbios_knl_Clock_Module__state__V                                
20001a28  ti_sysbios_BIOS_Module__state__V                                     
20001a4c  ti_sysbios_family_arm_lm4_Timer_Module_State_0_handles__A            
20001a6c  ti_sysbios_knl_Swi_Module__state__V                                  
20001a88  gpioPinConfigs                                                       
20001aa0  ti_sysbios_family_arm_m3_Hwi_Object__table__V                        
20001ab8  ti_sysbios_heaps_HeapMem_Object__table__V                            
20001ad0  __TI_cleanup_ptr                                                     
20001ad4  __TI_dtors_ptr                                                       
20001ad8  __TI_enable_exit_profile_output                                      
20001adc  gpioCallbackFunctions                                                
20001ae8  ti_sysbios_family_arm_lm4_Timer_Module__state__V                     
20001af4  xdc_runtime_SysMin_Module__state__V                                  
20001b00  _lock                                                                
20001b04  _unlock                                                              
20001b08  ti_sysbios_family_arm_m3_Hwi_Module__root__V                         
20001b10  ti_sysbios_gates_GateHwi_Module__root__V                             
20001b18  ti_sysbios_gates_GateMutex_Module__root__V                           
20001b20  ti_sysbios_heaps_HeapMem_Module__root__V                             
20001b28  ti_sysbios_knl_Queue_Module__root__V                                 
20001b30  ti_sysbios_knl_Semaphore_Module__root__V                             
20001b38  ti_sysbios_knl_Task_Module__root__V                                  
20001b40  xdc_runtime_Registry_Module__state__V                                
20001b48  xdc_runtime_Startup_Module__state__V                                 
20001b50  xdc_runtime_System_Module_State_0_atexitHandlers__A                  
20001b58  xdc_runtime_System_Module__state__V                                  
20001b66  ti_sysbios_family_arm_m3_Hwi_Module_State_0_excActive__A             
20001b6c  main_func_sp                                                         
20001b70  ti_sysbios_family_arm_m3_Hwi_Module_State_0_excContext__A            
20001b74  ti_sysbios_family_arm_m3_Hwi_Module_State_0_excStack__A              
20001b78  ti_sysbios_gates_GateHwi_Object__table__V                            
20001b7c  ti_sysbios_knl_Task_Module_State_0_idleTask__A                       
20001b80  xdc_runtime_Memory_Module__state__V                                  
20001b84  xdc_runtime_Error_Module__state__V                                   
20001b88  __stack                                                              
20001e88  __STACK_END                                                          
e000e000  ti_sysbios_family_arm_m3_Hwi_nvic                                    
ffffffff  __TI_pprof_out_hndl                                                  
ffffffff  __TI_prof_data_size                                                  
ffffffff  __TI_prof_data_start                                                 
ffffffff  __binit__                                                            
ffffffff  __c_args__                                                           
ffffffff  binit                                                                
UNDEFED   SHT$$INIT_ARRAY$$Base                                                
UNDEFED   SHT$$INIT_ARRAY$$Limit                                               

[554 symbols]
