******************************************************************************
                  TI ARM Linker PC v16.9.7                     
******************************************************************************
>> Linked Mon Jun 04 19:03:44 2018

OUTPUT FILE NAME:   <i2ctmp006_DK_TM4C129X_TImine.out>
ENTRY POINT SYMBOL: "_c_int00"  address: 0000adc5


MEMORY CONFIGURATION

         name            origin    length      used     unused   attr    fill
----------------------  --------  ---------  --------  --------  ----  --------
  FLASH                 00000000   00100000  000139c2  000ec63e  R  X
  SRAM                  20000000   00040000  00003a82  0003c57e  RW X


SEGMENT ALLOCATION MAP

run origin  load origin   length   init length attrs members
----------  ----------- ---------- ----------- ----- -------
00000000    00000000    000139d0   000139d0    r-x
  00000000    00000000    0000003c   0000003c    r-- .resetVecs
  00000040    00000040    0000d5c2   0000d5c2    r-x .text
  0000d608    0000d608    00006034   00006034    r-- .const
  00013640    00013640    00000390   00000390    r-- .cinit
20000000    20000000    00003a84   00000000    rw-
  20000000    20000000    00000360   00000000    rw- .vecs
  20000360    20000360    00002148   00000000    rw- .bss
  200024a8    200024a8    00000dda   00000000    rw- .data
  20003284    20003284    00000800   00000000    rw- .stack


SECTION ALLOCATION MAP

 output                                  attributes/
section   page    origin      length       input sections
--------  ----  ----------  ----------   ----------------
.text      0    00000040    0000d5c2     
                  00000040    0000113e     rtsv7M4_T_le_v4SPD16_eabi.lib : _printfi.obj (.text)
                  0000117e    00000002                                   : i_div0.obj (.text)
                  00001180    000009ac                                   : e_pow.obj (.text)
                  00001b2c    0000056c     pinout.obj (.text:PinoutSet)
                  00002098    00000430     sysbios.aem4f : BIOS.obj (.text:ti_sysbios_family_arm_m3_Hwi_excDumpRegs__I)
                  000024c8    000003d8     temperature.obj (.text:getObjTemp)
                  000028a0    00000370     grlib.lib : image.obj (.text:InternalImageDraw)
                  00002c10    0000034c     ti.targets.arm.rtsarm.aem4f : System.oem4f (.text:xdc_runtime_System_doPrint__I)
                  00002f5c    00000340     temperature.obj (.text:conversion)
                  0000329c    000002e4     grlib.lib : image.obj (.text:PixelTransparentDraw)
                  00003580    000002dc     kentec320x240x16_ssd2119.obj (.text:Kentec320x240x16_SSD2119Init)
                  0000385c    000002a0     rtsv7M4_T_le_v4SPD16_eabi.lib : mktime.obj (.text)
                  00003afc    00000288     user_interface.obj (.text:DrawHomeScreen)
                  00003d84    00000278     frame.obj (.text:FrameDraw)
                  00003ffc    00000270     user_interface.obj (.text:updateSettingOptions)
                  0000426c    00000256     grlib.lib : string.obj (.text:GrFontGlyphRender)
                  000044c2    0000021e     rtsv7M4_T_le_v4SPD16_eabi.lib : ll_div_t2.obj (.text)
                  000046e0    00000204     driverlib.lib : sysctl.obj (.text:SysCtlClockFreqSet)
                  000048e4    00000204     Boot.aem4f : Boot_sysctl.oem4f (.text:ti_catalog_arm_cortexm4_tiva_ce_Boot_sysCtlClockFreqSetI__I)
                  00004ae8    000001fc     sysbios.aem4f : BIOS.obj (.text:ti_sysbios_family_arm_m3_Hwi_excHandlerMax__I)
                  00004ce4    000001f4     rtsv7M4_T_le_v4SPD16_eabi.lib : ull_div_t2.obj (.text)
                  00004ed8    000001e8     i2ctmp006_pem4f.oem4f (.text:xdc_runtime_System_printfExtend__I)
                  000050c0    000001b6     rtsv7M4_T_le_v4SPD16_eabi.lib : fd_add_t2.obj (.text)
                  00005276    00000002                                   : l_div0.obj (.text)
                  00005278    000001b0     user_interface.obj (.text:DrawSetting2Screen)
                  00005428    000001a8     user_interface.obj (.text:updateMainMenuOptions)
                  000055d0    000001a4     kentec320x240x16_ssd2119.obj (.text:Kentec320x240x16_SSD2119PixelDrawMultiple)
                  00005774    00000194     grlib.lib : canvas.obj (.text:CanvasPaint)
                  00005908    00000176               : pushbutton.obj (.text:RectangularButtonPaint)
                  00005a7e    00000002     i2ctmp006_pem4f.oem4f (.text:ti_sysbios_BIOS_nullFunc__I)
                  00005a80    00000174     user_interface.obj (.text:UserInterfaceInit)
                  00005bf4    00000004     driverlib.lib : i2c.obj (.text:I2CMasterControl)
                  00005bf8    00000174     sysbios.aem4f : BIOS.obj (.text:ti_sysbios_family_arm_m3_Hwi_excBusFault__I)
                  00005d6c    00000170     i2ctmp006.obj (.text:main)
                  00005edc    00000170     rtsv7M4_T_le_v4SPD16_eabi.lib : e_sqrt.obj (.text)
                  0000604c    00000004     driverlib.lib : i2c.obj (.text:I2CMasterDataGet)
                  00006050    00000164     sysbios.aem4f : BIOS.obj (.text:ti_sysbios_family_arm_m3_Hwi_excUsageFault__I)
                  000061b4    00000004     driverlib.lib : i2c.obj (.text:I2CMasterDataPut)
                  000061b8    00000154     sysbios.aem4f : BIOS.obj (.text:ti_sysbios_knl_Semaphore_pend__E)
                  0000630c    00000150     drivers_tivaware.aem4f : GPIOTiva.oem4f (.text:GPIO_setConfig)
                  0000645c    00000004     driverlib.lib : lcd.obj (.text:LCDDMAConfigSet)
                  00006460    00000148     sysbios.aem4f : BIOS.obj (.text:ti_sysbios_family_arm_m3_Hwi_excMemFault__I)
                  000065a8    00000144     user_interface.obj (.text:DrawSetting1Screen)
                  000066ec    00000138     rtsv7M4_T_le_v4SPD16_eabi.lib : localtim.obj (.text)
                  00006824    00000136                                   : fd_div_t2.obj (.text)
                  0000695a    00000002     i2ctmp006_pem4f.oem4f (.text:xdc_runtime_Startup_reset__I)
                  0000695c    00000134     user_interface.obj (.text:DrawSetting3Screen)
                  00006a90    00000130     driverlib.lib : gpio.obj (.text:GPIOPadConfigSet)
                  00006bc0    00000118     motor.obj (.text:setPWMSignalDutyCycle)
                  00006cd8    00000118     ti.targets.arm.rtsarm.aem4f : Error.oem4f (.text:xdc_runtime_Error_policyDefault__E)
                  00006df0    0000010c     buttons.obj (.text:ButtonsInit)
                  00006efc    0000010c     buttons.obj (.text:ButtonsPoll)
                  00007008    0000010c     user_interface.obj (.text:ChangeMotorState)
                  00007114    00000004     driverlib.lib : lcd.obj (.text:LCDIDDConfigSet)
                  00007118    00000108     sysbios.aem4f : BIOS.obj (.text:ti_sysbios_family_arm_lm4_Timer_start__E)
                  00007220    00000100     i2ctmp006.obj (.text:hallInterruptFxn)
                  00007320    00000100     ti.targets.arm.rtsarm.aem4f : Core-mem.oem4f (.text:xdc_runtime_Core_createObject__I)
                  00007420    000000fc     rtsv7M4_T_le_v4SPD16_eabi.lib : fd_mul_t2.obj (.text)
                  0000751c    000000fc                                   : s_scalbn.obj (.text)
                  00007618    000000f8                                   : s_floor.obj (.text)
                  00007710    000000f8     ti.targets.arm.rtsarm.aem4f : Startup.oem4f (.text:xdc_runtime_Startup_startMods__I)
                  00007808    000000f4     sysbios.aem4f : m3_Hwi_asm.obj (.text:ti_sysbios_family_arm_m3_Hwi_dispatch__I)
                  000078fc    000000f2     grlib.lib : pushbutton.obj (.text:RectangularButtonClick)
                  000079ee    00000002     --HOLE-- [fill = 0]
                  000079f0    000000e8               : widget.obj (.text:WidgetMessageQueueAdd)
                  00007ad8    000000e0     user_interface.obj (.text:DrawMainMenuScreen)
                  00007bb8    000000e0     drivers_tivaware.aem4f : I2CTiva.oem4f (.text:I2CTiva_open)
                  00007c98    000000de     kentec320x240x16_ssd2119.obj (.text:Kentec320x240x16_SSD2119RectFill)
                  00007d76    000000d6     drivers_tivaware.aem4f : I2CTiva.oem4f (.text:I2CTiva_hwiFxn)
                  00007e4c    00000004     driverlib.lib : timer.obj (.text:TimerSynchronize)
                  00007e50    000000d4     sysbios.aem4f : BIOS.obj (.text:ti_sysbios_heaps_HeapMem_alloc__E)
                  00007f24    000000cc     DK_TM4C129X.obj (.text:DK_TM4C129X_initI2C)
                  00007ff0    000000cc     sysbios.aem4f : BIOS.obj (.text:ti_sysbios_knl_Task_Instance_init__E)
                  000080bc    000000cc     ti.targets.arm.rtsarm.aem4f : Core-smem.oem4f (.text:xdc_runtime_Core_constructObject__I)
                  00008188    000000c8     temperature.obj (.text:i2c_setup)
                  00008250    000000c4     grlib.lib : string.obj (.text:GrDefaultStringRenderer)
                  00008314    000000c0     motor.obj (.text:initPWMSignal)
                  000083d4    000000c0     rtsv7M4_T_le_v4SPD16_eabi.lib : s_round.obj (.text)
                  00008494    000000bc     temperature.obj (.text:EEPROM_Read32)
                  00008550    000000bc     sysbios.aem4f : BIOS.obj (.text:ti_sysbios_family_arm_m3_Hwi_excDebugMon__I)
                  0000860c    00000004     grlib.lib : widget.obj (.text:WidgetDefaultMsgProc)
                  00008610    000000bc     sysbios.aem4f : BIOS.obj (.text:ti_sysbios_family_arm_m3_Hwi_excHardFault__I)
                  000086cc    00000004     i2ctmp006_pem4f.oem4f (.text:ti_sysbios_BIOS_RtsGateProxy_enter__E)
                  000086d0    000000bc     sysbios.aem4f : BIOS.obj (.text:ti_sysbios_knl_Task_Instance_finalize__E)
                  0000878c    000000b8     DK_TM4C129X.obj (.text:DK_TM4C129X_initGeneral)
                  00008844    000000b4     current.obj (.text:SetCurrentAverage)
                  000088f8    000000b4     grlib.lib : widget.obj (.text:WidgetMessageSendPostOrder)
                  000089ac    00000004     i2ctmp006_pem4f.oem4f (.text:ti_sysbios_BIOS_RtsGateProxy_leave__E)
                  000089b0    000000b4     sysbios.aem4f : BIOS.obj (.text:ti_sysbios_knl_Task_checkStacks__E)
                  00008a64    000000ac     user_interface.obj (.text:UserInterfaceDraw)
                  00008b10    000000ac     sysbios.aem4f : BIOS.obj (.text:ti_sysbios_family_arm_lm4_Timer_enableTiva__I)
                  00008bbc    000000a4     rtsv7M4_T_le_v4SPD16_eabi.lib : asctime.obj (.text)
                  00008c60    000000a0     auto_init.aem4f : auto_init.oem4f (.text)
                  00008d00    000000a0     sysbios.aem4f : BIOS.obj (.text:ti_sysbios_hal_SecondsClock_Module_startup__E)
                  00008da0    000000a0     ti.targets.arm.rtsarm.aem4f : Text.oem4f (.text:xdc_runtime_Text_putMod__E)
                  00008e40    0000009c     rtsv7M4_T_le_v4SPD16_eabi.lib : memcpy_t2.obj (.text)
                  00008edc    0000009a     ti.targets.arm.rtsarm.aem4f : Text.oem4f (.text:xdc_runtime_Text_putSite__E)
                  00008f76    00000002     --HOLE-- [fill = 0]
                  00008f78    00000098     Boot.aem4f : Boot.oem4f (.text:ti_catalog_arm_cortexm4_tiva_ce_Boot_sysCtlClockFreqSet__E)
                  00009010    00000098     user_interface.obj (.text:updateHomeMenuOptions)
                  000090a8    00000094     temperature.obj (.text:all32)
                  0000913c    00000094     i2ctmp006.obj (.text:clk0Fxn)
                  000091d0    00000094     sysbios.aem4f : BIOS.obj (.text:ti_sysbios_family_arm_m3_Hwi_Instance_init__E)
                  00009264    00000004                   : BIOS.obj (.text:ti_sysbios_family_arm_lm4_Timer_masterEnable__I)
                  00009268    00000094                   : BIOS.obj (.text:ti_sysbios_family_arm_m3_Hwi_initNVIC__E)
                  000092fc    00000004     i2ctmp006_pem4f.oem4f (.text:ti_sysbios_family_arm_m3_Hwi_destruct)
                  00009300    00000094     sysbios.aem4f : BIOS.obj (.text:ti_sysbios_knl_Task_postInit__I)
                  00009394    00000090     motor.obj (.text:configureHallSensor)
                  00009424    0000008e     motordriver_sensorboard.obj (.text:MotorStateChange)
                  000094b2    00000002     --HOLE-- [fill = 0]
                  000094b4    0000008c     drivers_tivaware.aem4f : GPIOTiva.oem4f (.text:GPIO_init)
                  00009540    0000008c     sysbios.aem4f : m3_TaskSupport_asm.obj (.text:ti_sysbios_family_arm_m3_TaskSupport_buildTaskStack)
                  000095cc    00000088     temperature.obj (.text:EEPROM_Read16)
                  00009654    00000086     grlib.lib : rectangle.obj (.text:GrRectFill)
                  000096da    00000086     rtsv7M4_T_le_v4SPD16_eabi.lib : fd_cmp_t2.obj (.text:__aeabi_cdcmple)
                  00009760    00000086                                   : fd_cmp_t2.obj (.text:__aeabi_cdrcmple)
                  000097e6    00000002     --HOLE-- [fill = 0]
                  000097e8    00000084     sysbios.aem4f : BIOS.obj (.text:ti_sysbios_family_arm_m3_Hwi_postInit__I)
                  0000986c    0000007e     drivers_tivaware.aem4f : I2CTiva.oem4f (.text:I2CTiva_transfer)
                  000098ea    00000002     --HOLE-- [fill = 0]
                  000098ec    0000007c     user_interface.obj (.text:DrawGraph1Screen)
                  00009968    0000007c     motor.obj (.text:determineHallStateIndex)
                  000099e4    00000004     i2ctmp006_pem4f.oem4f (.text:ti_sysbios_family_arm_m3_TaskSupport_Module__startupDone__S)
                  000099e8    0000007c     sysbios.aem4f : BIOS.obj (.text:ti_sysbios_heaps_HeapMem_free__E)
                  00009a64    0000007a     driverlib.lib : adc.obj (.text:ADCSequenceStepConfigure)
                  00009ade    0000007a     rtsv7M4_T_le_v4SPD16_eabi.lib : memset_t2.obj (.text)
                  00009b58    00000078     user_interface.obj (.text:DrawGraph3Screen)
                  00009bd0    00000078     motor.obj (.text:configurePWMSignal)
                  00009c48    00000078     temperature.obj (.text:writeRegister16)
                  00009cc0    00000074     user_interface.obj (.text:DrawGraph2Screen)
                  00009d34    00000070     current.obj (.text:CurrentInit)
                  00009da4    00000004     i2ctmp006_pem4f.oem4f (.text:ti_sysbios_hal_Hwi_HwiProxy_delete)
                  00009da8    00000070     sysbios.aem4f : BIOS.obj (.text:ti_sysbios_knl_Clock_workFunc__E)
                  00009e18    00000070                   : BIOS.obj (.text:ti_sysbios_knl_Task_exit__E)
                  00009e88    0000006e     rtsv7M4_T_le_v4SPD16_eabi.lib : fd_tos_t2.obj (.text)
                  00009ef6    00000002     --HOLE-- [fill = 0]
                  00009ef8    0000006d     ti.targets.arm.rtsarm.aem4f : System.oem4f (.text:xdc_runtime_System_formatNum__I)
                  00009f65    00000003     --HOLE-- [fill = 0]
                  00009f68    0000006c     motordriver_sensorboard.obj (.text:MotorInit)
                  00009fd4    0000006c     i2ctmp006_pem4f.oem4f (.text:ti_sysbios_family_arm_m3_Hwi_Object__create__S)
                  0000a040    0000006c     sysbios.aem4f : BIOS.obj (.text:ti_sysbios_knl_Swi_restoreHwi__E)
                  0000a0ac    0000006c     ti.targets.arm.rtsarm.aem4f : Error.oem4f (.text:xdc_runtime_Error_print__E)
                  0000a118    0000006c                                 : Memory.oem4f (.text:xdc_runtime_Memory_alloc__E)
                  0000a184    0000006a     grlib.lib : string.obj (.text:GrStringWidthGet)
                  0000a1ee    00000002     --HOLE-- [fill = 0]
                  0000a1f0    00000068               : context.obj (.text:GrContextInit)
                  0000a258    00000068     rtsv7M4_T_le_v4SPD16_eabi.lib : copy_decompress_lzss.obj (.text:decompress:lzss)
                  0000a2c0    00000068                                   : trgmsg.obj (.text)
                  0000a328    00000066     grlib.lib : rectangle.obj (.text:GrRectDraw)
                  0000a38e    00000066     ti.targets.arm.rtsarm.aem4f : Core-mem.oem4f (.text:xdc_runtime_Core_deleteObject__I)
                  0000a3f4    00000064     drivers_tivaware.aem4f : GPIOTiva.oem4f (.text:GPIO_hwiIntFxn)
                  0000a458    00000064     temperature.obj (.text:SetTemperatureAverage)
                  0000a4bc    00000064     grlib.lib : widget.obj (.text:WidgetMessageQueueProcess)
                  0000a520    00000064     rtsv7M4_T_le_v4SPD16_eabi.lib : s_frexp.obj (.text)
                  0000a584    00000004     i2ctmp006_pem4f.oem4f (.text:ti_sysbios_heaps_HeapMem_Module_GateProxy_enter__E)
                  0000a588    00000064     sysbios.aem4f : BIOS.obj (.text:ti_sysbios_family_arm_lm4_Timer_Module_startup__E)
                  0000a5ec    00000064     i2ctmp006_pem4f.oem4f (.text:ti_sysbios_family_arm_m3_Hwi_create)
                  0000a650    00000064     sysbios.aem4f : BIOS.obj (.text:ti_sysbios_family_arm_m3_Hwi_dispatchC__I)
                  0000a6b4    00000064     i2ctmp006_pem4f.oem4f (.text:ti_sysbios_hal_Hwi_create)
                  0000a718    00000064     sysbios.aem4f : BIOS.obj (.text:ti_sysbios_knl_Semaphore_post__E)
                  0000a77c    00000062     grlib.lib : context.obj (.text:GrContextClipRegionSet)
                  0000a7de    00000062     drivers_tivaware.aem4f : I2CTiva.oem4f (.text:I2CTiva_primeTransfer)
                  0000a840    00000060     driverlib.lib : timer.obj (.text:TimerConfigure)
                  0000a8a0    00000060     rtsv7M4_T_le_v4SPD16_eabi.lib : sprintf.obj (.text)
                  0000a900    00000060     sysbios.aem4f : BIOS.obj (.text:ti_sysbios_knl_Task_schedule__I)
                  0000a960    0000005e     kentec320x240x16_ssd2119.obj (.text:Kentec320x240x16_SSD2119LineDrawH)
                  0000a9be    0000005e     kentec320x240x16_ssd2119.obj (.text:Kentec320x240x16_SSD2119LineDrawV)
                  0000aa1c    0000005c     interface_button.obj (.text:OnButtonPress)
                  0000aa78    0000005c     grlib.lib : widget.obj (.text:WidgetMessageSendPreOrder)
                  0000aad4    00000004     i2ctmp006_pem4f.oem4f (.text:ti_sysbios_heaps_HeapMem_Module_GateProxy_leave__E)
                  0000aad8    0000005c     sysbios.aem4f : BIOS.obj (.text:ti_sysbios_knl_Clock_Instance_init__E)
                  0000ab34    00000004     i2ctmp006_pem4f.oem4f (.text:ti_sysbios_knl_Clock_TimerProxy_getFreq__E)
                  0000ab38    0000005c     sysbios.aem4f : BIOS.obj (.text:ti_sysbios_knl_Swi_run__I)
                  0000ab94    00000004     i2ctmp006_pem4f.oem4f (.text:ti_sysbios_knl_Clock_TimerProxy_getMaxTicks__E)
                  0000ab98    0000005c     sysbios.aem4f : BIOS.obj (.text:ti_sysbios_knl_Swi_schedule__I)
                  0000abf4    00000004     i2ctmp006_pem4f.oem4f (.text:ti_sysbios_knl_Clock_TimerProxy_getPeriod__E)
                  0000abf8    0000005c     sysbios.aem4f : BIOS.obj (.text:ti_sysbios_knl_Task_Module_startup__E)
                  0000ac54    0000005c     i2ctmp006_pem4f.oem4f (.text:ti_sysbios_knl_Task_create)
                  0000acb0    0000005c     sysbios.aem4f : BIOS.obj (.text:ti_sysbios_knl_Task_startCore__E)
                  0000ad0c    0000005b     ti.targets.arm.rtsarm.aem4f : Text.oem4f (.text:xdc_runtime_Text_putLab__E)
                  0000ad67    00000001     --HOLE-- [fill = 0]
                  0000ad68    0000005a     grlib.lib : string.obj (.text:FontWideGlyphDataGet)
                  0000adc2    00000002     --HOLE-- [fill = 0]
                  0000adc4    00000058     boot.aem4f : boot.oem4f (.text)
                  0000ae1c    00000058     motor.obj (.text:initHallSensorState)
                  0000ae74    00000058     rtsv7M4_T_le_v4SPD16_eabi.lib : hostwrite.obj (.text)
                  0000aecc    00000058     i2ctmp006_pem4f.oem4f (.text:ti_sysbios_family_arm_m3_Hwi_construct)
                  0000af24    00000058     sysbios.aem4f : m3_Hwi_asm_switch.obj (.text:ti_sysbios_family_arm_m3_Hwi_initStacks__E)
                  0000af7c    00000056     driverlib.lib : gpio.obj (.text:GPIOIntTypeSet)
                  0000afd2    00000002     --HOLE-- [fill = 0]
                  0000afd4    00000054     rtsv7M4_T_le_v4SPD16_eabi.lib : exit.obj (.text)
                  0000b028    00000054                                   : ltoa.obj (.text)
                  0000b07c    00000004     i2ctmp006_pem4f.oem4f (.text:ti_sysbios_knl_Queue_destruct)
                  0000b080    00000054     sysbios.aem4f : BIOS.obj (.text:ti_sysbios_family_arm_lm4_Timer_initDevice__I)
                  0000b0d4    00000054     ti.targets.arm.rtsarm.aem4f : Assert.oem4f (.text:xdc_runtime_Assert_raise__I)
                  0000b128    00000050     drivers_tivaware.aem4f : GPIOTiva.oem4f (.text:GPIO_setCallback)
                  0000b178    00000050     Boot.aem4f : Boot_sysctl.oem4f (.text:_SysCtlFrequencyGet)
                  0000b1c8    00000050     rtsv7M4_T_le_v4SPD16_eabi.lib : _tvaltostr.obj (.text)
                  0000b218    00000050     sysbios.aem4f : BIOS.obj (.text:ti_sysbios_family_arm_m3_Hwi_Module_startup__E)
                  0000b268    00000050     ti.targets.arm.rtsarm.aem4f : Startup.oem4f (.text:xdc_runtime_Startup_exec__E)
                  0000b2b8    00000050                                 : Text.oem4f (.text:xdc_runtime_Text_visitRope2__I)
                  0000b308    0000004c     motor.obj (.text:initInterfaceSpeed)
                  0000b354    0000004c     rtsv7M4_T_le_v4SPD16_eabi.lib : atoi.obj (.text)
                  0000b3a0    0000004c                                   : cpy_tbl.obj (.text)
                  0000b3ec    00000004     i2ctmp006_pem4f.oem4f (.text:ti_sysbios_knl_Semaphore_destruct)
                  0000b3f0    0000004c     sysbios.aem4f : BIOS.obj (.text:ti_sysbios_heaps_HeapMem_getStats__E)
                  0000b43c    00000004     ti.targets.arm.rtsarm.aem4f : Error.oem4f (.text:xdc_runtime_Error_getSite__E)
                  0000b440    0000004c     sysbios.aem4f : BIOS.obj (.text:ti_sysbios_knl_Swi_runLoop__I)
                  0000b48c    00000004     i2ctmp006_pem4f.oem4f (.text:xdc_runtime_System_Module_GateProxy_enter__E)
                  0000b490    0000004c     sysbios.aem4f : BIOS.obj (.text:ti_sysbios_knl_Task_allBlockedFunction__I)
                  0000b4dc    0000004a     grlib.lib : string.obj (.text:UpdateContextCharMapping)
                  0000b526    00000002     --HOLE-- [fill = 0]
                  0000b528    00000048     driverlib.lib : gpio.obj (.text:GPIOPinConfigure)
                  0000b570    00000048                   : i2c.obj (.text:I2CMasterInitExpClk)
                  0000b5b8    00000048                   : sysctl.obj (.text:_SysCtlFrequencyGet)
                  0000b600    00000048     rtsv7M4_T_le_v4SPD16_eabi.lib : fd_toi_t2.obj (.text)
                  0000b648    00000048     i2ctmp006.obj (.text:setSystemTime)
                  0000b690    00000048     sysbios.aem4f : BIOS.obj (.text:ti_sysbios_family_arm_lm4_Timer_enableTimers__I)
                  0000b6d8    00000048                   : BIOS.obj (.text:ti_sysbios_family_arm_m3_Hwi_disableInterrupt__E)
                  0000b720    00000048                   : BIOS.obj (.text:ti_sysbios_family_arm_m3_Hwi_enableInterrupt__E)
                  0000b768    00000048                   : BIOS.obj (.text:ti_sysbios_family_arm_m3_Hwi_excReserved__I)
                  0000b7b0    00000048                   : BIOS.obj (.text:ti_sysbios_hal_SecondsClock_increment__I)
                  0000b7f8    00000046     grlib.lib : line.obj (.text:GrLineDrawH)
                  0000b83e    00000046               : line.obj (.text:GrLineDrawV)
                  0000b884    00000046     ti.targets.arm.rtsarm.aem4f : Core-params.oem4f (.text:xdc_runtime_Core_assignParams__I)
                  0000b8ca    00000002     --HOLE-- [fill = 0]
                  0000b8cc    00000044     temperature.obj (.text:all16)
                  0000b910    00000044     rtsv7M4_T_le_v4SPD16_eabi.lib : fd_tou_t2.obj (.text)
                  0000b954    00000004     i2ctmp006_pem4f.oem4f (.text:xdc_runtime_System_Module_GateProxy_leave__E)
                  0000b958    00000044     sysbios.aem4f : BIOS.obj (.text:ti_sysbios_family_arm_lm4_Timer_isrStub__E)
                  0000b99c    00000004     ti.targets.arm.rtsarm.aem4f : System.oem4f (.text:xdc_runtime_System_aprintf_va__F)
                  0000b9a0    00000044     sysbios.aem4f : BIOS.obj (.text:ti_sysbios_family_arm_m3_Hwi_getStackInfo__E)
                  0000b9e4    00000004     ti.targets.arm.rtsarm.aem4f : System.oem4f (.text:xdc_runtime_System_printf_va__F)
                  0000b9e8    00000044     sysbios.aem4f : BIOS.obj (.text:ti_sysbios_knl_Swi_post__E)
                  0000ba2c    00000044     ti.targets.arm.rtsarm.aem4f : Error.oem4f (.text:xdc_runtime_Error_setX__E)
                  0000ba70    00000044                                 : SysMin.oem4f (.text:xdc_runtime_SysMin_flush__E)
                  0000bab4    00000044                                 : Text.oem4f (.text:xdc_runtime_Text_xprintf__I)
                  0000baf8    00000040     rtsv7M4_T_le_v4SPD16_eabi.lib : u_divt2.obj (.text)
                  0000bb38    00000040     sysbios.aem4f : BIOS.obj (.text:ti_sysbios_family_arm_lm4_Timer_startup__E)
                  0000bb78    00000040                   : BIOS.obj (.text:ti_sysbios_heaps_HeapMem_Instance_init__E)
                  0000bbb8    0000003e     driverlib.lib : adc.obj (.text:ADCSequenceConfigure)
                  0000bbf6    0000003c     kentec320x240x16_ssd2119.obj (.text:Kentec320x240x16_SSD2119PixelDraw)
                  0000bc32    00000006     driverlib.lib : gpio.obj (.text:GPIOIntClear)
                  0000bc38    0000003c     sysbios.aem4f : BIOS.obj (.text:ti_sysbios_family_arm_m3_Hwi_excSvCall__I)
                  0000bc74    00000004     --HOLE-- [fill = 0]
                  0000bc78    0000003c                   : BIOS.obj (.text:ti_sysbios_heaps_HeapMem_init__I)
                  0000bcb4    00000004     --HOLE-- [fill = 0]
                  0000bcb8    0000003c                   : BIOS.obj (.text:ti_sysbios_knl_Swi_restore__E)
                  0000bcf4    0000003c     i2ctmp006.obj (.text:userInterfaceFxn)
                  0000bd30    0000003a     grlib.lib : string.obj (.text:FontGlyphDataGet)
                  0000bd6a    0000003a     drivers_tivaware.aem4f : I2CTiva.oem4f (.text:I2CTiva_completeTransfer)
                  0000bda4    0000003a     driverlib.lib : lcd.obj (.text:LCDIDDTimingSet)
                  0000bdde    00000002     --HOLE-- [fill = 0]
                  0000bde0    00000038     drivers_tivaware.aem4f : I2C.oem4f (.text:I2C_init)
                  0000be18    00000038     rtsv7M4_T_le_v4SPD16_eabi.lib : fs_tod_t2.obj (.text)
                  0000be50    00000038     sysbios.aem4f : BIOS.obj (.text:ti_sysbios_family_arm_m3_Hwi_excNoIsr__I)
                  0000be88    00000038                   : BIOS.obj (.text:ti_sysbios_knl_Task_processVitalTaskFlag__I)
                  0000bec0    00000038     ti.targets.arm.rtsarm.aem4f : SysMin.oem4f (.text:xdc_runtime_SysMin_putch__E)
                  0000bef8    00000038                                 : System.oem4f (.text:xdc_runtime_System_atexit__E)
                  0000bf30    00000036     drivers_tivaware.aem4f : I2CTiva.oem4f (.text:I2CTiva_close)
                  0000bf66    00000002     --HOLE-- [fill = 0]
                  0000bf68    00000034     driverlib.lib : sysctl.obj (.text:SysCtlPeripheralEnable)
                  0000bf9c    00000004     --HOLE-- [fill = 0]
                  0000bfa0    00000034     sysbios.aem4f : BIOS.obj (.text:ti_sysbios_family_arm_m3_Hwi_Instance_finalize__E)
                  0000bfd4    00000004     --HOLE-- [fill = 0]
                  0000bfd8    00000034                   : BIOS.obj (.text:ti_sysbios_family_arm_m3_Hwi_excNmi__I)
                  0000c00c    00000004     --HOLE-- [fill = 0]
                  0000c010    00000034                   : BIOS.obj (.text:ti_sysbios_hal_Hwi_checkStack)
                  0000c044    00000034     i2ctmp006_pem4f.oem4f (.text:ti_sysbios_knl_Clock_construct)
                  0000c078    00000034     ti.targets.arm.rtsarm.aem4f : Core-label.oem4f (.text:xdc_runtime_Core_assignLabel__I)
                  0000c0ac    00000033                                 : Text.oem4f (.text:xdc_runtime_Text_printVisFxn__I)
                  0000c0df    00000001     --HOLE-- [fill = 0]
                  0000c0e0    00000032     sysbios.aem4f : BIOS.obj (.text:ti_sysbios_hal_Hwi_initStack)
                  0000c112    00000002     --HOLE-- [fill = 0]
                  0000c114    00000030     drivers_tivaware.aem4f : I2C.oem4f (.text:I2C_open)
                  0000c144    00000030     motor.obj (.text:configureFault_OTW)
                  0000c174    00000030     i2ctmp006_pem4f.oem4f (.text:ti_sysbios_BIOS_atExitFunc__I)
                  0000c1a4    00000004     --HOLE-- [fill = 0]
                  0000c1a8    00000030     sysbios.aem4f : BIOS.obj (.text:ti_sysbios_family_arm_lm4_Timer_stop__E)
                  0000c1d8    00000030                   : BIOS.obj (.text:ti_sysbios_family_arm_m3_TaskSupport_start__E)
                  0000c208    00000030     i2ctmp006_pem4f.oem4f (.text:ti_sysbios_gates_GateHwi_Object__create__S)
                  0000c238    00000030     i2ctmp006_pem4f.oem4f (.text:ti_sysbios_gates_GateMutex_Object__create__S)
                  0000c268    00000030     sysbios.aem4f : BIOS.obj (.text:ti_sysbios_gates_GateMutex_enter__E)
                  0000c298    00000030     i2ctmp006_pem4f.oem4f (.text:ti_sysbios_heaps_HeapMem_Object__create__S)
                  0000c2c8    00000030     i2ctmp006_pem4f.oem4f (.text:ti_sysbios_knl_Semaphore_construct)
                  0000c2f8    00000030     sysbios.aem4f : BIOS.obj (.text:ti_sysbios_knl_Semaphore_pendTimeout__I)
                  0000c328    00000030                   : BIOS.obj (.text:ti_sysbios_knl_Task_unblockI__E)
                  0000c358    00000030     ti.targets.arm.rtsarm.aem4f : SysMin.oem4f (.text:xdc_runtime_SysMin_abort__E)
                  0000c388    00000030                                 : System.oem4f (.text:xdc_runtime_System_processAtExit__E)
                  0000c3b8    0000002e     grlib.lib : string.obj (.text:GrStringNextCharGet)
                  0000c3e6    0000002e     rtsv7M4_T_le_v4SPD16_eabi.lib : i_tofd_t2.obj (.text)
                  0000c414    0000002c     grlib.lib : string.obj (.text:GrFontBaselineGet)
                  0000c440    0000002c               : string.obj (.text:GrFontHeightGet)
                  0000c46c    0000002c     kentec320x240x16_ssd2119.obj (.text:WriteData)
                  0000c498    0000002c     i2ctmp006_pem4f.oem4f (.text:ti_sysbios_knl_Clock_doTick__I)
                  0000c4c4    0000002c     i2ctmp006_pem4f.oem4f (.text:ti_sysbios_knl_Queue_construct)
                  0000c4f0    0000002c     sysbios.aem4f : BIOS.obj (.text:ti_sysbios_knl_Task_restore__E)
                  0000c51c    0000002c     ti.targets.arm.rtsarm.aem4f : Text.oem4f (.text:xdc_runtime_Text_cordText__E)
                  0000c548    0000002a     driverlib.lib : gpio.obj (.text:GPIODirModeSet)
                  0000c572    0000002a     grlib.lib : widget.obj (.text:WidgetIsInTree)
                  0000c59c    0000002a     ti.targets.arm.rtsarm.aem4f : System.oem4f (.text:xdc_runtime_System_putchar__I)
                  0000c5c6    00000028     kentec320x240x16_ssd2119.obj (.text:Kentec320x240x16_SSD2119ColorTranslate)
                  0000c5ee    00000028     grlib.lib : pushbutton.obj (.text:RectangularButtonMsgProc)
                  0000c616    00000002     --HOLE-- [fill = 0]
                  0000c618    00000028     user_interface.obj (.text:getCurrentDateTime)
                  0000c640    00000028     temperature.obj (.text:setSOC)
                  0000c668    00000028     sysbios.aem4f : BIOS.obj (.text:ti_sysbios_hal_Hwi_Instance_init__E)
                  0000c690    00000028                   : BIOS.obj (.text:ti_sysbios_knl_Swi_Module_startup__E)
                  0000c6b8    00000026     grlib.lib : string.obj (.text:GrFontInfoGet)
                  0000c6de    00000026     sysbios.aem4f : m3_Hwi_asm.obj (.text:ti_sysbios_family_arm_m3_Hwi_pendSV__I)
                  0000c704    00000026     ti.targets.arm.rtsarm.aem4f : System.oem4f (.text:xdc_runtime_System_avprintf__E)
                  0000c72a    00000024     grlib.lib : widget.obj (.text:WidgetAdd)
                  0000c74e    00000024     temperature.obj (.text:clearNewData)
                  0000c772    00000002     --HOLE-- [fill = 0]
                  0000c774    00000024     i2ctmp006_pem4f.oem4f (.text:ti_sysbios_BIOS_errorRaiseHook__I)
                  0000c798    00000024     i2ctmp006_pem4f.oem4f (.text:ti_sysbios_BIOS_registerRTSLock__I)
                  0000c7bc    00000024     i2ctmp006_pem4f.oem4f (.text:ti_sysbios_BIOS_removeRTSLock__I)
                  0000c7e0    00000024     i2ctmp006_pem4f.oem4f (.text:ti_sysbios_BIOS_startFunc__I)
                  0000c804    00000024     i2ctmp006_pem4f.oem4f (.text:ti_sysbios_gates_GateMutex_Object__delete__S)
                  0000c828    00000024     sysbios.aem4f : BIOS.obj (.text:ti_sysbios_knl_Clock_Module_startup__E)
                  0000c84c    00000004     --HOLE-- [fill = 0]
                  0000c850    00000024                   : BIOS.obj (.text:ti_sysbios_knl_Clock_start__E)
                  0000c874    00000004     --HOLE-- [fill = 0]
                  0000c878    00000024                   : BIOS.obj (.text:ti_sysbios_knl_Semaphore_Instance_init__E)
                  0000c89c    00000004     --HOLE-- [fill = 0]
                  0000c8a0    00000024                   : BIOS.obj (.text:ti_sysbios_knl_Task_restoreHwi__E)
                  0000c8c4    00000024     ti.targets.arm.rtsarm.aem4f : System.oem4f (.text:xdc_runtime_System_vprintf__E)
                  0000c8e8    00000022     grlib.lib : string.obj (.text:GrFontGlyphDataGet)
                  0000c90a    00000022     driverlib.lib : lcd.obj (.text:LCDModeSet)
                  0000c92c    00000004     --HOLE-- [fill = 0]
                  0000c930    00000022     sysbios.aem4f : BIOS.obj (.text:ti_sysbios_family_arm_lm4_Timer_write__I)
                  0000c952    00000022     i2ctmp006_pem4f.oem4f (.text:xdc_runtime_SysMin_output__I)
                  0000c974    00000020     Boot.aem4f : Boot_sysctl.oem4f (.text:_SysCtlMemTimingGet)
                  0000c994    00000020     temperature.obj (.text:getMode)
                  0000c9b4    00000020     rtsv7M4_T_le_v4SPD16_eabi.lib : u_tofd_t2.obj (.text)
                  0000c9d4    00000020     i2ctmp006_pem4f.oem4f (.text:ti_sysbios_BIOS_rtsLock__I)
                  0000c9f4    00000004     --HOLE-- [fill = 0]
                  0000c9f8    00000020     sysbios.aem4f : BIOS.obj (.text:ti_sysbios_family_arm_lm4_Timer_getFreq__E)
                  0000ca18    00000020     i2ctmp006_pem4f.oem4f (.text:ti_sysbios_family_arm_m3_Hwi_Object__delete__S)
                  0000ca38    00000020     sysbios.aem4f : m3_Hwi_asm.obj (.text:ti_sysbios_family_arm_m3_Hwi_excHandlerAsm__I)
                  0000ca58    00000020                   : BIOS.obj (.text:ti_sysbios_family_arm_m3_Hwi_excHandler__I)
                  0000ca78    00000020     i2ctmp006_pem4f.oem4f (.text:ti_sysbios_gates_GateHwi_Object__delete__S)
                  0000ca98    00000020     i2ctmp006_pem4f.oem4f (.text:ti_sysbios_heaps_HeapMem_Object__delete__S)
                  0000cab8    00000020     sysbios.aem4f : BIOS.obj (.text:ti_sysbios_knl_Idle_run__E)
                  0000cad8    00000020     i2ctmp006_pem4f.oem4f (.text:ti_sysbios_knl_Semaphore_Object__destruct__S)
                  0000caf8    00000020     ti.targets.arm.rtsarm.aem4f : Registry.oem4f (.text:xdc_runtime_Registry_findById__E)
                  0000cb18    00000020                                 : SysMin.oem4f (.text:xdc_runtime_SysMin_Module_startup__E)
                  0000cb38    0000001e     driverlib.lib : adc.obj (.text:ADCSequenceDataGet)
                  0000cb56    0000001e     grlib.lib : string.obj (.text:GrFontCodepageGet)
                  0000cb74    0000001e     temperature.obj (.text:getCyclePosition)
                  0000cb92    0000001e     rtsv7M4_T_le_v4SPD16_eabi.lib : strcat.obj (.text)
                  0000cbb0    0000001e     sysbios.aem4f : m3_Hwi_asm_switch.obj (.text:ti_sysbios_family_xxx_Hwi_switchAndRunFunc)
                  0000cbce    00000002     --HOLE-- [fill = 0]
                  0000cbd0    0000001c     driverlib.lib : sysctl.obj (.text:_SysCtlMemTimingGet)
                  0000cbec    0000001c     drivers_tivaware.aem4f : GPIOTiva.oem4f (.text:getGpioIntIndex)
                  0000cc08    0000001c     rtsv7M4_T_le_v4SPD16_eabi.lib : memccpy.obj (.text)
                  0000cc24    0000001c     i2ctmp006_pem4f.oem4f (.text:ti_sysbios_family_arm_m3_Hwi_Object__destruct__S)
                  0000cc40    0000001c     sysbios.aem4f : BIOS.obj (.text:ti_sysbios_gates_GateMutex_Instance_init__E)
                  0000cc5c    0000001c     i2ctmp006_pem4f.oem4f (.text:ti_sysbios_hal_Hwi_HwiProxy_create)
                  0000cc78    0000001c     i2ctmp006_pem4f.oem4f (.text:ti_sysbios_knl_Queue_Object__destruct__S)
                  0000cc94    00000004     --HOLE-- [fill = 0]
                  0000cc98    0000001c     sysbios.aem4f : BIOS.obj (.text:ti_sysbios_knl_Queue_put__E)
                  0000ccb4    00000004     --HOLE-- [fill = 0]
                  0000ccb8    0000001c                   : BIOS.obj (.text:ti_sysbios_knl_Task_enter__I)
                  0000ccd4    0000001c     ti.targets.arm.rtsarm.aem4f : Error.oem4f (.text:xdc_runtime_Error_raiseX__E)
                  0000ccf0    0000001c                                 : Memory.oem4f (.text:xdc_runtime_Memory_valloc__E)
                  0000cd0c    0000001c                                 : SysMin.oem4f (.text:xdc_runtime_SysMin_exit__E)
                  0000cd28    0000001c                                 : System.oem4f (.text:xdc_runtime_System_abort__E)
                  0000cd44    0000001a     i2ctmp006_pem4f.oem4f (.text:ti_sysbios_family_arm_m3_Hwi_Handle__label__S)
                  0000cd5e    0000001a     i2ctmp006_pem4f.oem4f (.text:ti_sysbios_gates_GateHwi_Handle__label__S)
                  0000cd78    0000001a     i2ctmp006_pem4f.oem4f (.text:ti_sysbios_gates_GateMutex_Handle__label__S)
                  0000cd92    0000001a     i2ctmp006_pem4f.oem4f (.text:ti_sysbios_heaps_HeapMem_Handle__label__S)
                  0000cdac    0000001a     i2ctmp006_pem4f.oem4f (.text:ti_sysbios_knl_Swi_Handle__label__S)
                  0000cdc6    0000001a     i2ctmp006_pem4f.oem4f (.text:ti_sysbios_knl_Task_Handle__label__S)
                  0000cde0    0000001a     i2ctmp006_pem4f.oem4f (.text:xdc_runtime_System_aprintf__E)
                  0000cdfa    0000001a     i2ctmp006_pem4f.oem4f (.text:xdc_runtime_System_printf__E)
                  0000ce14    00000018     driverlib.lib : adc.obj (.text:ADCProcessorTrigger)
                  0000ce2c    00000018                   : gpio.obj (.text:GPIOPinTypeGPIOOutput)
                  0000ce44    00000018                   : timer.obj (.text:TimerControlLevel)
                  0000ce5c    00000018     kentec320x240x16_ssd2119.obj (.text:WriteCommand)
                  0000ce74    00000018     rtsv7M4_T_le_v4SPD16_eabi.lib : args_main.obj (.text)
                  0000ce8c    00000018     i2ctmp006_pem4f.oem4f (.text:ti_sysbios_BIOS_rtsUnlock__I)
                  0000cea4    00000018     i2ctmp006_pem4f.oem4f (.text:ti_sysbios_family_arm_lm4_Timer_Module__startupDone__F)
                  0000cebc    00000018     i2ctmp006_pem4f.oem4f (.text:ti_sysbios_family_arm_m3_Hwi_Module__startupDone__F)
                  0000ced4    00000018     sysbios.aem4f : m3_TaskSupport_asm.obj (.text:ti_sysbios_family_arm_m3_TaskSupport_swap__E)
                  0000ceec    00000004     --HOLE-- [fill = 0]
                  0000cef0    00000018                   : BIOS.obj (.text:ti_sysbios_gates_GateMutex_leave__E)
                  0000cf08    00000018     i2ctmp006_pem4f.oem4f (.text:ti_sysbios_knl_Clock_Module__startupDone__F)
                  0000cf20    00000018     i2ctmp006_pem4f.oem4f (.text:time)
                  0000cf38    00000018     ti.targets.arm.rtsarm.aem4f : Error.oem4f (.text:xdc_runtime_Error_check__E)
                  0000cf50    00000018                                 : System.oem4f (.text:xdc_runtime_System_exit__E)
                  0000cf68    00000018                                 : Text.oem4f (.text:xdc_runtime_Text_ropeText__E)
                  0000cf80    00000016     grlib.lib : string.obj (.text:GrStringDraw)
                  0000cf96    00000016     driverlib.lib : i2c.obj (.text:I2CMasterErr)
                  0000cfac    00000016     rtsv7M4_T_le_v4SPD16_eabi.lib : strchr.obj (.text)
                  0000cfc2    00000016     i2ctmp006_pem4f.oem4f (.text:ti_sysbios_BIOS_exitFunc__I)
                  0000cfd8    00000016     i2ctmp006.obj (.text:ti_sysbios_hal_Hwi_Params_init)
                  0000cfee    00000016     i2ctmp006.obj (.text:ti_sysbios_knl_Clock_Params_init)
                  0000d004    00000016     i2ctmp006.obj (.text:ti_sysbios_knl_Task_Params_init)
                  0000d01a    00000014     grlib.lib : canvas.obj (.text:CanvasMsgProc)
                  0000d02e    00000014     temperature.obj (.text:TemperatureInit)
                  0000d042    00000014     grlib.lib : widget.obj (.text:WidgetMutexGet)
                  0000d056    00000014     temperature.obj (.text:getStatus)
                  0000d06a    00000002     --HOLE-- [fill = 0]
                  0000d06c    00000014     rtsv7M4_T_le_v4SPD16_eabi.lib : _lock.obj (.text)
                  0000d080    00000014                                   : s_copysign.obj (.text)
                  0000d094    00000014                                   : strcpy.obj (.text)
                  0000d0a8    00000014                                   : strlen.obj (.text)
                  0000d0bc    00000014     i2ctmp006_pem4f.oem4f (.text:ti_sysbios_family_arm_m3_Hwi_Object__get__S)
                  0000d0d0    00000014     sysbios.aem4f : BIOS.obj (.text:ti_sysbios_family_arm_m3_Hwi_switchFromBootStack__E)
                  0000d0e4    00000014     i2ctmp006_pem4f.oem4f (.text:ti_sysbios_heaps_HeapMem_Object__get__S)
                  0000d0f8    00000014     i2ctmp006_pem4f.oem4f (.text:ti_sysbios_knl_Swi_Object__get__S)
                  0000d10c    00000012     driverlib.lib : adc.obj (.text:ADCHardwareOversampleConfigure)
                  0000d11e    00000012                   : gpio.obj (.text:GPIOPinTypeEthernetLED)
                  0000d130    00000012                   : gpio.obj (.text:GPIOPinTypeGPIOInput)
                  0000d142    00000012                   : gpio.obj (.text:GPIOPinTypeI2C)
                  0000d154    00000012                   : gpio.obj (.text:GPIOPinTypeI2CSCL)
                  0000d166    00000012                   : gpio.obj (.text:GPIOPinTypeLCD)
                  0000d178    00000012                   : gpio.obj (.text:GPIOPinTypeTimer)
                  0000d18a    00000012                   : timer.obj (.text:TimerLoadSet)
                  0000d19c    00000012                   : timer.obj (.text:TimerMatchSet)
                  0000d1ae    00000012                   : timer.obj (.text:TimerPrescaleSet)
                  0000d1c0    00000012     sysbios.aem4f : BIOS.obj (.text:ti_sysbios_hal_Hwi_Module_startup__E)
                  0000d1d2    00000012     i2ctmp006_pem4f.oem4f (.text:xdc_runtime_Startup_exec__I)
                  0000d1e4    00000010     i2ctmp006_pem4f.oem4f (.text:.bootCodeSection:ti_catalog_arm_cortexm4_tiva_ce_Boot_init__I)
                  0000d1f4    00000010     driverlib.lib : adc.obj (.text:ADCIntEnable)
                  0000d204    00000010     drivers_tivaware.aem4f : I2C.oem4f (.text:I2C_Params_init)
                  0000d214    00000010     driverlib.lib : interrupt.obj (.text:IntMasterEnable)
                  0000d224    00000004     --HOLE-- [fill = 0]
                  0000d228    00000010     sysbios.aem4f : BIOS.obj (.text:ti_sysbios_BIOS_getCpuFreq__E)
                  0000d238    00000010                   : BIOS.obj (.text:ti_sysbios_BIOS_setThreadType__E)
                  0000d248    00000010                   : BIOS.obj (.text:ti_sysbios_BIOS_start__E)
                  0000d258    00000010                   : m3_TaskSupport_asm.obj (.text:ti_sysbios_family_arm_m3_TaskSupport_glue)
                  0000d268    00000010                   : BIOS.obj (.text:ti_sysbios_gates_GateMutex_Instance_finalize__E)
                  0000d278    00000010     i2ctmp006_pem4f.oem4f (.text:ti_sysbios_hal_Hwi_HwiProxy_Object__create__S)
                  0000d288    00000010     sysbios.aem4f : BIOS.obj (.text:ti_sysbios_knl_Semaphore_Instance_finalize__E)
                  0000d298    00000010                   : BIOS.obj (.text:ti_sysbios_knl_Swi_disable__E)
                  0000d2a8    00000010     i2ctmp006_pem4f.oem4f (.text:ti_sysbios_knl_Task_Object__get__S)
                  0000d2b8    00000010     sysbios.aem4f : BIOS.obj (.text:ti_sysbios_knl_Task_disable__E)
                  0000d2c8    00000010     ti.targets.arm.rtsarm.aem4f : Gate.oem4f (.text:xdc_runtime_Gate_leaveSystem__E)
                  0000d2d8    00000010                                 : Memory.oem4f (.text:xdc_runtime_Memory_free__E)
                  0000d2e8    00000010                                 : SysMin.oem4f (.text:xdc_runtime_SysMin_ready__E)
                  0000d2f8    00000010                                 : System.oem4f (.text:xdc_runtime_System_vsnprintf__E)
                  0000d308    00000010     i2ctmp006_pem4f.oem4f (.text:xdc_runtime_Text_visitRope__I)
                  0000d318    0000000e     driverlib.lib : adc.obj (.text:ADCSequenceEnable)
                  0000d326    0000000e                   : gpio.obj (.text:GPIOIntDisable)
                  0000d334    0000000e                   : gpio.obj (.text:GPIOIntStatus)
                  0000d342    0000000e     grlib.lib : image.obj (.text:GrImageDraw)
                  0000d350    0000000e     motordriver_sensorboard.obj (.text:MotorRotate)
                  0000d35e    0000000e     driverlib.lib : timer.obj (.text:TimerEnable)
                  0000d36c    0000000e     rtsv7M4_T_le_v4SPD16_eabi.lib : copy_decompress_none.obj (.text:decompress:none)
                  0000d37a    00000006     driverlib.lib : gpio.obj (.text:GPIOPinRead)
                  0000d380    0000000e     sysbios.aem4f : BIOS.obj (.text:ti_sysbios_knl_Idle_loop__E)
                  0000d38e    00000002     --HOLE-- [fill = 0]
                  0000d390    0000000e                   : BIOS.obj (.text:ti_sysbios_knl_Queue_empty__E)
                  0000d39e    0000000c     driverlib.lib : cpu.obj (.text:CPUcpsie)
                  0000d3aa    0000000c                   : gpio.obj (.text:GPIOIntEnable)
                  0000d3b6    0000000c                   : lcd.obj (.text:LCDIDDCommandWrite)
                  0000d3c2    0000000c                   : lcd.obj (.text:LCDIDDDataWrite)
                  0000d3ce    0000000c     rtsv7M4_T_le_v4SPD16_eabi.lib : copy_zero_init.obj (.text:decompress:ZI)
                  0000d3da    00000006     driverlib.lib : gpio.obj (.text:GPIOPinWrite)
                  0000d3e0    0000000c     sysbios.aem4f : BIOS.obj (.text:ti_sysbios_family_arm_lm4_Timer_getMaxTicks__E)
                  0000d3ec    0000000c     i2ctmp006_pem4f.oem4f (.text:ti_sysbios_family_arm_m3_Hwi_Params__init__S)
                  0000d3f8    0000000c     sysbios.aem4f : BIOS.obj (.text:ti_sysbios_family_arm_m3_Hwi_disableFxn__E)
                  0000d404    00000004     --HOLE-- [fill = 0]
                  0000d408    0000000c                   : BIOS.obj (.text:ti_sysbios_family_arm_m3_TaskSupport_checkStack__E)
                  0000d414    00000004     --HOLE-- [fill = 0]
                  0000d418    0000000c                   : BIOS.obj (.text:ti_sysbios_family_arm_m3_TaskSupport_getStackAlignment__E)
                  0000d424    00000004     --HOLE-- [fill = 0]
                  0000d428    0000000c                   : BIOS.obj (.text:ti_sysbios_gates_GateHwi_enter__E)
                  0000d434    0000000c     i2ctmp006_pem4f.oem4f (.text:ti_sysbios_hal_Hwi_Params__init__S)
                  0000d440    0000000c     sysbios.aem4f : BIOS.obj (.text:ti_sysbios_hal_SecondsClock_get__E)
                  0000d44c    00000004     --HOLE-- [fill = 0]
                  0000d450    0000000c                   : BIOS.obj (.text:ti_sysbios_hal_SecondsClock_set__E)
                  0000d45c    0000000c     i2ctmp006_pem4f.oem4f (.text:ti_sysbios_knl_Clock_Params__init__S)
                  0000d468    0000000c     i2ctmp006.obj (.text:ti_sysbios_knl_Clock_handle)
                  0000d474    0000000c     i2ctmp006_pem4f.oem4f (.text:ti_sysbios_knl_Queue_Object__get__S)
                  0000d480    0000000c     i2ctmp006_pem4f.oem4f (.text:ti_sysbios_knl_Semaphore_Params__init__S)
                  0000d48c    0000000c     i2ctmp006_pem4f.oem4f (.text:ti_sysbios_knl_Task_Params__init__S)
                  0000d498    0000000c     ti.targets.arm.rtsarm.aem4f : Error.oem4f (.text:xdc_runtime_Error_init__E)
                  0000d4a4    0000000c                                 : Gate.oem4f (.text:xdc_runtime_Gate_enterSystem__E)
                  0000d4b0    0000000c                                 : Memory.oem4f (.text:xdc_runtime_Memory_calloc__E)
                  0000d4bc    0000000c                                 : Memory.oem4f (.text:xdc_runtime_Memory_getMaxDefaultTypeAlign__E)
                  0000d4c8    0000000a     driverlib.lib : adc.obj (.text:ADCIntClear)
                  0000d4d2    0000000a                   : i2c.obj (.text:I2CMasterDisable)
                  0000d4dc    0000000a                   : i2c.obj (.text:I2CMasterEnable)
                  0000d4e6    0000000a     drivers_tivaware.aem4f : I2CTiva.oem4f (.text:I2CTiva_init)
                  0000d4f0    0000000a                            : I2C.oem4f (.text:I2C_transfer)
                  0000d4fa    0000000a     kentec320x240x16_ssd2119.obj (.text:Kentec320x240x16_SSD2119Flush)
                  0000d504    0000000a     driverlib.lib : timer.obj (.text:TimerValueGet)
                  0000d50e    0000000a     interface_button.obj (.text:initInterfaceButton)
                  0000d518    0000000a     sysbios.aem4f : BIOS.obj (.text:ti_sysbios_hal_Hwi_Instance_finalize__E)
                  0000d522    0000000a     i2ctmp006_pem4f.oem4f (.text:xdc_runtime_IHeap_alloc)
                  0000d52c    0000000a     i2ctmp006_pem4f.oem4f (.text:xdc_runtime_IHeap_free)
                  0000d536    00000008     DK_TM4C129X.obj (.text:DK_TM4C129X_initGPIO)
                  0000d53e    00000008     grlib.lib : charmap.obj (.text:GrMapISO8859_1_Unicode)
                  0000d546    00000008     driverlib.lib : i2c.obj (.text:I2CMasterIntClear)
                  0000d54e    00000008                   : i2c.obj (.text:I2CMasterSlaveAddrSet)
                  0000d556    00000008     drivers_tivaware.aem4f : I2CTiva.oem4f (.text:I2CTiva_blockingCallback)
                  0000d55e    00000008     sysbios.aem4f : BIOS.obj (.text:ti_sysbios_family_arm_lm4_Timer_masterDisable__I)
                  0000d566    00000002     --HOLE-- [fill = 0]
                  0000d568    00000008                   : BIOS.obj (.text:ti_sysbios_family_arm_m3_Hwi_doSwiRestore__I)
                  0000d570    00000008                   : BIOS.obj (.text:ti_sysbios_family_arm_m3_Hwi_startup__E)
                  0000d578    00000006     grlib.lib : string.obj (.text:GrContextFontSet)
                  0000d57e    00000006     driverlib.lib : i2c.obj (.text:I2CMasterIntDisable)
                  0000d584    00000006                   : i2c.obj (.text:I2CMasterIntEnable)
                  0000d58a    00000006     drivers_tivaware.aem4f : I2CTiva.oem4f (.text:I2CTiva_control)
                  0000d590    00000006     driverlib.lib : sysctl.obj (.text:SysCtlDelay)
                  0000d596    00000006     grlib.lib : widget.obj (.text:WidgetMutexPut)
                  0000d59c    00000004     --HOLE-- [fill = 0]
                  0000d5a0    00000006     sysbios.aem4f : BIOS.obj (.text:ti_sysbios_family_arm_m3_Hwi_doTaskRestore__I)
                  0000d5a6    00000002     --HOLE-- [fill = 0]
                  0000d5a8    00000006                   : BIOS.obj (.text:ti_sysbios_family_arm_m3_Hwi_restoreFxn__E)
                  0000d5ae    00000002     --HOLE-- [fill = 0]
                  0000d5b0    00000006                   : BIOS.obj (.text:ti_sysbios_gates_GateHwi_leave__E)
                  0000d5b6    00000002     --HOLE-- [fill = 0]
                  0000d5b8    00000006                   : BIOS.obj (.text:ti_sysbios_heaps_HeapMem_isBlocking__E)
                  0000d5be    00000002     --HOLE-- [fill = 0]
                  0000d5c0    00000006                   : BIOS.obj (.text:ti_sysbios_knl_Queue_Instance_init__E)
                  0000d5c6    00000002     --HOLE-- [fill = 0]
                  0000d5c8    00000006                   : BIOS.obj (.text:ti_sysbios_knl_Swi_startup__E)
                  0000d5ce    00000006     ti.targets.arm.rtsarm.aem4f : System.oem4f (.text:xdc_runtime_System_Module_startup__E)
                  0000d5d4    00000004     --HOLE-- [fill = 0]
                  0000d5d8    00000004     sysbios.aem4f : BIOS.obj (.text:ti_sysbios_family_arm_lm4_Timer_getPeriod__E)
                  0000d5dc    00000004     --HOLE-- [fill = 0]
                  0000d5e0    00000004                   : BIOS.obj (.text:ti_sysbios_gates_GateHwi_query__E)
                  0000d5e4    00000004     --HOLE-- [fill = 0]
                  0000d5e8    00000004                   : BIOS.obj (.text:ti_sysbios_gates_GateMutex_query__E)
                  0000d5ec    00000004     --HOLE-- [fill = 0]
                  0000d5f0    00000004                   : BIOS.obj (.text:ti_sysbios_knl_Task_startup__E)
                  0000d5f4    00000004     --HOLE-- [fill = 0]
                  0000d5f8    00000002                   : BIOS.obj (.text:ti_sysbios_gates_GateHwi_Instance_init__E)
                  0000d5fa    00000006     --HOLE-- [fill = 0]
                  0000d600    00000002                   : BIOS.obj (.text:ti_sysbios_knl_Clock_logTick__E)

.const     0    0000d608    00006034     
                  0000d608    00001a46     frame.obj (.const:.string:g_pui8Top)
                  0000f04e    00001876     i2ctmp006_pem4f.oem4f (.const:xdc_runtime_Text_charTab__A)
                  000108c4    00000786     frame.obj (.const:.string:g_pui8Bottom)
                  0001104a    00000782     grlib.lib : fontcmss18b.obj (.const:.string:g_pui8Cmss18bData)
                  000117cc    00000546     frame.obj (.const:.string:g_pui8Left)
                  00011d12    00000546     frame.obj (.const:.string:g_pui8Right)
                  00012258    0000017c     frame.obj (.const:.string:g_pui8TopLeft)
                  000123d4    00000173     frame.obj (.const:.string:g_pui8TopRight)
                  00012547    00000001     i2ctmp006_pem4f.oem4f (.const:xdc_runtime_Error_policy__C)
                  00012548    00000120     Boot.aem4f : Boot_sysctl.oem4f (.const:g_pppui32XTALtoVCO)
                  00012668    00000120     driverlib.lib : sysctl.obj (.const:g_pppui32XTALtoVCO)
                  00012788    00000101     rtsv7M4_T_le_v4SPD16_eabi.lib : ctype.obj (.const:.string:_ctypes_)
                  00012889    000000d0     frame.obj (.const:.string:g_pui8BottomLeft)
                  00012959    00000001     --HOLE-- [fill = 0]
                  0001295a    00000002     i2ctmp006_pem4f.oem4f (.const:ti_catalog_arm_cortexm4_tiva_ce_Boot_Module__id__C)
                  0001295c    000000ce     i2ctmp006.obj (.const:.string)
                  00012a2a    00000002     i2ctmp006_pem4f.oem4f (.const:ti_sysbios_family_arm_m3_Hwi_Module__id__C)
                  00012a2c    000000c8     grlib.lib : fontcmss18b.obj (.const:g_sFontCmss18b)
                  00012af4    000000c4     frame.obj (.const:.string:g_pui8BottomRight)
                  00012bb8    000000c4     i2ctmp006_pem4f.oem4f (.const:xdc_runtime_Text_nodeTab__A)
                  00012c7c    00000090     driverlib.lib : gpio.obj (.const:g_pui32GPIOBaseAddrs)
                  00012d0c    0000006c     Boot.aem4f : Boot_sysctl.oem4f (.const:g_pui32Xtals)
                  00012d78    0000006c     driverlib.lib : sysctl.obj (.const:g_pui32Xtals)
                  00012de4    00000060     rtsv7M4_T_le_v4SPD16_eabi.lib : mktime.obj (.const:$O1$$)
                  00012e44    00000054     drivers_tivaware.aem4f : GPIOTiva.oem4f (.const:.string)
                  00012e98    0000004c     rtsv7M4_T_le_v4SPD16_eabi.lib : asctime.obj (.const:$O1$$)
                  00012ee4    0000004c                                   : asctime.obj (.const:.string)
                  00012f30    00000048     i2ctmp006_pem4f.oem4f (.const:.string)
                  00012f78    00000048     drivers_tivaware.aem4f : GPIOTiva.oem4f (.const:gpioBaseAddresses)
                  00012fc0    0000003c     DK_TM4C129X.obj (.const:I2C_config)
                  00012ffc    0000003c     i2ctmp006_pem4f.oem4f (.const:ti_sysbios_knl_Task_Object__PARAMS__C)
                  00013038    00000030     rtsv7M4_T_le_v4SPD16_eabi.lib : e_pow.obj (.const:$O1$$)
                  00013068    00000030     Boot.aem4f : Boot_sysctl.oem4f (.const:g_sXTALtoMEMTIM)
                  00013098    00000030     driverlib.lib : sysctl.obj (.const:g_sXTALtoMEMTIM)
                  000130c8    00000030     DK_TM4C129X.obj (.const:i2cTivaHWAttrs)
                  000130f8    00000030     i2ctmp006_pem4f.oem4f (.const:ti_sysbios_family_arm_m3_Hwi_Object__PARAMS__C)
                  00013128    0000002c     i2ctmp006_pem4f.oem4f (.const:ti_sysbios_hal_Hwi_Object__PARAMS__C)
                  00013154    00000028     kentec320x240x16_ssd2119.obj (.const:g_sKentec320x240x16_SSD2119)
                  0001317c    00000028     i2ctmp006_pem4f.oem4f (.const:ti_sysbios_heaps_HeapMem_Module__FXNS__C)
                  000131a4    00000024     i2ctmp006.obj (.const:$P$T0$1)
                  000131c8    00000024     i2ctmp006_pem4f.oem4f (.const:ti_sysbios_gates_GateHwi_Module__FXNS__C)
                  000131ec    00000024     i2ctmp006_pem4f.oem4f (.const:ti_sysbios_gates_GateMutex_Module__FXNS__C)
                  00013210    00000024     i2ctmp006_pem4f.oem4f (.const:ti_sysbios_heaps_HeapMem_Object__PARAMS__C)
                  00013234    00000024     i2ctmp006_pem4f.oem4f (.const:ti_sysbios_knl_Clock_Object__PARAMS__C)
                  00013258    00000024     i2ctmp006_pem4f.oem4f (.const:ti_sysbios_knl_Semaphore_Object__PARAMS__C)
                  0001327c    00000024     i2ctmp006_pem4f.oem4f (.const:xdc_runtime_Startup_sfxnTab__A)
                  000132a0    00000020     i2ctmp006_pem4f.oem4f (.const:ti_sysbios_family_arm_m3_Hwi_Object__DESC__C)
                  000132c0    00000020     i2ctmp006_pem4f.oem4f (.const:ti_sysbios_gates_GateHwi_Object__DESC__C)
                  000132e0    00000020     i2ctmp006_pem4f.oem4f (.const:ti_sysbios_gates_GateMutex_Object__DESC__C)
                  00013300    00000020     i2ctmp006_pem4f.oem4f (.const:ti_sysbios_hal_Hwi_Object__DESC__C)
                  00013320    00000020     i2ctmp006_pem4f.oem4f (.const:ti_sysbios_heaps_HeapMem_Object__DESC__C)
                  00013340    00000020     i2ctmp006_pem4f.oem4f (.const:ti_sysbios_knl_Clock_Object__DESC__C)
                  00013360    00000020     i2ctmp006_pem4f.oem4f (.const:ti_sysbios_knl_Queue_Object__DESC__C)
                  00013380    00000020     i2ctmp006_pem4f.oem4f (.const:ti_sysbios_knl_Semaphore_Object__DESC__C)
                  000133a0    00000020     i2ctmp006_pem4f.oem4f (.const:ti_sysbios_knl_Task_Object__DESC__C)
                  000133c0    0000001c     drivers_tivaware.aem4f : I2CTiva.oem4f (.const)
                  000133dc    00000018     i2ctmp006_pem4f.oem4f (.const:ti_sysbios_gates_GateHwi_Object__PARAMS__C)
                  000133f4    00000018     i2ctmp006_pem4f.oem4f (.const:ti_sysbios_gates_GateMutex_Object__PARAMS__C)
                  0001340c    00000018     i2ctmp006_pem4f.oem4f (.const:ti_sysbios_knl_Queue_Object__PARAMS__C)
                  00013424    00000014     DK_TM4C129X.obj (.const:GPIOTiva_config)
                  00013438    00000014     i2ctmp006_pem4f.oem4f (.const:xdc_runtime_Startup_firstFxns__A)
                  0001344c    00000012     motor.obj (.const:HALL)
                  0001345e    00000012     motor.obj (.const:PWM)
                  00013470    00000012     motor.obj (.const:RESET)
                  00013482    00000012     i2ctmp006_pem4f.oem4f (.const:xdc_runtime_Startup_sfxnRts__A)
                  00013494    00000010     drivers_tivaware.aem4f : I2C.oem4f (.const)
                  000134a4    00000010     grlib.lib : context.obj (.const)
                  000134b4    00000008     Boot.aem4f : Boot_sysctl.oem4f (.const)
                  000134bc    00000008     driverlib.lib : sysctl.obj (.const)
                  000134c4    00000008     i2ctmp006_pem4f.oem4f (.const:ti_sysbios_family_arm_m3_Hwi_excHookFuncs__A)
                  000134cc    00000008     i2ctmp006_pem4f.oem4f (.const:ti_sysbios_knl_Idle_funcList__C)
                  000134d4    00000008     i2ctmp006_pem4f.oem4f (.const:xdc_runtime_Startup_firstFxns__C)
                  000134dc    00000008     i2ctmp006_pem4f.oem4f (.const:xdc_runtime_Startup_lastFxns__C)
                  000134e4    00000004     i2ctmp006_pem4f.oem4f (.const:ti_catalog_arm_cortexm4_tiva_ce_Boot_A_mustNotUseEnhancedClockMode__C)
                  000134e8    00000004     i2ctmp006_pem4f.oem4f (.const:ti_catalog_arm_cortexm4_tiva_ce_Boot_Module__diagsEnabled__C)
                  000134ec    00000004     i2ctmp006_pem4f.oem4f (.const:ti_catalog_arm_cortexm4_tiva_ce_Boot_Module__diagsIncluded__C)
                  000134f0    00000004     i2ctmp006_pem4f.oem4f (.const:ti_catalog_arm_cortexm4_tiva_ce_Boot_Module__diagsMask__C)
                  000134f4    00000004     i2ctmp006_pem4f.oem4f (.const:ti_sysbios_family_arm_lm4_Timer_enableFunc__C)
                  000134f8    00000004     i2ctmp006_pem4f.oem4f (.const:ti_sysbios_family_arm_lm4_Timer_numTimerDevices__C)
                  000134fc    00000004     i2ctmp006_pem4f.oem4f (.const:ti_sysbios_family_arm_lm4_Timer_startupNeeded__C)
                  00013500    00000004     i2ctmp006_pem4f.oem4f (.const:ti_sysbios_family_arm_m3_Hwi_E_NMI__C)
                  00013504    00000004     i2ctmp006_pem4f.oem4f (.const:ti_sysbios_family_arm_m3_Hwi_E_alreadyDefined__C)
                  00013508    00000004     i2ctmp006_pem4f.oem4f (.const:ti_sysbios_family_arm_m3_Hwi_E_busFault__C)
                  0001350c    00000004     i2ctmp006_pem4f.oem4f (.const:ti_sysbios_family_arm_m3_Hwi_E_debugMon__C)
                  00013510    00000004     i2ctmp006_pem4f.oem4f (.const:ti_sysbios_family_arm_m3_Hwi_E_hardFault__C)
                  00013514    00000004     i2ctmp006_pem4f.oem4f (.const:ti_sysbios_family_arm_m3_Hwi_E_memFault__C)
                  00013518    00000004     i2ctmp006_pem4f.oem4f (.const:ti_sysbios_family_arm_m3_Hwi_E_noIsr__C)
                  0001351c    00000004     i2ctmp006_pem4f.oem4f (.const:ti_sysbios_family_arm_m3_Hwi_E_reserved__C)
                  00013520    00000004     i2ctmp006_pem4f.oem4f (.const:ti_sysbios_family_arm_m3_Hwi_E_svCall__C)
                  00013524    00000004     i2ctmp006_pem4f.oem4f (.const:ti_sysbios_family_arm_m3_Hwi_E_usageFault__C)
                  00013528    00000004     i2ctmp006_pem4f.oem4f (.const:ti_sysbios_family_arm_m3_Hwi_NUM_INTERRUPTS__C)
                  0001352c    00000004     i2ctmp006_pem4f.oem4f (.const:ti_sysbios_family_arm_m3_Hwi_Object__count__C)
                  00013530    00000004     i2ctmp006_pem4f.oem4f (.const:ti_sysbios_family_arm_m3_Hwi_ccr__C)
                  00013534    00000004     i2ctmp006_pem4f.oem4f (.const:ti_sysbios_family_arm_m3_Hwi_excHandlerFunc__C)
                  00013538    00000004     i2ctmp006_pem4f.oem4f (.const:ti_sysbios_family_arm_m3_Hwi_excHookFuncs__C)
                  0001353c    00000004     i2ctmp006_pem4f.oem4f (.const:ti_sysbios_family_arm_m3_Hwi_nullIsrFunc__C)
                  00013540    00000004     i2ctmp006_pem4f.oem4f (.const:ti_sysbios_family_arm_m3_Hwi_priGroup__C)
                  00013544    00000004     i2ctmp006_pem4f.oem4f (.const:ti_sysbios_family_arm_m3_TaskSupport_stackAlignment__C)
                  00013548    00000004     i2ctmp006_pem4f.oem4f (.const:ti_sysbios_gates_GateMutex_Instance_State_sem__O)
                  0001354c    00000004     i2ctmp006_pem4f.oem4f (.const:ti_sysbios_hal_Hwi_E_stackOverflow__C)
                  00013550    00000004     i2ctmp006_pem4f.oem4f (.const:ti_sysbios_hal_SecondsClock_Module_State_clock__O)
                  00013554    00000004     i2ctmp006_pem4f.oem4f (.const:ti_sysbios_heaps_HeapMem_E_memory__C)
                  00013558    00000004     i2ctmp006_pem4f.oem4f (.const:ti_sysbios_heaps_HeapMem_Module__gateObj__C)
                  0001355c    00000004     i2ctmp006_pem4f.oem4f (.const:ti_sysbios_heaps_HeapMem_Object__count__C)
                  00013560    00000004     i2ctmp006_pem4f.oem4f (.const:ti_sysbios_heaps_HeapMem_reqAlign__C)
                  00013564    00000004     i2ctmp006_pem4f.oem4f (.const:ti_sysbios_knl_Clock_Module_State_clockQ__O)
                  00013568    00000004     i2ctmp006_pem4f.oem4f (.const:ti_sysbios_knl_Clock_tickPeriod__C)
                  0001356c    00000004     i2ctmp006_pem4f.oem4f (.const:ti_sysbios_knl_Idle_funcList__A)
                  00013570    00000004     i2ctmp006_pem4f.oem4f (.const:ti_sysbios_knl_Semaphore_Instance_State_pendQ__O)
                  00013574    00000004     i2ctmp006_pem4f.oem4f (.const:ti_sysbios_knl_Swi_Object__count__C)
                  00013578    00000004     i2ctmp006_pem4f.oem4f (.const:ti_sysbios_knl_Task_E_spOutOfBounds__C)
                  0001357c    00000004     i2ctmp006_pem4f.oem4f (.const:ti_sysbios_knl_Task_E_stackOverflow__C)
                  00013580    00000004     i2ctmp006_pem4f.oem4f (.const:ti_sysbios_knl_Task_Module_State_inactiveQ__O)
                  00013584    00000004     i2ctmp006_pem4f.oem4f (.const:ti_sysbios_knl_Task_Object__count__C)
                  00013588    00000004     i2ctmp006_pem4f.oem4f (.const:ti_sysbios_knl_Task_allBlockedFunc__C)
                  0001358c    00000004     i2ctmp006_pem4f.oem4f (.const:ti_sysbios_knl_Task_defaultStackHeap__C)
                  00013590    00000004     i2ctmp006_pem4f.oem4f (.const:ti_sysbios_knl_Task_defaultStackSize__C)
                  00013594    00000004     i2ctmp006_pem4f.oem4f (.const:ti_sysbios_knl_Task_numConstructedTasks__C)
                  00013598    00000004     i2ctmp006_pem4f.oem4f (.const:xdc_runtime_Assert_E_assertFailed__C)
                  0001359c    00000004     i2ctmp006_pem4f.oem4f (.const:xdc_runtime_Core_A_initializedParams__C)
                  000135a0    00000004     i2ctmp006_pem4f.oem4f (.const:xdc_runtime_Core_Module__diagsEnabled__C)
                  000135a4    00000004     i2ctmp006_pem4f.oem4f (.const:xdc_runtime_Core_Module__diagsIncluded__C)
                  000135a8    00000004     i2ctmp006_pem4f.oem4f (.const:xdc_runtime_Core_Module__diagsMask__C)
                  000135ac    00000004     i2ctmp006_pem4f.oem4f (.const:xdc_runtime_Error_E_memory__C)
                  000135b0    00000004     i2ctmp006_pem4f.oem4f (.const:xdc_runtime_Error_Module__diagsEnabled__C)
                  000135b4    00000004     i2ctmp006_pem4f.oem4f (.const:xdc_runtime_Error_Module__diagsIncluded__C)
                  000135b8    00000004     i2ctmp006_pem4f.oem4f (.const:xdc_runtime_Error_Module__diagsMask__C)
                  000135bc    00000004     i2ctmp006_pem4f.oem4f (.const:xdc_runtime_Error_Module__loggerFxn8__C)
                  000135c0    00000004     i2ctmp006_pem4f.oem4f (.const:xdc_runtime_Error_Module__loggerObj__C)
                  000135c4    00000004     i2ctmp006_pem4f.oem4f (.const:xdc_runtime_Error_policyFxn__C)
                  000135c8    00000004     i2ctmp006_pem4f.oem4f (.const:xdc_runtime_Error_raiseHook__C)
                  000135cc    00000004     i2ctmp006_pem4f.oem4f (.const:xdc_runtime_IGateProvider_Interface__BASE__C)
                  000135d0    00000004     i2ctmp006_pem4f.oem4f (.const:xdc_runtime_IHeap_Interface__BASE__C)
                  000135d4    00000004     i2ctmp006_pem4f.oem4f (.const:xdc_runtime_IModule_Interface__BASE__C)
                  000135d8    00000004     i2ctmp006_pem4f.oem4f (.const:xdc_runtime_Log_L_error__C)
                  000135dc    00000004     i2ctmp006_pem4f.oem4f (.const:xdc_runtime_Memory_defaultHeapInstance__C)
                  000135e0    00000004     i2ctmp006_pem4f.oem4f (.const:xdc_runtime_Startup_execImpl__C)
                  000135e4    00000004     i2ctmp006_pem4f.oem4f (.const:xdc_runtime_Startup_maxPasses__C)
                  000135e8    00000004     i2ctmp006_pem4f.oem4f (.const:xdc_runtime_Startup_sfxnRts__C)
                  000135ec    00000004     i2ctmp006_pem4f.oem4f (.const:xdc_runtime_Startup_sfxnTab__C)
                  000135f0    00000004     i2ctmp006_pem4f.oem4f (.const:xdc_runtime_SysMin_bufSize__C)
                  000135f4    00000004     i2ctmp006_pem4f.oem4f (.const:xdc_runtime_SysMin_outputFunc__C)
                  000135f8    00000004     i2ctmp006_pem4f.oem4f (.const:xdc_runtime_System_Module__gateObj__C)
                  000135fc    00000004     i2ctmp006_pem4f.oem4f (.const:xdc_runtime_System_abortFxn__C)
                  00013600    00000004     i2ctmp006_pem4f.oem4f (.const:xdc_runtime_System_exitFxn__C)
                  00013604    00000004     i2ctmp006_pem4f.oem4f (.const:xdc_runtime_System_extendFxn__C)
                  00013608    00000004     i2ctmp006_pem4f.oem4f (.const:xdc_runtime_System_maxAtexitHandlers__C)
                  0001360c    00000004     i2ctmp006_pem4f.oem4f (.const:xdc_runtime_Text_charTab__C)
                  00013610    00000004     i2ctmp006_pem4f.oem4f (.const:xdc_runtime_Text_nameEmpty__C)
                  00013614    00000004     i2ctmp006_pem4f.oem4f (.const:xdc_runtime_Text_nameStatic__C)
                  00013618    00000004     i2ctmp006_pem4f.oem4f (.const:xdc_runtime_Text_nameUnknown__C)
                  0001361c    00000004     i2ctmp006_pem4f.oem4f (.const:xdc_runtime_Text_nodeTab__C)
                  00013620    00000004     i2ctmp006_pem4f.oem4f (.const:xdc_runtime_Text_visitRopeFxn__C)
                  00013624    00000002     i2ctmp006_pem4f.oem4f (.const:ti_sysbios_hal_Hwi_Module__id__C)
                  00013626    00000002     i2ctmp006_pem4f.oem4f (.const:ti_sysbios_heaps_HeapMem_Module__id__C)
                  00013628    00000002     i2ctmp006_pem4f.oem4f (.const:ti_sysbios_knl_Task_Module__id__C)
                  0001362a    00000002     i2ctmp006_pem4f.oem4f (.const:xdc_runtime_Core_Module__id__C)
                  0001362c    00000002     i2ctmp006_pem4f.oem4f (.const:xdc_runtime_Error_Module__loggerDefined__C)
                  0001362e    00000002     i2ctmp006_pem4f.oem4f (.const:xdc_runtime_Error_maxDepth__C)
                  00013630    00000002     i2ctmp006_pem4f.oem4f (.const:xdc_runtime_Memory_Module__id__C)
                  00013632    00000002     i2ctmp006_pem4f.oem4f (.const:xdc_runtime_SysMin_flushAtExit__C)
                  00013634    00000002     i2ctmp006_pem4f.oem4f (.const:xdc_runtime_Text_charCnt__C)
                  00013636    00000002     i2ctmp006_pem4f.oem4f (.const:xdc_runtime_Text_isLoaded__C)
                  00013638    00000002     i2ctmp006_pem4f.oem4f (.const:xdc_runtime_Text_registryModsLastId__C)
                  0001363a    00000002     i2ctmp006_pem4f.oem4f (.const:xdc_runtime_Text_unnamedModsLastId__C)

.cinit     0    00013640    00000390     
                  00013640    0000035c     (.cinit..data.load) [load image, compression = lzss]
                  0001399c    0000000c     (__TI_handler_table)
                  000139a8    00000008     (.cinit..bss.load) [load image, compression = zero_init]
                  000139b0    00000008     (.cinit..vecs.load) [load image, compression = zero_init]
                  000139b8    00000018     (__TI_cinit_table)

.init_array 
*          0    00000000    00000000     UNINITIALIZED

.resetVecs 
*          0    00000000    0000003c     
                  00000000    0000003c     i2ctmp006_pem4f.oem4f (.resetVecs)

.vecs      0    20000000    00000360     UNINITIALIZED
                  20000000    00000360     i2ctmp006_pem4f.oem4f (.vecs)

.bss       0    20000360    00002148     UNINITIALIZED
                  20000360    00000800     (.common:taskStack)
                  20000b60    00000800     (.common:ti_sysbios_heaps_HeapMem_Instance_State_0_buf__A)
                  20001360    00000400     (.common:xdc_runtime_SysMin_Module_State_0_outbuf__A)
                  20001760    00000360     (.common:ti_sysbios_family_arm_m3_Hwi_dispatchTable)
                  20001ac0    00000200     i2ctmp006_pem4f.oem4f (.bss:taskStackSection)
                  20001cc0    00000200     (.common:i2cTivaObjects)
                  20001ec0    00000140     grlib.lib : widget.obj (.bss:g_psMQ)
                  20002000    00000120     rtsv7M4_T_le_v4SPD16_eabi.lib : trgmsg.obj (.bss:_CIOBUF_)
                  20002120    000000d2     (.common:uiParams)
                  200021f2    00000090     drivers_tivaware.aem4f : GPIOTiva.oem4f (.bss:gpioCallbackInfo)
                  20002282    00000002     buttons.obj (.bss)
                  20002284    0000003c     temperature.obj (.bss)
                  200022c0    00000034     (.common:currentParams)
                  200022f4    0000002c     (.common:sContext)
                  20002320    00000024     (.common:clk0Struct)
                  20002344    00000020     user_interface.obj (.bss:t$1)
                  20002364    00000020     (.common:g_pui8Dictionary)
                  20002384    00000020     (.common:motorParams)
                  200023a4    00000020     (.common:tempParams)
                  200023c4    0000001c     temperature.obj (.bss:i2cTransaction)
                  200023e0    0000001c     rtsv7M4_T_le_v4SPD16_eabi.lib : asctime.obj (.bss:time_buf)
                  200023fc    00000010     temperature.obj (.bss:i2cParams)
                  2000240c    0000000c     rtsv7M4_T_le_v4SPD16_eabi.lib : _tvaltostr.obj (.bss:tstr_out)
                  20002418    00000008     (.common:Ea)
                  20002420    00000008     (.common:Eb)
                  20002428    00000008     (.common:Fa)
                  20002430    00000008     (.common:Fb)
                  20002438    00000008     (.common:Ga)
                  20002440    00000008     (.common:Gb)
                  20002448    00000008     (.common:Ha)
                  20002450    00000008     (.common:Hb)
                  20002458    00000008     (.common:Ka)
                  20002460    00000008     (.common:P_G)
                  20002468    00000008     (.common:P_O)
                  20002470    00000008     (.common:P_R)
                  20002478    00000008     (.common:P_T)
                  20002480    00000008     (.common:parmbuf)
                  20002488    00000004     temperature.obj (.bss:rxBuffer)
                  2000248c    00000004     temperature.obj (.bss:txBuffer)
                  20002490    00000004     (.common:clk0Handle)
                  20002494    00000004     (.common:g_psGrLibDefaults)
                  20002498    00000004     (.common:gpioInterruptVectors)
                  2000249c    00000004     (.common:hallInt0)
                  200024a0    00000004     (.common:hallInt1)
                  200024a4    00000004     (.common:uiTask)

.data      0    200024a8    00000dda     UNINITIALIZED
                  200024a8    00000080     i2ctmp006_pem4f.oem4f (.data:ti_sysbios_knl_Swi_Module_State_0_readyQ__A)
                  20002528    00000080     i2ctmp006_pem4f.oem4f (.data:ti_sysbios_knl_Task_Module_State_0_readyQ__A)
                  200025a8    00000050     i2ctmp006.obj (.data:g_sAddition1)
                  200025f8    00000050     i2ctmp006.obj (.data:g_sAddition2)
                  20002648    00000050     i2ctmp006.obj (.data:g_sAddition3)
                  20002698    00000050     i2ctmp006.obj (.data:g_sBack1)
                  200026e8    00000050     i2ctmp006.obj (.data:g_sBack2)
                  20002738    00000050     i2ctmp006.obj (.data:g_sBack3)
                  20002788    00000050     i2ctmp006.obj (.data:g_sBack4)
                  200027d8    00000050     i2ctmp006.obj (.data:g_sGraphCurrent)
                  20002828    00000050     i2ctmp006.obj (.data:g_sGraphSpeed)
                  20002878    00000050     i2ctmp006.obj (.data:g_sGraphTemp)
                  200028c8    00000050     i2ctmp006.obj (.data:g_sMenu)
                  20002918    00000050     i2ctmp006.obj (.data:g_sMotorStartStop)
                  20002968    00000050     i2ctmp006.obj (.data:g_sMotorState)
                  200029b8    00000050     i2ctmp006.obj (.data:g_sSave1)
                  20002a08    00000050     i2ctmp006.obj (.data:g_sSave2)
                  20002a58    00000050     i2ctmp006.obj (.data:g_sSave3)
                  20002aa8    00000050     i2ctmp006.obj (.data:g_sSetCurrent)
                  20002af8    00000050     i2ctmp006.obj (.data:g_sSetSpeed)
                  20002b48    00000050     i2ctmp006.obj (.data:g_sSetTemp)
                  20002b98    00000050     i2ctmp006.obj (.data:g_sSubtraction1)
                  20002be8    00000050     i2ctmp006.obj (.data:g_sSubtraction2)
                  20002c38    00000050     i2ctmp006.obj (.data:g_sSubtraction3)
                  20002c88    0000004c     i2ctmp006_pem4f.oem4f (.data:ti_sysbios_knl_Task_Object__table__V)
                  20002cd4    00000044     i2ctmp006_pem4f.oem4f (.data:ti_sysbios_knl_Task_Module__state__V)
                  20002d18    00000040     i2ctmp006.obj (.data:g_sBackground)
                  20002d58    00000040     i2ctmp006.obj (.data:g_sGraphPage1)
                  20002d98    00000040     i2ctmp006.obj (.data:g_sGraphPage2)
                  20002dd8    00000040     i2ctmp006.obj (.data:g_sGraphPage3)
                  20002e18    00000040     i2ctmp006.obj (.data:g_sMenuPage)
                  20002e58    00000040     i2ctmp006.obj (.data:g_sSettingPage1)
                  20002e98    00000040     i2ctmp006.obj (.data:g_sSettingPage2)
[...]
00013234  ti_sysbios_knl_Clock_Object__PARAMS__C                               
00013258  ti_sysbios_knl_Semaphore_Object__PARAMS__C                           
0001327c  xdc_runtime_Startup_sfxnTab__A                                       
000132a0  ti_sysbios_family_arm_m3_Hwi_Object__DESC__C                         
000132c0  ti_sysbios_gates_GateHwi_Object__DESC__C                             
000132e0  ti_sysbios_gates_GateMutex_Object__DESC__C                           
00013300  ti_sysbios_hal_Hwi_Object__DESC__C                                   
00013320  ti_sysbios_heaps_HeapMem_Object__DESC__C                             
00013340  ti_sysbios_knl_Clock_Object__DESC__C                                 
00013360  ti_sysbios_knl_Queue_Object__DESC__C                                 
00013380  ti_sysbios_knl_Semaphore_Object__DESC__C                             
000133a0  ti_sysbios_knl_Task_Object__DESC__C                                  
000133c0  I2CTiva_fxnTable                                                     
000133dc  ti_sysbios_gates_GateHwi_Object__PARAMS__C                           
000133f4  ti_sysbios_gates_GateMutex_Object__PARAMS__C                         
0001340c  ti_sysbios_knl_Queue_Object__PARAMS__C                               
00013424  GPIOTiva_config                                                      
00013438  xdc_runtime_Startup_firstFxns__A                                     
0001344c  HALL                                                                 
0001345e  PWM                                                                  
00013470  RESET                                                                
00013482  xdc_runtime_Startup_sfxnRts__A                                       
00013494  I2C_defaultParams                                                    
000134a4  g_psDefaultCodePointMapTable                                         
000134c4  ti_sysbios_family_arm_m3_Hwi_excHookFuncs__A                         
000134cc  ti_sysbios_knl_Idle_funcList__C                                      
000134d4  xdc_runtime_Startup_firstFxns__C                                     
000134dc  xdc_runtime_Startup_lastFxns__C                                      
000134e4  ti_catalog_arm_cortexm4_tiva_ce_Boot_A_mustNotUseEnhancedClockMode__C
000134e8  ti_catalog_arm_cortexm4_tiva_ce_Boot_Module__diagsEnabled__C         
000134ec  ti_catalog_arm_cortexm4_tiva_ce_Boot_Module__diagsIncluded__C        
000134f0  ti_catalog_arm_cortexm4_tiva_ce_Boot_Module__diagsMask__C            
000134f4  ti_sysbios_family_arm_lm4_Timer_enableFunc__C                        
000134f8  ti_sysbios_family_arm_lm4_Timer_numTimerDevices__C                   
000134fc  ti_sysbios_family_arm_lm4_Timer_startupNeeded__C                     
00013500  ti_sysbios_family_arm_m3_Hwi_E_NMI__C                                
00013504  ti_sysbios_family_arm_m3_Hwi_E_alreadyDefined__C                     
00013508  ti_sysbios_family_arm_m3_Hwi_E_busFault__C                           
0001350c  ti_sysbios_family_arm_m3_Hwi_E_debugMon__C                           
00013510  ti_sysbios_family_arm_m3_Hwi_E_hardFault__C                          
00013514  ti_sysbios_family_arm_m3_Hwi_E_memFault__C                           
00013518  ti_sysbios_family_arm_m3_Hwi_E_noIsr__C                              
0001351c  ti_sysbios_family_arm_m3_Hwi_E_reserved__C                           
00013520  ti_sysbios_family_arm_m3_Hwi_E_svCall__C                             
00013524  ti_sysbios_family_arm_m3_Hwi_E_usageFault__C                         
00013528  ti_sysbios_family_arm_m3_Hwi_NUM_INTERRUPTS__C                       
0001352c  ti_sysbios_family_arm_m3_Hwi_Object__count__C                        
00013530  ti_sysbios_family_arm_m3_Hwi_ccr__C                                  
00013534  ti_sysbios_family_arm_m3_Hwi_excHandlerFunc__C                       
00013538  ti_sysbios_family_arm_m3_Hwi_excHookFuncs__C                         
0001353c  ti_sysbios_family_arm_m3_Hwi_nullIsrFunc__C                          
00013540  ti_sysbios_family_arm_m3_Hwi_priGroup__C                             
00013544  ti_sysbios_family_arm_m3_TaskSupport_stackAlignment__C               
00013548  ti_sysbios_gates_GateMutex_Instance_State_sem__O                     
0001354c  ti_sysbios_hal_Hwi_E_stackOverflow__C                                
00013550  ti_sysbios_hal_SecondsClock_Module_State_clock__O                    
00013554  ti_sysbios_heaps_HeapMem_E_memory__C                                 
00013558  ti_sysbios_heaps_HeapMem_Module__gateObj__C                          
0001355c  ti_sysbios_heaps_HeapMem_Object__count__C                            
00013560  ti_sysbios_heaps_HeapMem_reqAlign__C                                 
00013564  ti_sysbios_knl_Clock_Module_State_clockQ__O                          
00013568  ti_sysbios_knl_Clock_tickPeriod__C                                   
0001356c  ti_sysbios_knl_Idle_funcList__A                                      
00013570  ti_sysbios_knl_Semaphore_Instance_State_pendQ__O                     
00013574  ti_sysbios_knl_Swi_Object__count__C                                  
00013578  ti_sysbios_knl_Task_E_spOutOfBounds__C                               
0001357c  ti_sysbios_knl_Task_E_stackOverflow__C                               
00013580  ti_sysbios_knl_Task_Module_State_inactiveQ__O                        
00013584  ti_sysbios_knl_Task_Object__count__C                                 
00013588  ti_sysbios_knl_Task_allBlockedFunc__C                                
0001358c  ti_sysbios_knl_Task_defaultStackHeap__C                              
00013590  ti_sysbios_knl_Task_defaultStackSize__C                              
00013594  ti_sysbios_knl_Task_numConstructedTasks__C                           
00013598  xdc_runtime_Assert_E_assertFailed__C                                 
0001359c  xdc_runtime_Core_A_initializedParams__C                              
000135a0  xdc_runtime_Core_Module__diagsEnabled__C                             
000135a4  xdc_runtime_Core_Module__diagsIncluded__C                            
000135a8  xdc_runtime_Core_Module__diagsMask__C                                
000135ac  xdc_runtime_Error_E_memory__C                                        
000135b0  xdc_runtime_Error_Module__diagsEnabled__C                            
000135b4  xdc_runtime_Error_Module__diagsIncluded__C                           
000135b8  xdc_runtime_Error_Module__diagsMask__C                               
000135bc  xdc_runtime_Error_Module__loggerFxn8__C                              
000135c0  xdc_runtime_Error_Module__loggerObj__C                               
000135c4  xdc_runtime_Error_policyFxn__C                                       
000135c8  xdc_runtime_Error_raiseHook__C                                       
000135cc  xdc_runtime_IGateProvider_Interface__BASE__C                         
000135d0  xdc_runtime_IHeap_Interface__BASE__C                                 
000135d4  xdc_runtime_IModule_Interface__BASE__C                               
000135d8  xdc_runtime_Log_L_error__C                                           
000135dc  xdc_runtime_Memory_defaultHeapInstance__C                            
000135e0  xdc_runtime_Startup_execImpl__C                                      
000135e4  xdc_runtime_Startup_maxPasses__C                                     
000135e8  xdc_runtime_Startup_sfxnRts__C                                       
000135ec  xdc_runtime_Startup_sfxnTab__C                                       
000135f0  xdc_runtime_SysMin_bufSize__C                                        
000135f4  xdc_runtime_SysMin_outputFunc__C                                     
000135f8  xdc_runtime_System_Module__gateObj__C                                
000135fc  xdc_runtime_System_abortFxn__C                                       
00013600  xdc_runtime_System_exitFxn__C                                        
00013604  xdc_runtime_System_extendFxn__C                                      
00013608  xdc_runtime_System_maxAtexitHandlers__C                              
0001360c  xdc_runtime_Text_charTab__C                                          
00013610  xdc_runtime_Text_nameEmpty__C                                        
00013614  xdc_runtime_Text_nameStatic__C                                       
00013618  xdc_runtime_Text_nameUnknown__C                                      
0001361c  xdc_runtime_Text_nodeTab__C                                          
00013620  xdc_runtime_Text_visitRopeFxn__C                                     
00013624  ti_sysbios_hal_Hwi_Module__id__C                                     
00013626  ti_sysbios_heaps_HeapMem_Module__id__C                               
00013628  ti_sysbios_knl_Task_Module__id__C                                    
0001362a  xdc_runtime_Core_Module__id__C                                       
0001362c  xdc_runtime_Error_Module__loggerDefined__C                           
0001362e  xdc_runtime_Error_maxDepth__C                                        
00013630  xdc_runtime_Memory_Module__id__C                                     
00013632  xdc_runtime_SysMin_flushAtExit__C                                    
00013634  xdc_runtime_Text_charCnt__C                                          
00013636  xdc_runtime_Text_isLoaded__C                                         
00013638  xdc_runtime_Text_registryModsLastId__C                               
0001363a  xdc_runtime_Text_unnamedModsLastId__C                                
00013640  __TI_static_base__                                                   
0001399c  __TI_Handler_Table_Base                                              
000139a8  __TI_Handler_Table_Limit                                             
000139b8  __TI_CINIT_Base                                                      
000139d0  __TI_CINIT_Limit                                                     
20000000  ti_sysbios_family_arm_m3_Hwi_ramVectors                              
20000360  taskStack                                                            
20000b60  ti_sysbios_heaps_HeapMem_Instance_State_0_buf__A                     
20001360  xdc_runtime_SysMin_Module_State_0_outbuf__A                          
20001760  ti_sysbios_family_arm_m3_Hwi_dispatchTable                           
20001ac0  ti_sysbios_knl_Task_Instance_State_0_stack__A                        
20001cc0  i2cTivaObjects                                                       
20002000  __CIOBUF_                                                            
20002120  uiParams                                                             
200022c0  currentParams                                                        
200022f4  sContext                                                             
20002320  clk0Struct                                                           
20002384  motorParams                                                          
200023a4  tempParams                                                           
20002418  Ea                                                                   
20002420  Eb                                                                   
20002428  Fa                                                                   
20002430  Fb                                                                   
20002438  Ga                                                                   
20002440  Gb                                                                   
20002448  Ha                                                                   
20002450  Hb                                                                   
20002458  Ka                                                                   
20002460  P_G                                                                  
20002468  P_O                                                                  
20002470  P_R                                                                  
20002478  P_T                                                                  
20002480  parmbuf                                                              
20002490  clk0Handle                                                           
2000249c  hallInt0                                                             
200024a0  hallInt1                                                             
200024a4  uiTask                                                               
200024a8  ti_sysbios_knl_Swi_Module_State_0_readyQ__A                          
20002528  ti_sysbios_knl_Task_Module_State_0_readyQ__A                         
200025a8  g_sAddition1                                                         
200025f8  g_sAddition2                                                         
20002648  g_sAddition3                                                         
20002698  g_sBack1                                                             
200026e8  g_sBack2                                                             
20002738  g_sBack3                                                             
20002788  g_sBack4                                                             
200027d8  g_sGraphCurrent                                                      
20002828  g_sGraphSpeed                                                        
20002878  g_sGraphTemp                                                         
200028c8  g_sMenu                                                              
20002918  g_sMotorStartStop                                                    
20002968  g_sMotorState                                                        
200029b8  g_sSave1                                                             
20002a08  g_sSave2                                                             
20002a58  g_sSave3                                                             
20002aa8  g_sSetCurrent                                                        
20002af8  g_sSetSpeed                                                          
20002b48  g_sSetTemp                                                           
20002b98  g_sSubtraction1                                                      
20002be8  g_sSubtraction2                                                      
20002c38  g_sSubtraction3                                                      
20002c88  ti_sysbios_knl_Task_Object__table__V                                 
20002cd4  ti_sysbios_knl_Task_Module__state__V                                 
20002d18  g_sBackground                                                        
20002d58  g_sGraphPage1                                                        
20002d98  g_sGraphPage2                                                        
20002dd8  g_sGraphPage3                                                        
20002e18  g_sMenuPage                                                          
20002e58  g_sSettingPage1                                                      
20002e98  g_sSettingPage2                                                      
20002ed8  g_sSettingPage3                                                      
20002f18  ti_sysbios_family_arm_lm4_Timer_Module_State_0_device__A             
20002f58  ti_sysbios_family_arm_lm4_Timer_Object__table__V                     
20002f98  ti_sysbios_hal_SecondsClock_Module__state__V                         
20002fd4  ti_sysbios_gates_GateMutex_Object__table__V                          
2000300c  ti_sysbios_family_arm_m3_Hwi_Module__state__V                        
20003040  ti_sysbios_knl_Swi_Object__table__V                                  
20003070  g_sRoot                                                              
200030a0  ti_sysbios_knl_Clock_Module__state__V                                
200030f0  ti_sysbios_BIOS_Module__state__V                                     
20003114  ti_sysbios_family_arm_lm4_Timer_Module_State_0_handles__A            
20003134  ti_sysbios_knl_Swi_Module__state__V                                  
20003150  gpioPinConfigs                                                       
20003168  ti_sysbios_family_arm_m3_Hwi_Object__table__V                        
20003180  ti_sysbios_heaps_HeapMem_Object__table__V                            
20003198  _tz                                                                  
200031a8  __TI_cleanup_ptr                                                     
200031ac  __TI_dtors_ptr                                                       
200031b0  __TI_enable_exit_profile_output                                      
200031b4  gpioCallbackFunctions                                                
200031c0  ti_sysbios_family_arm_lm4_Timer_Module__state__V                     
200031cc  xdc_runtime_SysMin_Module__state__V                                  
200031d8  _lock                                                                
200031dc  _unlock                                                              
200031e0  samples                                                              
200031e4  speed                                                                
200031e8  ti_sysbios_family_arm_m3_Hwi_Module__root__V                         
200031f0  ti_sysbios_gates_GateHwi_Module__root__V                             
200031f8  ti_sysbios_gates_GateMutex_Module__root__V                           
20003200  ti_sysbios_hal_Hwi_Module__root__V                                   
20003208  ti_sysbios_heaps_HeapMem_Module__root__V                             
20003210  ti_sysbios_knl_Clock_Module__root__V                                 
20003218  ti_sysbios_knl_Queue_Module__root__V                                 
20003220  ti_sysbios_knl_Semaphore_Module__root__V                             
20003228  ti_sysbios_knl_Task_Module__root__V                                  
20003230  xdc_runtime_Registry_Module__state__V                                
20003238  xdc_runtime_Startup_Module__state__V                                 
20003240  xdc_runtime_System_Module_State_0_atexitHandlers__A                  
20003248  xdc_runtime_System_Module__state__V                                  
2000325e  ti_sysbios_family_arm_m3_Hwi_Module_State_0_excActive__A             
20003264  errno                                                                
20003268  main_func_sp                                                         
2000326c  ti_sysbios_family_arm_m3_Hwi_Module_State_0_excContext__A            
20003270  ti_sysbios_family_arm_m3_Hwi_Module_State_0_excStack__A              
20003274  ti_sysbios_gates_GateHwi_Object__table__V                            
20003278  ti_sysbios_knl_Task_Module_State_0_idleTask__A                       
2000327c  xdc_runtime_Memory_Module__state__V                                  
20003280  xdc_runtime_Error_Module__state__V                                   
20003284  __stack                                                              
20003a84  __STACK_END                                                          
e000e000  ti_sysbios_family_arm_m3_Hwi_nvic                                    
ffffffff  __TI_pprof_out_hndl                                                  
ffffffff  __TI_prof_data_size                                                  
ffffffff  __TI_prof_data_start                                                 
ffffffff  __binit__                                                            
ffffffff  __c_args__                                                           
ffffffff  binit                                                                
UNDEFED   SHT$$INIT_ARRAY$$Base                                                
UNDEFED   SHT$$INIT_ARRAY$$Limit                                               

[794 symbols]
